10-17 20:33:52.184 I/dynamicloader_f(13285): 13285-13490|null|com.huawei.hms.dynamicloader.q.f|c|31|No metadata: presplits found.
10-17 20:33:52.185 I/dynamicloader_f(13285): 13285-13490|null|com.huawei.hms.dynamicloader.q.f|c|31|No metadata: presplits found.
10-17 20:34:22.778 I/GmsNetworkEngineImageFe(25454): fetchImage called
10-17 20:34:24.682 I/PlayCloudSearchServiceI(25454): (REDACTED) Prefetching assets with size %d...
10-17 20:34:24.987 I/PlayCloudSearchServiceI(25454): (REDACTED) Prefetching assets with size %d...
10-17 20:34:25.991 D/AppCompatDelegate(13702): Checking for metadata for AppLocalesMetadataHolderService : Service not found
10-17 20:34:26.539 I/ReactNativeJS(13702): Cache miss for key: radio_config, fetching...
10-17 20:34:26.539 I/ReactNativeJS(13702): Cache miss for key: app_config, fetching...
10-17 20:34:26.540 I/ReactNativeJS(13702): Cache miss for key: news_latest_v2, fetching...
10-17 20:34:26.540 I/ReactNativeJS(13702): Cache miss for key: polls_active, fetching...
10-17 20:34:26.540 I/ReactNativeJS(13702): Cache miss for key: cards_all, fetching...
10-17 20:34:27.990 E/ReactNativeJS(13702): 'Error Data:', '<!DOCTYPE html><html lang="tr" class="dark"><head><meta charSet="utf-8"/><meta name="viewport" content="width=device-width, initial-scale=1"/><link rel="stylesheet" href="/_next/static/css/fb12afe8399d6852.css" data-precedence="next"/><link rel="preload" as="script" fetchPriority="low" href="/_next/static/chunks/webpack-8ab0283ac946dec2.js"/><script src="/_next/static/chunks/4bd1b696-100b9d70ed4e49c1.js" async=""></script><script src="/_next/static/chunks/1255-5e80850ee659f6b0.js" async=""></script><script src="/_next/static/chunks/main-app-f3336e172256d2ab.js" async=""></script><script src="/_next/static/chunks/6199-0b30a4b91669d99c.js" async=""></script><script src="/_next/static/chunks/app/layout-d3f4afb7086dec77.js" async=""></script><script src="/_next/static/chunks/app/error-ac4d5fa9213479d2.js" async=""></script><script src="/_next/static/chunks/2619-04bc32f026a0d946.js" async=""></script><script src="/_next/static/chunks/app/not-found-5899ba5e41692c01.js" async=""></script><meta name="robots" content="noindex"/><title>Trend Ankara Radio</title><meta name="description" content="Türkiye&#x27;nin en iyi radyo istasyonu - 24/7 kesintisiz müzik yayını"/><link rel="icon" href="/favicon.ico" type="image/x-icon" sizes="16x16"/><script src="/_next/static/chunks/polyfills-42372ed130431b0a.js" noModule=""></script></head><body class="bg-dark-bg-primary text-dark-text-primary min-h-screen"><div hidden=""><!--$--><!--/$--></div><div class="min-h-screen bg-dark-bg-primary flex items-center justify-center p-4"><div class="text-center"><h1 class="text-9xl font-bold text-red-600">404</h1><h2 class="text-2xl font-semibold text-dark-text-primary mt-4">Sayfa Bulunamadı</h2><p class="text-dark-text-secondary mt-2">Aradığınız sayfa mevcut değil veya taşınmış olabilir.</p><div class="mt-6"><a class="inline-block px-5 py-2.5 bg-blue-600 text-white no-underline rounded-md text-sm font-medium transition-colors hover:bg-blue-700" href="/">Ana Sayfaya Dön</a></div></div></div><!--$--><!--/$--><script src="/_next/static/chunks/webpack-8ab0283ac946dec2.js" id="_R_" async=""></script><script>(self.__next_f=self.__next_f||[]).push([0])</script><script>self.__next_f.push([1,"1:\\"$Sreact.fragment\\"\\n2:I[43691,[\\"6199\\",\\"static/chunks/6199-0b30a4b91669d99c.js\\",\\"7177\\",\\"static/chunks/app/layout-d3f4afb7086dec77.js\\"],\\"AuthProvider\\"]\\n3:I[9766,[],\\"\\"]\\n4:I[50960,[\\"8039\\",\\"static/chunks/app/error-ac4d5fa9213479d2.js\\"],\\"default\\"]\\n5:I[98924,[],\\"\\"]\\n6:I[52619,[\\"2619\\",\\"static/chunks/2619-04bc32f026a0d946.js\\",\\"4345\\",\\"static/chunks/app/not-found-5899ba5e41692c01.js\\"],\\"\\"]\\n7:I[24431,[],\\"OutletBoundary\\"]\\n9:I[15278,[],\\"AsyncMetadataOutlet\\"]\\nb:I[24431,[],\\"ViewportBoundary\\"]\\nd:I[24431,[],\\"MetadataBoundary\\"]\\ne:\\"$Sreact.suspense\\"\\n10:I[57150,[],\\"\\"]\\n11:I[80622,[],\\"IconMark\\"]\\n:HL[\\"/_next/static/css/fb12afe8399d6852.css\\",\\"style\\"]\\n"])</script><script>self.__next_f.push([1,"0:{\\"P\\":null,\\"b\\":\\"XKX3VL8ZyPVN1_PjCFOtk\\",\\"p\\":\\"\\",\\"c\\":[\\"\\",\\"api\\",\\"mobile\\",\\"v1\\",\\"mobile\\",\\"settings?_t=1760722466537\\"],\\"i\\":false,\\"f\\":[[[\\"\\",{\\"children\\":[\\"/_not-found\\",{\\"children\\":[\\"__PAGE__?{\\\\\\"_t\\\\\\":\\\\\\"1760722466537\\\\\\"}\\",{}]}]},\\"$undefined\\",\\"$undefined\\",true],[\\"\\",[\\"$\\",\\"$1\\",\\"c\\",{\\"children\\":[[[\\"$\\",\\"link\\",\\"0\\",{\\"rel\\":\\"stylesheet\\",\\"href\\":\\"/_next/static/css/fb12afe8399d6852.css\\",\\"precedence\\":\\"next\\",\\"crossOrigin\\":\\"$undefined\\",\\"nonce\\":\\"$undefined\\"}]],[\\"$\\",\\"html\\",null,{\\"lang\\":\\"tr\\",\\"className\\":\\"dark\\",\\"children\\":[\\"$\\",\\"body\\",null,{\\"suppressHydrationWarning\\":true,\\"className\\":\\"bg-dark-bg-primary text-dark-text-primary min-h-screen\\",\\"children\\":[\\"$\\",\\"$L2\\",null,{\\"children\\":[\\"$\\",\\"$L3\\",null,{\\"parallelRouterKey\\":\\"children\\",\\"error\\":\\"$4\\",\\"errorStyles\\":[],\\"errorScripts\\":[],\\"te
10-17 20:34:27.993 E/ReactNativeJS(13702): 'Error fetching settings:', { success: false,
10-17 20:34:27.995 I/ReactNativeJS(13702): App config fetched from API
10-17 20:34:27.996 E/unknown:ReactNative(13702): console.error: Error Data: <!DOCTYPE html><html lang="tr" class="dark"><head><meta charSet="utf-8"/><meta name="viewport" content="width=device-width, initial-scale=1"/><link rel="stylesheet" href="/_next/static/css/fb12afe8399d6852.css" data-precedence="next"/><link rel="preload" as="script" fetchPriority="low" href="/_next/static/chunks/webpack-8ab0283ac946dec2.js"/><script src="/_next/static/chunks/4bd1b696-100b9d70ed4e49c1.js" async=""></script><script src="/_next/static/chunks/1255-5e80850ee659f6b0.js" async=""></script><script src="/_next/static/chunks/main-app-f3336e172256d2ab.js" async=""></script><script src="/_next/static/chunks/6199-0b30a4b91669d99c.js" async=""></script><script src="/_next/static/chunks/app/layout-d3f4afb7086dec77.js" async=""></script><script src="/_next/static/chunks/app/error-ac4d5fa9213479d2.js" async=""></script><script src="/_next/static/chunks/2619-04bc32f026a0d946.js" async=""></script><script src="/_next/static/chunks/app/not-found-5899ba5e41692c01.js" async=""></script><meta name="robots" content="noindex"/><title>Trend Ankara Radio</title><meta name="description" content="Türkiye&#x27;nin en iyi radyo istasyonu - 24/7 kesintisiz müzik yayını"/><link rel="icon" href="/favicon.ico" type="image/x-icon" sizes="16x16"/><script src="/_next/static/chunks/polyfills-42372ed130431b0a.js" noModule=""></script></head><body class="bg-dark-bg-primary text-dark-text-primary min-h-screen"><div hidden=""><!--$--><!--/$--></div><div class="min-h-screen bg-dark-bg-primary flex items-center justify-center p-4"><div class="text-center"><h1 class="text-9xl font-bold text-red-600">404</h1><h2 class="text-2xl font-semibold text-dark-text-primary mt-4">Sayfa Bulunamadı</h2><p class="text-dark-text-secondary mt-2">Aradığınız sayfa mevcut değil veya taşınmış olabilir.</p><div class="mt-6"><a class="inline-block px-5 py-2.5 bg-blue-600 text-white no-underline rounded-md text-sm font-medium transition-colors hover:bg-blue-700" href="/">Ana Sayfaya Dön</a></div></div></div><!--$--><!--/$--><script src="/_next/static/chunks/webpack-8ab0283ac946dec2.js" id="_R_" async=""></script><script>(self.__next_f=self.__next_f||[]).push([0])</script><script>self.__next_f.push([1,"1:\"$Sreact.fragment\"\n2:I[43691,[\"6199\",\"static/chunks/6199-0b30a4b91669d99c.js\",\"7177\",\"static/chunks/app/layout-d3f4afb7086dec77.js\"],\"AuthProvider\"]\n3:I[9766,[],\"\"]\n4:I[50960,[\"8039\",\"static/chunks/app/error-ac4d5fa9213479d2.js\"],\"default\"]\n5:I[98924,[],\"\"]\n6:I[52619,[\"2619\",\"static/chunks/2619-04bc32f026a0d946.js\",\"4345\",\"static/chunks/app/not-found-5899ba5e41692c01.js\"],\"\"]\n7:I[24431,[],\"OutletBoundary\"]\n9:I[15278,[],\"AsyncMetadataOutlet\"]\nb:I[24431,[],\"ViewportBoundary\"]\nd:I[24431,[],\"MetadataBoundary\"]\ne:\"$Sreact.suspense\"\n10:I[57150,[],\"\"]\n11:I[80622,[],\"IconMark\"]\n:HL[\"/_next/static/css/fb12afe8399d6852.css\",\"style\"]\n"])</script><script>self.__next_f.push([1,"0:{\"P\":null,\"b\":\"XKX3VL8ZyPVN1_PjCFOtk\",\"p\":\"\",\"c\":[\"\",\"api\",\"mobile\",\"v1\",\"mobile\",\"settings?_t=1760722466537\"],\"i\":false,\"f\":[[[\"\",{\"children\":[\"/_not-found\",{\"children\":[\"__PAGE__?{\\\"_t\\\":\\\"1760722466537\\\"}\",{}]}]},\"$undefined\",\"$undefined\",true],[\"\",[\"$\",\"$1\",\"c\",{\"children\":[[[\"$\",\"link\",\"0\",{\"rel\":\"stylesheet\",\"href\":\"/_next/static/css/fb12afe8399d6852.css\",\"precedence\":\"next\",\"crossOrigin\":\"$undefined\",\"nonce\":\"$undefined\"}]],[\"$\",\"html\",null,{\"lang\":\"tr\",\"className\":\"dark\",\"children\":[\"$\",\"body\",null,{\"suppressHydrationWarning\":true,\"className\":\"bg-dark-bg-primary text-dark-text-primary min-h-screen\",\"children\":[\"$\",\"$L2\",null,{\"children\":[\"$\",\"$L3\",null,{\"parallelRouterKey\":\"children\",\"error\":\"$4\",\"errorStyles\":[],\"errorScripts\":[],\"template\":[\"$\",\"$L5\",null,{}],\"templateStyles\":\"$undefined\",\"templateScripts\":\"$undefined\",\"notFound\":[[\"$\",\"div\",null,{\"className\":\"m
10-17 20:34:27.996 E/unknown:ReactNative(13702): console.error: Error fetching settings: {"success":false,"error":"The requested resource was not found."}, stack:
10-17 20:34:28.165 I/ReactNativeJS(13702): 'Radio config fetched from API:', { stream_url: 'https://radyo.yayin.com.tr:5132/stream',
10-17 20:34:28.165 I/ReactNativeJS(13702):   metadata_url: 'https://radyo.yayin.com.tr:5132/',
10-17 20:34:28.166 I/ReactNativeJS(13702): 'Radio config fetched from API:', { stream_url: 'https://radyo.yayin.com.tr:5132/stream',
10-17 20:34:28.166 I/ReactNativeJS(13702):   metadata_url: 'https://radyo.yayin.com.tr:5132/',
10-17 20:34:28.173 I/ReactNativeJS(13702):   metadata_url: 'https://radyo.yayin.com.tr:5132/',
10-17 20:34:28.228 I/ReactNativeJS(13702): 'Radio config fetched from API:', { stream_url: 'https://radyo.yayin.com.tr:5132/stream',
10-17 20:34:28.228 I/ReactNativeJS(13702):   metadata_url: 'https://radyo.yayin.com.tr:5132/',
10-17 20:34:28.230 I/ReactNativeJS(13702):   metadata_url: 'https://radyo.yayin.com.tr:5132/',
10-17 20:34:28.239 I/ReactNativeJS(13702): '[useNowPlaying] Starting with URL:', 'https://radyo.yayin.com.tr:5132/currentsong'
10-17 20:34:28.239 I/ReactNativeJS(13702): '[useNowPlaying] Fetching metadata from:', 'https://radyo.yayin.com.tr:5132/currentsong'
10-17 20:34:28.239 I/ReactNativeJS(13702): '[RadioPlayerControls] metadataUrl:', 'https://radyo.yayin.com.tr:5132/currentsong'
10-17 20:34:28.239 I/ReactNativeJS(13702): '[RadioPlayerControls] nowPlaying updated:', null
10-17 20:34:28.316 W/ReactNativeJS(13702): No task registered for key TrackPlayer
10-17 20:34:28.345 I/ReactNativeJS(13702): [TrackPlayerService] Initialized successfully
10-17 20:34:28.345 I/ReactNativeJS(13702): [RadioPlayerControls] TrackPlayerService initialized with background playback
10-17 20:34:28.574 I/ReactNativeJS(13702): '[useNowPlaying] Response status:', 200
10-17 20:34:28.576 I/ReactNativeJS(13702): '[useNowPlaying] Received text:', 'UNUTULANLAR - FARAZI'
10-17 20:34:28.576 I/ReactNativeJS(13702): [useNowPlaying] Not JSON, parsing as plain text
10-17 20:34:28.576 I/ReactNativeJS(13702): '[useNowPlaying] Setting now playing (plain text):', { song: 'UNUTULANLAR',
10-17 20:34:28.588 I/ReactNativeJS(13702): '[RadioPlayerControls] metadataUrl:', 'https://radyo.yayin.com.tr:5132/currentsong'
10-17 20:34:28.589 I/ReactNativeJS(13702): '[RadioPlayerControls] nowPlaying updated:', { song: 'UNUTULANLAR',
10-17 20:34:28.722 D/AidlBufferPool( 1237): bufferpool2 0xb4000072c8250758 : 0(0 size) total buffers - 0(0 size) used buffers - 0/0 (recycle/alloc) - 0/0 (fetch/transfer)
10-17 20:34:28.722 D/AidlBufferPool( 1237): bufferpool2 0xb4000072c824d918 : 4(16384 size) total buffers - 4(16384 size) used buffers - 595/631 (recycle/alloc) - 84/631 (fetch/transfer)
10-17 20:34:28.722 D/AidlBufferPool( 1237): bufferpool2 0xb4000072c8244c08 : 0(0 size) total buffers - 0(0 size) used buffers - 0/0 (recycle/alloc) - 0/0 (fetch/transfer)
10-17 20:34:28.722 D/AidlBufferPool( 1237): bufferpool2 0xb4000072c82553a8 : 3(12288 size) total buffers - 3(12288 size) used buffers - 47/54 (recycle/alloc) - 15/54 (fetch/transfer)
10-17 20:34:28.722 D/AidlBufferPool( 1237): bufferpool2 0xb4000072c82512e8 : 0(0 size) total buffers - 0(0 size) used buffers - 0/0 (recycle/alloc) - 0/0 (fetch/transfer)
10-17 20:34:28.722 D/AidlBufferPool( 1237): bufferpool2 0xb4000072c824cd88 : 4(16384 size) total buffers - 4(16384 size) used buffers - 100/108 (recycle/alloc) - 18/108 (fetch/transfer)
10-17 20:34:31.178 I/ReactNativeJS(13702): '[TrackPlayerService] Loading stream:', 'https://radyo.yayin.com.tr:5132/stream'
10-17 20:34:31.191 I/ReactNativeJS(13702): '[RadioPlayerControls] metadataUrl:', 'https://radyo.yayin.com.tr:5132/currentsong'
10-17 20:34:31.192 I/ReactNativeJS(13702): '[RadioPlayerControls] nowPlaying updated:', { song: 'UNUTULANLAR',
10-17 20:34:31.192 I/ReactNativeJS(13702): '[TrackPlayerService] Using artwork:', 'bundled image'
10-17 20:34:31.193 I/ReactNativeJS(13702): [TrackPlayerService] No active track to update
10-17 20:34:31.505 I/ReactNativeJS(13702): [TrackPlayerService] Stream loaded successfully
10-17 20:34:31.520 I/ReactNativeJS(13702): [TrackPlayerService] Playback started
10-17 20:34:31.632 I/ReactNativeJS(13702): '[TrackPlayerService] Polled state:', 'buffering'
10-17 20:34:31.934 I/ReactNativeJS(13702): '[TrackPlayerService] Polled state:', 'buffering'
10-17 20:34:32.140 I/ReactNativeJS(13702): '[TrackPlayerService] Polled state:', 'buffering'
10-17 20:34:32.348 I/ReactNativeJS(13702): '[TrackPlayerService] Polled state:', 'playing'
10-17 20:34:32.365 I/ReactNativeJS(13702): '[RadioPlayerControls] metadataUrl:', 'https://radyo.yayin.com.tr:5132/currentsong'
10-17 20:34:32.365 I/ReactNativeJS(13702): '[RadioPlayerControls] nowPlaying updated:', { song: 'UNUTULANLAR',
10-17 20:34:32.374 I/ReactNativeJS(13702): '[TrackPlayerService] Updating metadata:', { title: 'UNUTULANLAR',
10-17 20:34:32.383 I/ReactNativeJS(13702): [TrackPlayerService] Metadata updated successfully
10-17 20:34:33.248 I/ReactNativeJS(13702): '[useNowPlaying] Fetching metadata from:', 'https://radyo.yayin.com.tr:5132/currentsong'
10-17 20:34:33.599 I/ReactNativeJS(13702): '[useNowPlaying] Response status:', 200
10-17 20:34:33.601 I/ReactNativeJS(13702): '[useNowPlaying] Received text:', 'UNUTULANLAR - FARAZI'
10-17 20:34:33.601 I/ReactNativeJS(13702): [useNowPlaying] Not JSON, parsing as plain text
10-17 20:34:33.601 I/ReactNativeJS(13702): '[useNowPlaying] Setting now playing (plain text):', { song: 'UNUTULANLAR',
10-17 20:34:33.613 I/ReactNativeJS(13702): '[RadioPlayerControls] metadataUrl:', 'https://radyo.yayin.com.tr:5132/currentsong'
10-17 20:34:33.614 I/ReactNativeJS(13702): '[RadioPlayerControls] nowPlaying updated:', { song: 'UNUTULANLAR',
10-17 20:34:33.614 I/ReactNativeJS(13702): [TrackPlayerService] Metadata unchanged, skipping update
10-17 20:34:33.723 D/AidlBufferPool( 1237): bufferpool2 0xb4000072c82545c8 : 0(0 size) total buffers - 0(0 size) used buffers - 0/0 (recycle/alloc) - 0/0 (fetch/transfer)
10-17 20:34:33.794 D/AidlBufferPool(13702): bufferpool2 0xb40000796ef99548 : 5(40960 size) total buffers - 2(16384 size) used buffers - 21/27 (recycle/alloc) - 12/26 (fetch/transfer)
10-17 20:34:33.796 D/AidlBufferPool( 1237): bufferpool2 0xb4000072c82493b8 : 3(12288 size) total buffers - 3(12288 size) used buffers - 17/22 (recycle/alloc) - 5/21 (fetch/transfer)
10-17 20:34:36.909 D/AidlBufferPool(13702): bufferpool2 0xb40000796efcbc58 : 5(40960 size) total buffers - 1(8192 size) used buffers - 217/222 (recycle/alloc) - 5/221 (fetch/transfer)
10-17 20:34:36.921 D/AidlBufferPool( 1237): bufferpool2 0xb4000072c8250508 : 5(20480 size) total buffers - 1(4096 size) used buffers - 213/218 (recycle/alloc) - 5/217 (fetch/transfer)
10-17 20:34:37.724 D/AidlBufferPool( 1237): bufferpool2 0xb4000072c824fe18 : 0(0 size) total buffers - 0(0 size) used buffers - 0/0 (recycle/alloc) - 0/0 (fetch/transfer)
10-17 20:34:38.257 I/ReactNativeJS(13702): '[useNowPlaying] Fetching metadata from:', 'https://radyo.yayin.com.tr:5132/currentsong'
10-17 20:34:38.633 I/ReactNativeJS(13702): '[useNowPlaying] Response status:', 200
10-17 20:34:38.635 I/ReactNativeJS(13702): '[useNowPlaying] Received text:', 'UNUTULANLAR - FARAZI'
10-17 20:34:38.635 I/ReactNativeJS(13702): [useNowPlaying] Not JSON, parsing as plain text
10-17 20:34:38.641 I/ReactNativeJS(13702): '[useNowPlaying] Setting now playing (plain text):', { song: 'UNUTULANLAR',
10-17 20:34:38.665 I/ReactNativeJS(13702): '[RadioPlayerControls] metadataUrl:', 'https://radyo.yayin.com.tr:5132/currentsong'
10-17 20:34:38.666 I/ReactNativeJS(13702): '[RadioPlayerControls] nowPlaying updated:', { song: 'UNUTULANLAR',
10-17 20:34:38.666 I/ReactNativeJS(13702): [TrackPlayerService] Metadata unchanged, skipping update
10-17 20:34:39.724 D/AidlBufferPool( 1237): bufferpool2 0xb4000072c82493b8 : 4(16384 size) total buffers - 4(16384 size) used buffers - 17/23 (recycle/alloc) - 7/23 (fetch/transfer)
10-17 20:34:42.208 I/keystore2(  599): system/security/keystore2/watchdog/src/lib.rs:224 - Watchdog complete for: ThreadId(8403) KeystoreDB::handle_next_superseded_blob load_metadata Started: 10-17 17:34:41.129 UTC Pending: 1.079067017s Overdue 579.068726ms
10-17 20:34:42.453 D/AidlBufferPool(13702): bufferpool2 0xb40000796efcbc58 : 5(40960 size) total buffers - 1(8192 size) used buffers - 456/461 (recycle/alloc) - 5/460 (fetch/transfer)
10-17 20:34:42.470 D/AidlBufferPool( 1237): bufferpool2 0xb4000072c8250508 : 5(20480 size) total buffers - 1(4096 size) used buffers - 452/457 (recycle/alloc) - 5/456 (fetch/transfer)
10-17 20:34:43.263 I/ReactNativeJS(13702): '[useNowPlaying] Fetching metadata from:', 'https://radyo.yayin.com.tr:5132/currentsong'
10-17 20:34:43.684 I/ReactNativeJS(13702): '[useNowPlaying] Response status:', 200
10-17 20:34:43.687 I/ReactNativeJS(13702): '[useNowPlaying] Received text:', 'UNUTULANLAR - FARAZI'
10-17 20:34:43.687 I/ReactNativeJS(13702): [useNowPlaying] Not JSON, parsing as plain text
10-17 20:34:43.687 I/ReactNativeJS(13702): '[useNowPlaying] Setting now playing (plain text):', { song: 'UNUTULANLAR',
10-17 20:34:43.733 I/ReactNativeJS(13702): '[RadioPlayerControls] metadataUrl:', 'https://radyo.yayin.com.tr:5132/currentsong'
10-17 20:34:43.735 I/ReactNativeJS(13702): '[RadioPlayerControls] nowPlaying updated:', { song: 'UNUTULANLAR',
10-17 20:34:43.735 I/ReactNativeJS(13702): [TrackPlayerService] Metadata unchanged, skipping update
10-17 20:34:47.835 D/AidlBufferPool(13702): bufferpool2 0xb40000796efcbc58 : 5(40960 size) total buffers - 1(8192 size) used buffers - 688/693 (recycle/alloc) - 5/692 (fetch/transfer)
10-17 20:34:47.963 D/AidlBufferPool( 1237): bufferpool2 0xb4000072c8250508 : 6(24576 size) total buffers - 1(4096 size) used buffers - 688/694 (recycle/alloc) - 7/693 (fetch/transfer)
10-17 20:34:48.262 I/ReactNativeJS(13702): '[useNowPlaying] Fetching metadata from:', 'https://radyo.yayin.com.tr:5132/currentsong'
10-17 20:34:48.695 I/ReactNativeJS(13702): '[useNowPlaying] Response status:', 200
10-17 20:34:48.697 I/ReactNativeJS(13702): '[useNowPlaying] Received text:', 'UNUTULANLAR - FARAZI'
10-17 20:34:48.697 I/ReactNativeJS(13702): [useNowPlaying] Not JSON, parsing as plain text
10-17 20:34:48.698 I/ReactNativeJS(13702): '[useNowPlaying] Setting now playing (plain text):', { song: 'UNUTULANLAR',
10-17 20:34:48.751 I/ReactNativeJS(13702): '[RadioPlayerControls] metadataUrl:', 'https://radyo.yayin.com.tr:5132/currentsong'
10-17 20:34:48.752 I/ReactNativeJS(13702): '[RadioPlayerControls] nowPlaying updated:', { song: 'UNUTULANLAR',
10-17 20:34:48.752 I/ReactNativeJS(13702): [TrackPlayerService] Metadata unchanged, skipping update
10-17 20:34:53.266 I/ReactNativeJS(13702): '[useNowPlaying] Fetching metadata from:', 'https://radyo.yayin.com.tr:5132/currentsong'
10-17 20:34:53.289 D/AidlBufferPool(13702): bufferpool2 0xb40000796efcbc58 : 5(40960 size) total buffers - 1(8192 size) used buffers - 923/928 (recycle/alloc) - 5/927 (fetch/transfer)
10-17 20:34:53.428 D/AidlBufferPool( 1237): bufferpool2 0xb4000072c8250508 : 6(24576 size) total buffers - 1(4096 size) used buffers - 923/929 (recycle/alloc) - 7/928 (fetch/transfer)
10-17 20:34:53.722 I/ReactNativeJS(13702): '[useNowPlaying] Response status:', 200
10-17 20:34:53.726 I/ReactNativeJS(13702): '[useNowPlaying] Received text:', 'UNUTULANLAR - FARAZI'
10-17 20:34:53.726 I/ReactNativeJS(13702): [useNowPlaying] Not JSON, parsing as plain text
10-17 20:34:53.727 I/ReactNativeJS(13702): '[useNowPlaying] Setting now playing (plain text):', { song: 'UNUTULANLAR',
10-17 20:34:53.784 I/ReactNativeJS(13702): '[RadioPlayerControls] metadataUrl:', 'https://radyo.yayin.com.tr:5132/currentsong'
10-17 20:34:53.784 I/ReactNativeJS(13702): '[RadioPlayerControls] nowPlaying updated:', { song: 'UNUTULANLAR',
10-17 20:34:53.784 I/ReactNativeJS(13702): [TrackPlayerService] Metadata unchanged, skipping update
10-17 20:34:58.271 I/ReactNativeJS(13702): '[useNowPlaying] Fetching metadata from:', 'https://radyo.yayin.com.tr:5132/currentsong'
10-17 20:34:58.474 D/AidlBufferPool( 1237): bufferpool2 0xb4000072c8250508 : 6(24576 size) total buffers - 1(4096 size) used buffers - 1141/1147 (recycle/alloc) - 9/1146 (fetch/transfer)
10-17 20:34:58.834 I/ReactNativeJS(13702): '[useNowPlaying] Response status:', 200
10-17 20:34:58.836 D/AidlBufferPool(13702): bufferpool2 0xb40000796efcbc58 : 5(40960 size) total buffers - 1(8192 size) used buffers - 1161/1166 (recycle/alloc) - 5/1165 (fetch/transfer)
10-17 20:34:58.840 I/ReactNativeJS(13702): '[useNowPlaying] Received text:', 'UNUTULANLAR - FARAZI'
10-17 20:34:58.840 I/ReactNativeJS(13702): [useNowPlaying] Not JSON, parsing as plain text
10-17 20:34:58.840 I/ReactNativeJS(13702): '[useNowPlaying] Setting now playing (plain text):', { song: 'UNUTULANLAR',
10-17 20:34:58.882 I/ReactNativeJS(13702): '[RadioPlayerControls] metadataUrl:', 'https://radyo.yayin.com.tr:5132/currentsong'
10-17 20:34:58.882 I/ReactNativeJS(13702): '[RadioPlayerControls] nowPlaying updated:', { song: 'UNUTULANLAR',
10-17 20:34:58.882 I/ReactNativeJS(13702): [TrackPlayerService] Metadata unchanged, skipping update
10-17 20:34:58.892 D/GoogleBatteryDataSource( 2155): fetchDwellDefendStatus: CONNECTED
10-17 20:34:58.892 D/GoogleBatteryDataSource( 2155): fetchTempDefendStatus: t_sum=0, time_sum=0 t_avg=0 lst_v=0 lst_t=0 lst_u=0, dt=1746570, t=0 e=1
10-17 20:35:03.278 I/ReactNativeJS(13702): '[useNowPlaying] Fetching metadata from:', 'https://radyo.yayin.com.tr:5132/currentsong'
10-17 20:35:03.733 I/ReactNativeJS(13702): '[useNowPlaying] Response status:', 200
10-17 20:35:03.740 I/ReactNativeJS(13702): '[useNowPlaying] Received text:', 'UNUTULANLAR - FARAZI'
10-17 20:35:03.740 I/ReactNativeJS(13702): [useNowPlaying] Not JSON, parsing as plain text
10-17 20:35:03.742 I/ReactNativeJS(13702): '[useNowPlaying] Setting now playing (plain text):', { song: 'UNUTULANLAR',
10-17 20:35:03.789 I/ReactNativeJS(13702): '[RadioPlayerControls] metadataUrl:', 'https://radyo.yayin.com.tr:5132/currentsong'
10-17 20:35:03.789 I/ReactNativeJS(13702): '[RadioPlayerControls] nowPlaying updated:', { song: 'UNUTULANLAR',
10-17 20:35:03.790 I/ReactNativeJS(13702): [TrackPlayerService] Metadata unchanged, skipping update
10-17 20:35:03.985 D/AidlBufferPool( 1237): bufferpool2 0xb4000072c8250508 : 6(24576 size) total buffers - 1(4096 size) used buffers - 1378/1384 (recycle/alloc) - 10/1383 (fetch/transfer)
10-17 20:35:04.326 D/AidlBufferPool(13702): bufferpool2 0xb40000796efcbc58 : 5(40960 size) total buffers - 1(8192 size) used buffers - 1398/1403 (recycle/alloc) - 5/1402 (fetch/transfer)
10-17 20:35:08.278 I/ReactNativeJS(13702): '[useNowPlaying] Fetching metadata from:', 'https://radyo.yayin.com.tr:5132/currentsong'
10-17 20:35:08.789 I/ReactNativeJS(13702): '[useNowPlaying] Response status:', 200
10-17 20:35:08.803 I/ReactNativeJS(13702): '[useNowPlaying] Received text:', 'UNUTULANLAR - FARAZI'
10-17 20:35:08.803 I/ReactNativeJS(13702): [useNowPlaying] Not JSON, parsing as plain text
10-17 20:35:08.805 I/ReactNativeJS(13702): '[useNowPlaying] Setting now playing (plain text):', { song: 'UNUTULANLAR',
10-17 20:35:08.861 I/ReactNativeJS(13702): '[RadioPlayerControls] metadataUrl:', 'https://radyo.yayin.com.tr:5132/currentsong'
10-17 20:35:08.862 I/ReactNativeJS(13702): '[RadioPlayerControls] nowPlaying updated:', { song: 'UNUTULANLAR',
10-17 20:35:08.862 I/ReactNativeJS(13702): [TrackPlayerService] Metadata unchanged, skipping update
10-17 20:35:09.375 D/AidlBufferPool( 1237): bufferpool2 0xb4000072c8250508 : 6(24576 size) total buffers - 1(4096 size) used buffers - 1610/1616 (recycle/alloc) - 11/1615 (fetch/transfer)
10-17 20:35:09.806 D/AidlBufferPool(13702): bufferpool2 0xb40000796efcbc58 : 5(40960 size) total buffers - 1(8192 size) used buffers - 1634/1639 (recycle/alloc) - 5/1638 (fetch/transfer)
10-17 20:35:13.281 I/ReactNativeJS(13702): '[useNowPlaying] Fetching metadata from:', 'https://radyo.yayin.com.tr:5132/currentsong'
10-17 20:35:13.799 I/ReactNativeJS(13702): '[useNowPlaying] Response status:', 200
10-17 20:35:13.807 I/ReactNativeJS(13702): '[useNowPlaying] Received text:', 'UNUTULANLAR - FARAZI'
10-17 20:35:13.808 I/ReactNativeJS(13702): [useNowPlaying] Not JSON, parsing as plain text
10-17 20:35:13.809 I/ReactNativeJS(13702): '[useNowPlaying] Setting now playing (plain text):', { song: 'UNUTULANLAR',
10-17 20:35:13.855 I/ReactNativeJS(13702): '[RadioPlayerControls] metadataUrl:', 'https://radyo.yayin.com.tr:5132/currentsong'
10-17 20:35:13.856 I/ReactNativeJS(13702): '[RadioPlayerControls] nowPlaying updated:', { song: 'UNUTULANLAR',
10-17 20:35:13.856 I/ReactNativeJS(13702): [TrackPlayerService] Metadata unchanged, skipping update
10-17 20:35:14.706 D/AidlBufferPool( 1237): bufferpool2 0xb4000072c8250508 : 6(24576 size) total buffers - 1(4096 size) used buffers - 1840/1846 (recycle/alloc) - 13/1845 (fetch/transfer)
10-17 20:35:15.127 D/AidlBufferPool(13702): bufferpool2 0xb40000796efcbc58 : 5(40960 size) total buffers - 1(8192 size) used buffers - 1863/1868 (recycle/alloc) - 5/1867 (fetch/transfer)
10-17 20:35:18.311 I/ReactNativeJS(13702): '[useNowPlaying] Fetching metadata from:', 'https://radyo.yayin.com.tr:5132/currentsong'
10-17 20:35:18.813 I/ReactNativeJS(13702): '[useNowPlaying] Response status:', 200
10-17 20:35:18.817 I/ReactNativeJS(13702): '[useNowPlaying] Received text:', 'UNUTULANLAR - FARAZI'
10-17 20:35:18.817 I/ReactNativeJS(13702): [useNowPlaying] Not JSON, parsing as plain text
10-17 20:35:18.818 I/ReactNativeJS(13702): '[useNowPlaying] Setting now playing (plain text):', { song: 'UNUTULANLAR',
10-17 20:35:18.863 I/ReactNativeJS(13702): '[RadioPlayerControls] metadataUrl:', 'https://radyo.yayin.com.tr:5132/currentsong'
10-17 20:35:18.864 I/ReactNativeJS(13702): '[RadioPlayerControls] nowPlaying updated:', { song: 'UNUTULANLAR',
10-17 20:35:18.864 I/ReactNativeJS(13702): [TrackPlayerService] Metadata unchanged, skipping update
10-17 20:35:20.168 D/AidlBufferPool( 1237): bufferpool2 0xb4000072c8250508 : 6(24576 size) total buffers - 1(4096 size) used buffers - 2075/2081 (recycle/alloc) - 14/2080 (fetch/transfer)
10-17 20:35:20.354 D/AidlBufferPool(13702): bufferpool2 0xb40000796efcbc58 : 5(40960 size) total buffers - 1(8192 size) used buffers - 2088/2093 (recycle/alloc) - 5/2092 (fetch/transfer)
10-17 20:35:23.293 I/ReactNativeJS(13702): '[useNowPlaying] Fetching metadata from:', 'https://radyo.yayin.com.tr:5132/currentsong'
10-17 20:35:23.767 I/ReactNativeJS(13702): '[useNowPlaying] Response status:', 200
10-17 20:35:23.775 I/ReactNativeJS(13702): '[useNowPlaying] Received text:', 'UNUTULANLAR - FARAZI'
10-17 20:35:23.775 I/ReactNativeJS(13702): [useNowPlaying] Not JSON, parsing as plain text
10-17 20:35:23.776 I/ReactNativeJS(13702): '[useNowPlaying] Setting now playing (plain text):', { song: 'UNUTULANLAR',
10-17 20:35:23.840 I/ReactNativeJS(13702): '[RadioPlayerControls] metadataUrl:', 'https://radyo.yayin.com.tr:5132/currentsong'
10-17 20:35:23.840 I/ReactNativeJS(13702): '[RadioPlayerControls] nowPlaying updated:', { song: 'UNUTULANLAR',
10-17 20:35:23.840 I/ReactNativeJS(13702): [TrackPlayerService] Metadata unchanged, skipping update
10-17 20:35:25.549 D/AidlBufferPool( 1237): bufferpool2 0xb4000072c8250508 : 6(24576 size) total buffers - 1(4096 size) used buffers - 2306/2312 (recycle/alloc) - 17/2311 (fetch/transfer)
10-17 20:35:25.671 D/AidlBufferPool(13702): bufferpool2 0xb40000796efcbc58 : 5(40960 size) total buffers - 1(8192 size) used buffers - 2317/2322 (recycle/alloc) - 5/2321 (fetch/transfer)
10-17 20:35:28.297 I/ReactNativeJS(13702): '[useNowPlaying] Fetching metadata from:', 'https://radyo.yayin.com.tr:5132/currentsong'
10-17 20:35:28.823 I/ReactNativeJS(13702): '[useNowPlaying] Response status:', 200
10-17 20:35:28.828 I/ReactNativeJS(13702): '[useNowPlaying] Received text:', 'UNUTULANLAR - FARAZI'
10-17 20:35:28.828 I/ReactNativeJS(13702): [useNowPlaying] Not JSON, parsing as plain text
10-17 20:35:28.829 I/ReactNativeJS(13702): '[useNowPlaying] Setting now playing (plain text):', { song: 'UNUTULANLAR',
10-17 20:35:28.876 I/ReactNativeJS(13702): '[RadioPlayerControls] metadataUrl:', 'https://radyo.yayin.com.tr:5132/currentsong'
10-17 20:35:28.877 I/ReactNativeJS(13702): '[RadioPlayerControls] nowPlaying updated:', { song: 'UNUTULANLAR',
10-17 20:35:28.877 I/ReactNativeJS(13702): [TrackPlayerService] Metadata unchanged, skipping update
10-17 20:35:30.642 D/AidlBufferPool( 1237): bufferpool2 0xb4000072c8250508 : 6(24576 size) total buffers - 1(4096 size) used buffers - 2526/2532 (recycle/alloc) - 20/2531 (fetch/transfer)
10-17 20:35:31.152 D/AidlBufferPool(13702): bufferpool2 0xb40000796efcbc58 : 5(40960 size) total buffers - 1(8192 size) used buffers - 2553/2558 (recycle/alloc) - 5/2557 (fetch/transfer)
10-17 20:35:33.300 I/ReactNativeJS(13702): '[useNowPlaying] Fetching metadata from:', 'https://radyo.yayin.com.tr:5132/currentsong'
10-17 20:35:33.743 I/ReactNativeJS(13702): '[useNowPlaying] Response status:', 200
10-17 20:35:33.750 I/ReactNativeJS(13702): '[useNowPlaying] Received text:', 'UNUTULANLAR - FARAZI'
10-17 20:35:33.751 I/ReactNativeJS(13702): [useNowPlaying] Not JSON, parsing as plain text
10-17 20:35:33.753 I/ReactNativeJS(13702): '[useNowPlaying] Setting now playing (plain text):', { song: 'UNUTULANLAR',
10-17 20:35:33.813 I/ReactNativeJS(13702): '[RadioPlayerControls] metadataUrl:', 'https://radyo.yayin.com.tr:5132/currentsong'
10-17 20:35:33.814 I/ReactNativeJS(13702): '[RadioPlayerControls] nowPlaying updated:', { song: 'UNUTULANLAR',
10-17 20:35:33.814 I/ReactNativeJS(13702): [TrackPlayerService] Metadata unchanged, skipping update
10-17 20:35:35.978 D/AidlBufferPool( 1237): bufferpool2 0xb4000072c8250508 : 6(24576 size) total buffers - 1(4096 size) used buffers - 2756/2762 (recycle/alloc) - 20/2761 (fetch/transfer)
10-17 20:35:36.470 D/AidlBufferPool(13702): bufferpool2 0xb40000796efcbc58 : 5(40960 size) total buffers - 1(8192 size) used buffers - 2782/2787 (recycle/alloc) - 5/2786 (fetch/transfer)
10-17 20:35:38.312 I/ReactNativeJS(13702): '[useNowPlaying] Fetching metadata from:', 'https://radyo.yayin.com.tr:5132/currentsong'
10-17 20:35:38.772 I/ReactNativeJS(13702): '[useNowPlaying] Response status:', 200
10-17 20:35:38.779 I/ReactNativeJS(13702): '[useNowPlaying] Received text:', 'UNUTULANLAR - FARAZI'
10-17 20:35:38.780 I/ReactNativeJS(13702): [useNowPlaying] Not JSON, parsing as plain text
10-17 20:35:38.780 I/ReactNativeJS(13702): '[useNowPlaying] Setting now playing (plain text):', { song: 'UNUTULANLAR',
10-17 20:35:38.828 I/ReactNativeJS(13702): '[RadioPlayerControls] metadataUrl:', 'https://radyo.yayin.com.tr:5132/currentsong'
10-17 20:35:38.828 I/ReactNativeJS(13702): '[RadioPlayerControls] nowPlaying updated:', { song: 'UNUTULANLAR',
10-17 20:35:38.828 I/ReactNativeJS(13702): [TrackPlayerService] Metadata unchanged, skipping update
10-17 20:35:41.286 D/AidlBufferPool( 1237): bufferpool2 0xb4000072c8250508 : 6(24576 size) total buffers - 1(4096 size) used buffers - 2984/2990 (recycle/alloc) - 22/2989 (fetch/transfer)
10-17 20:35:41.772 D/AidlBufferPool(13702): bufferpool2 0xb40000796efcbc58 : 5(40960 size) total buffers - 4(32768 size) used buffers - 3014/3019 (recycle/alloc) - 5/3018 (fetch/transfer)
10-17 20:35:43.313 I/ReactNativeJS(13702): '[useNowPlaying] Fetching metadata from:', 'https://radyo.yayin.com.tr:5132/currentsong'
10-17 20:35:43.790 I/ReactNativeJS(13702): '[useNowPlaying] Response status:', 200
10-17 20:35:43.794 I/ReactNativeJS(13702): '[useNowPlaying] Received text:', 'UNUTULANLAR - FARAZI'
10-17 20:35:43.794 I/ReactNativeJS(13702): [useNowPlaying] Not JSON, parsing as plain text
10-17 20:35:43.795 I/ReactNativeJS(13702): '[useNowPlaying] Setting now playing (plain text):', { song: 'UNUTULANLAR',
10-17 20:35:43.847 I/ReactNativeJS(13702): '[RadioPlayerControls] metadataUrl:', 'https://radyo.yayin.com.tr:5132/currentsong'
10-17 20:35:43.848 I/ReactNativeJS(13702): '[RadioPlayerControls] nowPlaying updated:', { song: 'UNUTULANLAR',
10-17 20:35:43.848 I/ReactNativeJS(13702): [TrackPlayerService] Metadata unchanged, skipping update
10-17 20:35:46.389 D/AidlBufferPool( 1237): bufferpool2 0xb4000072c8250508 : 6(24576 size) total buffers - 1(4096 size) used buffers - 3204/3210 (recycle/alloc) - 25/3209 (fetch/transfer)
10-17 20:35:47.095 D/AidlBufferPool(13702): bufferpool2 0xb40000796efcbc58 : 5(40960 size) total buffers - 1(8192 size) used buffers - 3240/3245 (recycle/alloc) - 5/3244 (fetch/transfer)
10-17 20:35:48.316 I/ReactNativeJS(13702): '[useNowPlaying] Fetching metadata from:', 'https://radyo.yayin.com.tr:5132/currentsong'
10-17 20:35:48.731 I/ReactNativeJS(13702): '[useNowPlaying] Response status:', 200
10-17 20:35:48.735 I/ReactNativeJS(13702): '[useNowPlaying] Received text:', 'UNUTULANLAR - FARAZI'
10-17 20:35:48.735 I/ReactNativeJS(13702): [useNowPlaying] Not JSON, parsing as plain text
10-17 20:35:48.737 I/ReactNativeJS(13702): '[useNowPlaying] Setting now playing (plain text):', { song: 'UNUTULANLAR',
10-17 20:35:48.797 I/ReactNativeJS(13702): '[RadioPlayerControls] metadataUrl:', 'https://radyo.yayin.com.tr:5132/currentsong'
10-17 20:35:48.798 I/ReactNativeJS(13702): '[RadioPlayerControls] nowPlaying updated:', { song: 'UNUTULANLAR',
10-17 20:35:48.798 I/ReactNativeJS(13702): [TrackPlayerService] Metadata unchanged, skipping update
10-17 20:35:51.503 D/AidlBufferPool( 1237): bufferpool2 0xb4000072c8250508 : 6(24576 size) total buffers - 1(4096 size) used buffers - 3424/3430 (recycle/alloc) - 26/3429 (fetch/transfer)
10-17 20:35:52.515 D/AidlBufferPool(13702): bufferpool2 0xb40000796efcbc58 : 5(40960 size) total buffers - 1(8192 size) used buffers - 3473/3478 (recycle/alloc) - 5/3477 (fetch/transfer)
10-17 20:35:53.319 I/ReactNativeJS(13702): '[useNowPlaying] Fetching metadata from:', 'https://radyo.yayin.com.tr:5132/currentsong'
10-17 20:35:53.789 I/ReactNativeJS(13702): '[useNowPlaying] Response status:', 200
10-17 20:35:53.796 I/ReactNativeJS(13702): '[useNowPlaying] Received text:', 'UNUTULANLAR - FARAZI'
10-17 20:35:53.796 I/ReactNativeJS(13702): [useNowPlaying] Not JSON, parsing as plain text
10-17 20:35:53.797 I/ReactNativeJS(13702): '[useNowPlaying] Setting now playing (plain text):', { song: 'UNUTULANLAR',
10-17 20:35:53.846 I/ReactNativeJS(13702): '[RadioPlayerControls] metadataUrl:', 'https://radyo.yayin.com.tr:5132/currentsong'
10-17 20:35:53.847 I/ReactNativeJS(13702): '[RadioPlayerControls] nowPlaying updated:', { song: 'UNUTULANLAR',
10-17 20:35:53.847 I/ReactNativeJS(13702): [TrackPlayerService] Metadata unchanged, skipping update
10-17 20:35:56.920 D/AidlBufferPool( 1237): bufferpool2 0xb4000072c8250508 : 6(24576 size) total buffers - 1(4096 size) used buffers - 3658/3664 (recycle/alloc) - 29/3663 (fetch/transfer)
10-17 20:35:57.972 D/AidlBufferPool(13702): bufferpool2 0xb40000796efcbc58 : 5(40960 size) total buffers - 1(8192 size) used buffers - 3708/3713 (recycle/alloc) - 5/3712 (fetch/transfer)
10-17 20:35:58.326 I/ReactNativeJS(13702): '[useNowPlaying] Fetching metadata from:', 'https://radyo.yayin.com.tr:5132/currentsong'
10-17 20:35:58.858 I/ReactNativeJS(13702): '[useNowPlaying] Response status:', 200
10-17 20:35:58.861 I/ReactNativeJS(13702): '[useNowPlaying] Received text:', 'UNUTULANLAR - FARAZI'
10-17 20:35:58.861 I/ReactNativeJS(13702): [useNowPlaying] Not JSON, parsing as plain text
10-17 20:35:58.862 I/ReactNativeJS(13702): '[useNowPlaying] Setting now playing (plain text):', { song: 'UNUTULANLAR',
10-17 20:35:58.912 I/ReactNativeJS(13702): '[RadioPlayerControls] metadataUrl:', 'https://radyo.yayin.com.tr:5132/currentsong'
10-17 20:35:58.912 I/ReactNativeJS(13702): '[RadioPlayerControls] nowPlaying updated:', { song: 'UNUTULANLAR',
10-17 20:35:58.912 I/ReactNativeJS(13702): [TrackPlayerService] Metadata unchanged, skipping update
10-17 20:36:02.402 D/AidlBufferPool( 1237): bufferpool2 0xb4000072c8250508 : 6(24576 size) total buffers - 1(4096 size) used buffers - 3894/3900 (recycle/alloc) - 30/3899 (fetch/transfer)
10-17 20:36:03.327 I/ReactNativeJS(13702): '[useNowPlaying] Fetching metadata from:', 'https://radyo.yayin.com.tr:5132/currentsong'
10-17 20:36:03.387 D/AidlBufferPool(13702): bufferpool2 0xb40000796efcbc58 : 5(40960 size) total buffers - 1(8192 size) used buffers - 3942/3947 (recycle/alloc) - 5/3946 (fetch/transfer)
10-17 20:36:03.761 I/ReactNativeJS(13702): '[useNowPlaying] Response status:', 200
10-17 20:36:03.768 I/ReactNativeJS(13702): '[useNowPlaying] Received text:', 'UNUTULANLAR - FARAZI'
10-17 20:36:03.769 I/ReactNativeJS(13702): [useNowPlaying] Not JSON, parsing as plain text
10-17 20:36:03.771 I/ReactNativeJS(13702): '[useNowPlaying] Setting now playing (plain text):', { song: 'UNUTULANLAR',
10-17 20:36:03.826 I/ReactNativeJS(13702): '[RadioPlayerControls] metadataUrl:', 'https://radyo.yayin.com.tr:5132/currentsong'
10-17 20:36:03.827 I/ReactNativeJS(13702): '[RadioPlayerControls] nowPlaying updated:', { song: 'UNUTULANLAR',
10-17 20:36:03.827 I/ReactNativeJS(13702): [TrackPlayerService] Metadata unchanged, skipping update
10-17 20:36:07.889 D/AidlBufferPool( 1237): bufferpool2 0xb4000072c8250508 : 6(24576 size) total buffers - 1(4096 size) used buffers - 4130/4136 (recycle/alloc) - 33/4135 (fetch/transfer)
10-17 20:36:08.333 I/ReactNativeJS(13702): '[useNowPlaying] Fetching metadata from:', 'https://radyo.yayin.com.tr:5132/currentsong'
10-17 20:36:08.798 I/ReactNativeJS(13702): '[useNowPlaying] Response status:', 200
10-17 20:36:08.808 I/ReactNativeJS(13702): '[useNowPlaying] Received text:', 'UNUTULANLAR - FARAZI'
10-17 20:36:08.809 I/ReactNativeJS(13702): [useNowPlaying] Not JSON, parsing as plain text
10-17 20:36:08.810 I/ReactNativeJS(13702): '[useNowPlaying] Setting now playing (plain text):', { song: 'UNUTULANLAR',
10-17 20:36:08.834 D/AidlBufferPool(13702): bufferpool2 0xb40000796efcbc58 : 5(40960 size) total buffers - 1(8192 size) used buffers - 4176/4181 (recycle/alloc) - 5/4180 (fetch/transfer)
10-17 20:36:08.865 I/ReactNativeJS(13702): '[RadioPlayerControls] metadataUrl:', 'https://radyo.yayin.com.tr:5132/currentsong'
10-17 20:36:08.865 I/ReactNativeJS(13702): '[RadioPlayerControls] nowPlaying updated:', { song: 'UNUTULANLAR',
10-17 20:36:08.865 I/ReactNativeJS(13702): [TrackPlayerService] Metadata unchanged, skipping update
10-17 20:36:13.327 D/AidlBufferPool( 1237): bufferpool2 0xb4000072c8250508 : 6(24576 size) total buffers - 1(4096 size) used buffers - 4364/4370 (recycle/alloc) - 34/4369 (fetch/transfer)
10-17 20:36:13.338 I/ReactNativeJS(13702): '[useNowPlaying] Fetching metadata from:', 'https://radyo.yayin.com.tr:5132/currentsong'
10-17 20:36:13.812 I/ReactNativeJS(13702): '[useNowPlaying] Response status:', 200
10-17 20:36:13.818 I/ReactNativeJS(13702): '[useNowPlaying] Received text:', 'UNUTULANLAR - FARAZI'
10-17 20:36:13.818 I/ReactNativeJS(13702): [useNowPlaying] Not JSON, parsing as plain text
10-17 20:36:13.818 I/ReactNativeJS(13702): '[useNowPlaying] Setting now playing (plain text):', { song: 'UNUTULANLAR',
10-17 20:36:13.865 I/ReactNativeJS(13702): '[RadioPlayerControls] metadataUrl:', 'https://radyo.yayin.com.tr:5132/currentsong'
10-17 20:36:13.867 I/ReactNativeJS(13702): '[RadioPlayerControls] nowPlaying updated:', { song: 'UNUTULANLAR',
10-17 20:36:13.867 I/ReactNativeJS(13702): [TrackPlayerService] Metadata unchanged, skipping update
10-17 20:36:14.015 D/AidlBufferPool(13702): bufferpool2 0xb40000796efcbc58 : 5(40960 size) total buffers - 1(8192 size) used buffers - 4399/4404 (recycle/alloc) - 5/4403 (fetch/transfer)
10-17 20:36:18.341 I/ReactNativeJS(13702): '[useNowPlaying] Fetching metadata from:', 'https://radyo.yayin.com.tr:5132/currentsong'
10-17 20:36:18.823 I/ReactNativeJS(13702): '[useNowPlaying] Response status:', 200
10-17 20:36:18.826 I/ReactNativeJS(13702): '[useNowPlaying] Received text:', 'UNUTULANLAR - FARAZI'
10-17 20:36:18.826 I/ReactNativeJS(13702): [useNowPlaying] Not JSON, parsing as plain text
10-17 20:36:18.827 I/ReactNativeJS(13702): '[useNowPlaying] Setting now playing (plain text):', { song: 'UNUTULANLAR',
10-17 20:36:18.830 D/AidlBufferPool( 1237): bufferpool2 0xb4000072c8250508 : 6(24576 size) total buffers - 2(8192 size) used buffers - 4604/4610 (recycle/alloc) - 36/4609 (fetch/transfer)
10-17 20:36:18.872 I/ReactNativeJS(13702): '[RadioPlayerControls] metadataUrl:', 'https://radyo.yayin.com.tr:5132/currentsong'
10-17 20:36:18.872 I/ReactNativeJS(13702): '[RadioPlayerControls] nowPlaying updated:', { song: 'UNUTULANLAR',
10-17 20:36:18.873 I/ReactNativeJS(13702): [TrackPlayerService] Metadata unchanged, skipping update
10-17 20:36:19.367 D/AidlBufferPool(13702): bufferpool2 0xb40000796efcbc58 : 5(40960 size) total buffers - 1(8192 size) used buffers - 4630/4635 (recycle/alloc) - 5/4634 (fetch/transfer)
10-17 20:36:23.347 I/ReactNativeJS(13702): '[useNowPlaying] Fetching metadata from:', 'https://radyo.yayin.com.tr:5132/currentsong'
10-17 20:36:23.772 I/ReactNativeJS(13702): '[useNowPlaying] Response status:', 200
10-17 20:36:23.778 I/ReactNativeJS(13702): '[useNowPlaying] Received text:', 'UNUTULANLAR - FARAZI'
10-17 20:36:23.778 I/ReactNativeJS(13702): [useNowPlaying] Not JSON, parsing as plain text
10-17 20:36:23.779 I/ReactNativeJS(13702): '[useNowPlaying] Setting now playing (plain text):', { song: 'UNUTULANLAR',
10-17 20:36:23.823 I/ReactNativeJS(13702): '[RadioPlayerControls] metadataUrl:', 'https://radyo.yayin.com.tr:5132/currentsong'
10-17 20:36:23.824 I/ReactNativeJS(13702): '[RadioPlayerControls] nowPlaying updated:', { song: 'UNUTULANLAR',
10-17 20:36:23.824 I/ReactNativeJS(13702): [TrackPlayerService] Metadata unchanged, skipping update
10-17 20:36:24.303 D/AidlBufferPool( 1237): bufferpool2 0xb4000072c8250508 : 6(24576 size) total buffers - 1(4096 size) used buffers - 4837/4843 (recycle/alloc) - 38/4842 (fetch/transfer)
10-17 20:36:24.808 D/AidlBufferPool(13702): bufferpool2 0xb40000796efcbc58 : 5(40960 size) total buffers - 1(8192 size) used buffers - 4864/4869 (recycle/alloc) - 5/4868 (fetch/transfer)
10-17 20:36:28.349 I/ReactNativeJS(13702): '[useNowPlaying] Fetching metadata from:', 'https://radyo.yayin.com.tr:5132/currentsong'
10-17 20:36:28.948 I/ReactNativeJS(13702): '[useNowPlaying] Response status:', 200
10-17 20:36:28.952 I/ReactNativeJS(13702): '[useNowPlaying] Received text:', 'UNUTULANLAR - FARAZI'
10-17 20:36:28.952 I/ReactNativeJS(13702): [useNowPlaying] Not JSON, parsing as plain text
10-17 20:36:28.953 I/ReactNativeJS(13702): '[useNowPlaying] Setting now playing (plain text):', { song: 'UNUTULANLAR',
10-17 20:36:28.994 I/ReactNativeJS(13702): '[RadioPlayerControls] metadataUrl:', 'https://radyo.yayin.com.tr:5132/currentsong'
10-17 20:36:28.994 I/ReactNativeJS(13702): '[RadioPlayerControls] nowPlaying updated:', { song: 'UNUTULANLAR',
10-17 20:36:28.994 I/ReactNativeJS(13702): [TrackPlayerService] Metadata unchanged, skipping update
10-17 20:36:29.751 D/AidlBufferPool( 1237): bufferpool2 0xb4000072c8250508 : 6(24576 size) total buffers - 1(4096 size) used buffers - 5071/5077 (recycle/alloc) - 41/5076 (fetch/transfer)
10-17 20:36:30.327 D/AidlBufferPool(13702): bufferpool2 0xb40000796efcbc58 : 5(40960 size) total buffers - 1(8192 size) used buffers - 5102/5107 (recycle/alloc) - 5/5106 (fetch/transfer)
10-17 20:36:33.354 I/ReactNativeJS(13702): '[useNowPlaying] Fetching metadata from:', 'https://radyo.yayin.com.tr:5132/currentsong'
10-17 20:36:33.862 I/ReactNativeJS(13702): '[useNowPlaying] Response status:', 200
10-17 20:36:33.866 I/ReactNativeJS(13702): '[useNowPlaying] Received text:', 'UNUTULANLAR - FARAZI'
10-17 20:36:33.866 I/ReactNativeJS(13702): [useNowPlaying] Not JSON, parsing as plain text
10-17 20:36:33.867 I/ReactNativeJS(13702): '[useNowPlaying] Setting now playing (plain text):', { song: 'UNUTULANLAR',
10-17 20:36:33.919 I/ReactNativeJS(13702): '[RadioPlayerControls] metadataUrl:', 'https://radyo.yayin.com.tr:5132/currentsong'
10-17 20:36:33.920 I/ReactNativeJS(13702): '[RadioPlayerControls] nowPlaying updated:', { song: 'UNUTULANLAR',
10-17 20:36:33.920 I/ReactNativeJS(13702): [TrackPlayerService] Metadata unchanged, skipping update
10-17 20:36:35.273 D/AidlBufferPool( 1237): bufferpool2 0xb4000072c8250508 : 6(24576 size) total buffers - 1(4096 size) used buffers - 5309/5315 (recycle/alloc) - 42/5314 (fetch/transfer)
10-17 20:36:35.788 D/AidlBufferPool(13702): bufferpool2 0xb40000796efcbc58 : 5(40960 size) total buffers - 1(8192 size) used buffers - 5337/5342 (recycle/alloc) - 5/5341 (fetch/transfer)
10-17 20:36:38.366 I/ReactNativeJS(13702): '[useNowPlaying] Fetching metadata from:', 'https://radyo.yayin.com.tr:5132/currentsong'
10-17 20:36:39.184 I/ReactNativeJS(13702): '[useNowPlaying] Response status:', 200
10-17 20:36:39.190 I/ReactNativeJS(13702): '[useNowPlaying] Received text:', 'UNUTULANLAR - FARAZI'
10-17 20:36:39.190 I/ReactNativeJS(13702): [useNowPlaying] Not JSON, parsing as plain text
10-17 20:36:39.191 I/ReactNativeJS(13702): '[useNowPlaying] Setting now playing (plain text):', { song: 'UNUTULANLAR',
10-17 20:36:39.226 I/ReactNativeJS(13702): '[RadioPlayerControls] metadataUrl:', 'https://radyo.yayin.com.tr:5132/currentsong'
10-17 20:36:39.227 I/ReactNativeJS(13702): '[RadioPlayerControls] nowPlaying updated:', { song: 'UNUTULANLAR',
10-17 20:36:39.227 I/ReactNativeJS(13702): [TrackPlayerService] Metadata unchanged, skipping update
10-17 20:36:40.707 D/AidlBufferPool( 1237): bufferpool2 0xb4000072c8250508 : 6(24576 size) total buffers - 1(4096 size) used buffers - 5543/5549 (recycle/alloc) - 43/5548 (fetch/transfer)
10-17 20:36:41.033 D/AidlBufferPool(13702): bufferpool2 0xb40000796efcbc58 : 5(40960 size) total buffers - 1(8192 size) used buffers - 5563/5568 (recycle/alloc) - 5/5567 (fetch/transfer)
10-17 20:36:43.362 I/ReactNativeJS(13702): '[useNowPlaying] Fetching metadata from:', 'https://radyo.yayin.com.tr:5132/currentsong'
10-17 20:36:43.914 I/ReactNativeJS(13702): '[useNowPlaying] Response status:', 200
10-17 20:36:43.919 I/ReactNativeJS(13702): '[useNowPlaying] Received text:', 'UNUTULANLAR - FARAZI'
10-17 20:36:43.919 I/ReactNativeJS(13702): [useNowPlaying] Not JSON, parsing as plain text
10-17 20:36:43.920 I/ReactNativeJS(13702): '[useNowPlaying] Setting now playing (plain text):', { song: 'UNUTULANLAR',
10-17 20:36:43.980 I/ReactNativeJS(13702): '[RadioPlayerControls] metadataUrl:', 'https://radyo.yayin.com.tr:5132/currentsong'
10-17 20:36:43.980 I/ReactNativeJS(13702): '[RadioPlayerControls] nowPlaying updated:', { song: 'UNUTULANLAR',
10-17 20:36:43.980 I/ReactNativeJS(13702): [TrackPlayerService] Metadata unchanged, skipping update
10-17 20:36:45.779 D/AidlBufferPool( 1237): bufferpool2 0xb4000072c8250508 : 6(24576 size) total buffers - 3(12288 size) used buffers - 5765/5771 (recycle/alloc) - 44/5770 (fetch/transfer)
10-17 20:36:46.536 D/AidlBufferPool(13702): bufferpool2 0xb40000796efcbc58 : 5(40960 size) total buffers - 1(8192 size) used buffers - 5800/5805 (recycle/alloc) - 5/5804 (fetch/transfer)
10-17 20:36:47.439 D/GoogleBatteryDataSource( 2155): fetchDwellDefendStatus: CONNECTED
10-17 20:36:47.441 D/GoogleBatteryDataSource( 2155): fetchTempDefendStatus: t_sum=0, time_sum=0 t_avg=0 lst_v=0 lst_t=0 lst_u=0, dt=1746570, t=0 e=1
10-17 20:36:47.953 I/RemoteProvisionSysSvc( 1508): Successfully fetched key for client 248770387
10-17 20:36:48.365 I/ReactNativeJS(13702): '[useNowPlaying] Fetching metadata from:', 'https://radyo.yayin.com.tr:5132/currentsong'
10-17 20:36:48.801 I/ReactNativeJS(13702): '[useNowPlaying] Response status:', 200
10-17 20:36:48.804 I/ReactNativeJS(13702): '[useNowPlaying] Received text:', 'UNUTULANLAR - FARAZI'
10-17 20:36:48.804 I/ReactNativeJS(13702): [useNowPlaying] Not JSON, parsing as plain text
10-17 20:36:48.805 I/ReactNativeJS(13702): '[useNowPlaying] Setting now playing (plain text):', { song: 'UNUTULANLAR',
10-17 20:36:48.862 I/ReactNativeJS(13702): '[RadioPlayerControls] metadataUrl:', 'https://radyo.yayin.com.tr:5132/currentsong'
10-17 20:36:48.862 I/ReactNativeJS(13702): '[RadioPlayerControls] nowPlaying updated:', { song: 'UNUTULANLAR',
10-17 20:36:48.862 I/ReactNativeJS(13702): [TrackPlayerService] Metadata unchanged, skipping update
10-17 20:36:50.789 D/AidlBufferPool( 1237): bufferpool2 0xb4000072c8250508 : 6(24576 size) total buffers - 1(4096 size) used buffers - 5977/5983 (recycle/alloc) - 45/5982 (fetch/transfer)
