10-17 20:40:14.143 I/ReactNativeJS(13702): '[useNowPlaying] Response status:', 200
10-17 20:40:14.147 I/ReactNativeJS(13702): '[useNowPlaying] Received text:', 'MAHSER - GOKHAN TURKMEN'
10-17 20:40:14.147 I/ReactNativeJS(13702): [useNowPlaying] Not JSON, parsing as plain text
10-17 20:40:14.148 I/ReactNativeJS(13702): '[useNowPlaying] Setting now playing (plain text):', { song: 'MAHSER',
10-17 20:40:14.204 I/ReactNativeJS(13702): '[RadioPlayerControls] metadataUrl:', 'https://radyo.yayin.com.tr:5132/currentsong'
10-17 20:40:14.204 I/ReactNativeJS(13702): '[RadioPlayerControls] nowPlaying updated:', { song: 'MAHSER',
10-17 20:40:14.204 I/ReactNativeJS(13702): [TrackPlayerService] Metadata unchanged, skipping update
10-17 20:40:16.194 D/AidlBufferPool(13702): bufferpool2 0xb40000796efcbc58 : 5(40960 size) total buffers - 1(8192 size) used buffers - 14829/14834 (recycle/alloc) - 5/14833 (fetch/transfer)
10-17 20:40:17.845 D/AidlBufferPool( 1237): bufferpool2 0xb4000072c8250508 : 6(24576 size) total buffers - 1(4096 size) used buffers - 14896/14902 (recycle/alloc) - 101/14901 (fetch/transfer)
10-17 20:40:18.591 I/ReactNativeJS(13702): '[useNowPlaying] Fetching metadata from:', 'https://radyo.yayin.com.tr:5132/currentsong'
10-17 20:40:19.077 I/ReactNativeJS(13702): '[useNowPlaying] Response status:', 200
10-17 20:40:19.082 I/ReactNativeJS(13702): '[useNowPlaying] Received text:', 'MAHSER - GOKHAN TURKMEN'
10-17 20:40:19.082 I/ReactNativeJS(13702): [useNowPlaying] Not JSON, parsing as plain text
10-17 20:40:19.084 I/ReactNativeJS(13702): '[useNowPlaying] Setting now playing (plain text):', { song: 'MAHSER',
10-17 20:40:19.139 I/ReactNativeJS(13702): '[RadioPlayerControls] metadataUrl:', 'https://radyo.yayin.com.tr:5132/currentsong'
10-17 20:40:19.139 I/ReactNativeJS(13702): '[RadioPlayerControls] nowPlaying updated:', { song: 'MAHSER',
10-17 20:40:19.139 I/ReactNativeJS(13702): [TrackPlayerService] Metadata unchanged, skipping update
10-17 20:40:21.538 D/AidlBufferPool(13702): bufferpool2 0xb40000796efcbc58 : 5(40960 size) total buffers - 1(8192 size) used buffers - 15063/15068 (recycle/alloc) - 5/15068 (fetch/transfer)
10-17 20:40:23.245 D/AidlBufferPool( 1237): bufferpool2 0xb4000072c8250508 : 6(24576 size) total buffers - 1(4096 size) used buffers - 15127/15133 (recycle/alloc) - 104/15132 (fetch/transfer)
10-17 20:40:23.596 I/ReactNativeJS(13702): '[useNowPlaying] Fetching metadata from:', 'https://radyo.yayin.com.tr:5132/currentsong'
10-17 20:40:24.179 I/ReactNativeJS(13702): '[useNowPlaying] Response status:', 200
10-17 20:40:24.186 I/ReactNativeJS(13702): '[useNowPlaying] Received text:', 'MAHSER - GOKHAN TURKMEN'
10-17 20:40:24.186 I/ReactNativeJS(13702): [useNowPlaying] Not JSON, parsing as plain text
10-17 20:40:24.189 I/ReactNativeJS(13702): '[useNowPlaying] Setting now playing (plain text):', { song: 'MAHSER',
10-17 20:40:24.234 I/ReactNativeJS(13702): '[RadioPlayerControls] metadataUrl:', 'https://radyo.yayin.com.tr:5132/currentsong'
10-17 20:40:24.235 I/ReactNativeJS(13702): '[RadioPlayerControls] nowPlaying updated:', { song: 'MAHSER',
10-17 20:40:24.235 I/ReactNativeJS(13702): [TrackPlayerService] Metadata unchanged, skipping update
10-17 20:40:26.845 D/AidlBufferPool(13702): bufferpool2 0xb40000796efcbc58 : 5(40960 size) total buffers - 1(8192 size) used buffers - 15288/15293 (recycle/alloc) - 5/15292 (fetch/transfer)
10-17 20:40:28.583 D/AidlBufferPool( 1237): bufferpool2 0xb4000072c8250508 : 6(24576 size) total buffers - 1(4096 size) used buffers - 15357/15363 (recycle/alloc) - 104/15362 (fetch/transfer)
10-17 20:40:28.603 I/ReactNativeJS(13702): '[useNowPlaying] Fetching metadata from:', 'https://radyo.yayin.com.tr:5132/currentsong'
10-17 20:40:29.078 I/ReactNativeJS(13702): '[useNowPlaying] Response status:', 200
10-17 20:40:29.081 I/ReactNativeJS(13702): '[useNowPlaying] Received text:', 'MAHSER - GOKHAN TURKMEN'
10-17 20:40:29.081 I/ReactNativeJS(13702): [useNowPlaying] Not JSON, parsing as plain text
10-17 20:40:29.082 I/ReactNativeJS(13702): '[useNowPlaying] Setting now playing (plain text):', { song: 'MAHSER',
10-17 20:40:29.131 I/ReactNativeJS(13702): '[RadioPlayerControls] metadataUrl:', 'https://radyo.yayin.com.tr:5132/currentsong'
10-17 20:40:29.132 I/ReactNativeJS(13702): '[RadioPlayerControls] nowPlaying updated:', { song: 'MAHSER',
10-17 20:40:29.132 I/ReactNativeJS(13702): [TrackPlayerService] Metadata unchanged, skipping update
10-17 20:40:31.866 D/AidlBufferPool(13702): bufferpool2 0xb40000796efcbc58 : 5(40960 size) total buffers - 1(8192 size) used buffers - 15504/15509 (recycle/alloc) - 5/15508 (fetch/transfer)
10-17 20:40:33.614 I/ReactNativeJS(13702): '[useNowPlaying] Fetching metadata from:', 'https://radyo.yayin.com.tr:5132/currentsong'
10-17 20:40:33.968 D/AidlBufferPool( 1237): bufferpool2 0xb4000072c8250508 : 6(24576 size) total buffers - 1(4096 size) used buffers - 15589/15595 (recycle/alloc) - 106/15594 (fetch/transfer)
10-17 20:40:34.027 I/ReactNativeJS(13702): '[useNowPlaying] Response status:', 200
10-17 20:40:34.031 I/ReactNativeJS(13702): '[useNowPlaying] Received text:', 'MAHSER - GOKHAN TURKMEN'
10-17 20:40:34.031 I/ReactNativeJS(13702): [useNowPlaying] Not JSON, parsing as plain text
10-17 20:40:34.032 I/ReactNativeJS(13702): '[useNowPlaying] Setting now playing (plain text):', { song: 'MAHSER',
10-17 20:40:34.080 I/ReactNativeJS(13702): '[RadioPlayerControls] metadataUrl:', 'https://radyo.yayin.com.tr:5132/currentsong'
10-17 20:40:34.081 I/ReactNativeJS(13702): '[RadioPlayerControls] nowPlaying updated:', { song: 'MAHSER',
10-17 20:40:34.081 I/ReactNativeJS(13702): [TrackPlayerService] Metadata unchanged, skipping update
10-17 20:40:37.209 D/AidlBufferPool(13702): bufferpool2 0xb40000796efcbc58 : 5(40960 size) total buffers - 1(8192 size) used buffers - 15734/15739 (recycle/alloc) - 5/15738 (fetch/transfer)
10-17 20:40:38.621 I/ReactNativeJS(13702): '[useNowPlaying] Fetching metadata from:', 'https://radyo.yayin.com.tr:5132/currentsong'
10-17 20:40:39.210 I/ReactNativeJS(13702): '[useNowPlaying] Response status:', 200
10-17 20:40:39.216 I/ReactNativeJS(13702): '[useNowPlaying] Received text:', 'MAHSER - GOKHAN TURKMEN'
10-17 20:40:39.216 I/ReactNativeJS(13702): [useNowPlaying] Not JSON, parsing as plain text
10-17 20:40:39.217 I/ReactNativeJS(13702): '[useNowPlaying] Setting now playing (plain text):', { song: 'MAHSER',
10-17 20:40:39.266 I/ReactNativeJS(13702): '[RadioPlayerControls] metadataUrl:', 'https://radyo.yayin.com.tr:5132/currentsong'
10-17 20:40:39.266 I/ReactNativeJS(13702): '[RadioPlayerControls] nowPlaying updated:', { song: 'MAHSER',
10-17 20:40:39.266 I/ReactNativeJS(13702): [TrackPlayerService] Metadata unchanged, skipping update
10-17 20:40:39.423 D/AidlBufferPool( 1237): bufferpool2 0xb4000072c8250508 : 6(24576 size) total buffers - 1(4096 size) used buffers - 15824/15830 (recycle/alloc) - 107/15829 (fetch/transfer)
10-17 20:40:42.266 D/AidlBufferPool(13702): bufferpool2 0xb40000796efcbc58 : 5(40960 size) total buffers - 1(8192 size) used buffers - 15952/15957 (recycle/alloc) - 5/15956 (fetch/transfer)
10-17 20:40:43.628 I/ReactNativeJS(13702): '[useNowPlaying] Fetching metadata from:', 'https://radyo.yayin.com.tr:5132/currentsong'
10-17 20:40:44.138 I/ReactNativeJS(13702): '[useNowPlaying] Response status:', 200
10-17 20:40:44.145 I/ReactNativeJS(13702): '[useNowPlaying] Received text:', 'MAHSER - GOKHAN TURKMEN'
10-17 20:40:44.145 I/ReactNativeJS(13702): [useNowPlaying] Not JSON, parsing as plain text
10-17 20:40:44.146 I/ReactNativeJS(13702): '[useNowPlaying] Setting now playing (plain text):', { song: 'MAHSER',
10-17 20:40:44.189 I/ReactNativeJS(13702): '[RadioPlayerControls] metadataUrl:', 'https://radyo.yayin.com.tr:5132/currentsong'
10-17 20:40:44.190 I/ReactNativeJS(13702): '[RadioPlayerControls] nowPlaying updated:', { song: 'MAHSER',
10-17 20:40:44.190 I/ReactNativeJS(13702): [TrackPlayerService] Metadata unchanged, skipping update
10-17 20:40:44.439 D/AidlBufferPool( 1237): bufferpool2 0xb4000072c8250508 : 6(24576 size) total buffers - 1(4096 size) used buffers - 16040/16046 (recycle/alloc) - 108/16045 (fetch/transfer)
10-17 20:40:47.595 D/AidlBufferPool(13702): bufferpool2 0xb40000796efcbc58 : 5(40960 size) total buffers - 4(32768 size) used buffers - 16184/16189 (recycle/alloc) - 5/16188 (fetch/transfer)
10-17 20:40:48.632 I/ReactNativeJS(13702): '[useNowPlaying] Fetching metadata from:', 'https://radyo.yayin.com.tr:5132/currentsong'
10-17 20:40:49.274 I/ReactNativeJS(13702): '[useNowPlaying] Response status:', 200
10-17 20:40:49.280 I/ReactNativeJS(13702): '[useNowPlaying] Received text:', 'MAHSER - GOKHAN TURKMEN'
10-17 20:40:49.280 I/ReactNativeJS(13702): [useNowPlaying] Not JSON, parsing as plain text
10-17 20:40:49.281 I/ReactNativeJS(13702): '[useNowPlaying] Setting now playing (plain text):', { song: 'MAHSER',
10-17 20:40:49.332 I/ReactNativeJS(13702): '[RadioPlayerControls] metadataUrl:', 'https://radyo.yayin.com.tr:5132/currentsong'
10-17 20:40:49.332 I/ReactNativeJS(13702): '[RadioPlayerControls] nowPlaying updated:', { song: 'MAHSER',
10-17 20:40:49.333 I/ReactNativeJS(13702): [TrackPlayerService] Metadata unchanged, skipping update
10-17 20:40:49.969 D/AidlBufferPool( 1237): bufferpool2 0xb4000072c8250508 : 6(24576 size) total buffers - 1(4096 size) used buffers - 16278/16284 (recycle/alloc) - 109/16283 (fetch/transfer)
10-17 20:40:53.045 D/AidlBufferPool(13702): bufferpool2 0xb40000796efcbc58 : 5(40960 size) total buffers - 1(8192 size) used buffers - 16416/16421 (recycle/alloc) - 5/16420 (fetch/transfer)
10-17 20:40:53.642 I/ReactNativeJS(13702): '[useNowPlaying] Fetching metadata from:', 'https://radyo.yayin.com.tr:5132/currentsong'
10-17 20:40:54.082 I/ReactNativeJS(13702): '[useNowPlaying] Response status:', 200
10-17 20:40:54.086 I/ReactNativeJS(13702): '[useNowPlaying] Received text:', 'MAHSER - GOKHAN TURKMEN'
10-17 20:40:54.087 I/ReactNativeJS(13702): [useNowPlaying] Not JSON, parsing as plain text
10-17 20:40:54.087 I/ReactNativeJS(13702): '[useNowPlaying] Setting now playing (plain text):', { song: 'MAHSER',
10-17 20:40:54.135 I/ReactNativeJS(13702): '[RadioPlayerControls] metadataUrl:', 'https://radyo.yayin.com.tr:5132/currentsong'
10-17 20:40:54.135 I/ReactNativeJS(13702): '[RadioPlayerControls] nowPlaying updated:', { song: 'MAHSER',
10-17 20:40:54.136 I/ReactNativeJS(13702): [TrackPlayerService] Metadata unchanged, skipping update
10-17 20:40:55.105 D/AidlBufferPool( 1237): bufferpool2 0xb4000072c8250508 : 6(24576 size) total buffers - 1(4096 size) used buffers - 16499/16505 (recycle/alloc) - 111/16504 (fetch/transfer)
10-17 20:40:58.474 D/AidlBufferPool(13702): bufferpool2 0xb40000796efcbc58 : 5(40960 size) total buffers - 1(8192 size) used buffers - 16650/16655 (recycle/alloc) - 5/16654 (fetch/transfer)
10-17 20:40:58.650 I/ReactNativeJS(13702): '[useNowPlaying] Fetching metadata from:', 'https://radyo.yayin.com.tr:5132/currentsong'
10-17 20:40:59.190 I/ReactNativeJS(13702): '[useNowPlaying] Response status:', 200
10-17 20:40:59.195 I/ReactNativeJS(13702): '[useNowPlaying] Received text:', 'MAHSER - GOKHAN TURKMEN'
10-17 20:40:59.195 I/ReactNativeJS(13702): [useNowPlaying] Not JSON, parsing as plain text
10-17 20:40:59.197 I/ReactNativeJS(13702): '[useNowPlaying] Setting now playing (plain text):', { song: 'MAHSER',
10-17 20:40:59.251 I/ReactNativeJS(13702): '[RadioPlayerControls] metadataUrl:', 'https://radyo.yayin.com.tr:5132/currentsong'
10-17 20:40:59.251 I/ReactNativeJS(13702): '[RadioPlayerControls] nowPlaying updated:', { song: 'MAHSER',
10-17 20:40:59.251 I/ReactNativeJS(13702): [TrackPlayerService] Metadata unchanged, skipping update
10-17 20:41:00.426 D/AidlBufferPool( 1237): bufferpool2 0xb4000072c8250508 : 6(24576 size) total buffers - 1(4096 size) used buffers - 16728/16734 (recycle/alloc) - 111/16733 (fetch/transfer)
10-17 20:41:03.593 D/AidlBufferPool(13702): bufferpool2 0xb40000796efcbc58 : 5(40960 size) total buffers - 1(8192 size) used buffers - 16870/16875 (recycle/alloc) - 5/16874 (fetch/transfer)
10-17 20:41:03.657 I/ReactNativeJS(13702): '[useNowPlaying] Fetching metadata from:', 'https://radyo.yayin.com.tr:5132/currentsong'
10-17 20:41:04.319 I/ReactNativeJS(13702): '[useNowPlaying] Response status:', 200
10-17 20:41:04.332 I/ReactNativeJS(13702): '[useNowPlaying] Received text:', 'MAHSER - GOKHAN TURKMEN'
10-17 20:41:04.332 I/ReactNativeJS(13702): [useNowPlaying] Not JSON, parsing as plain text
10-17 20:41:04.333 I/ReactNativeJS(13702): '[useNowPlaying] Setting now playing (plain text):', { song: 'MAHSER',
10-17 20:41:04.370 I/ReactNativeJS(13702): '[RadioPlayerControls] metadataUrl:', 'https://radyo.yayin.com.tr:5132/currentsong'
10-17 20:41:04.371 I/ReactNativeJS(13702): '[RadioPlayerControls] nowPlaying updated:', { song: 'MAHSER',
10-17 20:41:04.371 I/ReactNativeJS(13702): [TrackPlayerService] Metadata unchanged, skipping update
10-17 20:41:05.666 D/AidlBufferPool( 1237): bufferpool2 0xb4000072c8250508 : 6(24576 size) total buffers - 1(4096 size) used buffers - 16954/16960 (recycle/alloc) - 114/16959 (fetch/transfer)
10-17 20:41:08.662 I/ReactNativeJS(13702): '[useNowPlaying] Fetching metadata from:', 'https://radyo.yayin.com.tr:5132/currentsong'
10-17 20:41:08.793 D/AidlBufferPool(13702): bufferpool2 0xb40000796efcbc58 : 5(40960 size) total buffers - 1(8192 size) used buffers - 17094/17099 (recycle/alloc) - 5/17098 (fetch/transfer)
10-17 20:41:09.116 I/ReactNativeJS(13702): '[useNowPlaying] Response status:', 200
10-17 20:41:09.120 I/ReactNativeJS(13702): '[useNowPlaying] Received text:', 'MAHSER - GOKHAN TURKMEN'
10-17 20:41:09.120 I/ReactNativeJS(13702): [useNowPlaying] Not JSON, parsing as plain text
10-17 20:41:09.121 I/ReactNativeJS(13702): '[useNowPlaying] Setting now playing (plain text):', { song: 'MAHSER',
10-17 20:41:09.180 I/ReactNativeJS(13702): '[RadioPlayerControls] metadataUrl:', 'https://radyo.yayin.com.tr:5132/currentsong'
10-17 20:41:09.180 I/ReactNativeJS(13702): '[RadioPlayerControls] nowPlaying updated:', { song: 'MAHSER',
10-17 20:41:09.180 I/ReactNativeJS(13702): [TrackPlayerService] Metadata unchanged, skipping update
10-17 20:41:11.166 D/AidlBufferPool( 1237): bufferpool2 0xb4000072c8250508 : 6(24576 size) total buffers - 1(4096 size) used buffers - 17191/17197 (recycle/alloc) - 114/17196 (fetch/transfer)
10-17 20:41:13.661 I/ReactNativeJS(13702): '[useNowPlaying] Fetching metadata from:', 'https://radyo.yayin.com.tr:5132/currentsong'
10-17 20:41:13.980 D/AidlBufferPool(13702): bufferpool2 0xb40000796efcbc58 : 5(40960 size) total buffers - 4(32768 size) used buffers - 17320/17325 (recycle/alloc) - 5/17322 (fetch/transfer)
10-17 20:41:14.246 I/ReactNativeJS(13702): '[useNowPlaying] Response status:', 200
10-17 20:41:14.249 I/ReactNativeJS(13702): '[useNowPlaying] Received text:', 'MAHSER - GOKHAN TURKMEN'
10-17 20:41:14.249 I/ReactNativeJS(13702): [useNowPlaying] Not JSON, parsing as plain text
10-17 20:41:14.253 I/ReactNativeJS(13702): '[useNowPlaying] Setting now playing (plain text):', { song: 'MAHSER',
10-17 20:41:14.304 I/ReactNativeJS(13702): '[RadioPlayerControls] metadataUrl:', 'https://radyo.yayin.com.tr:5132/currentsong'
10-17 20:41:14.304 I/ReactNativeJS(13702): '[RadioPlayerControls] nowPlaying updated:', { song: 'MAHSER',
10-17 20:41:14.304 I/ReactNativeJS(13702): [TrackPlayerService] Metadata unchanged, skipping update
10-17 20:41:16.738 D/AidlBufferPool( 1237): bufferpool2 0xb4000072c8250508 : 6(24576 size) total buffers - 1(4096 size) used buffers - 17431/17437 (recycle/alloc) - 115/17436 (fetch/transfer)
10-17 20:41:18.662 I/ReactNativeJS(13702): '[useNowPlaying] Fetching metadata from:', 'https://radyo.yayin.com.tr:5132/currentsong'
10-17 20:41:19.143 I/ReactNativeJS(13702): '[useNowPlaying] Response status:', 200
10-17 20:41:19.147 I/ReactNativeJS(13702): '[useNowPlaying] Received text:', 'MAHSER - GOKHAN TURKMEN'
10-17 20:41:19.147 I/ReactNativeJS(13702): [useNowPlaying] Not JSON, parsing as plain text
10-17 20:41:19.147 I/ReactNativeJS(13702): '[useNowPlaying] Setting now playing (plain text):', { song: 'MAHSER',
10-17 20:41:19.201 I/ReactNativeJS(13702): '[RadioPlayerControls] metadataUrl:', 'https://radyo.yayin.com.tr:5132/currentsong'
10-17 20:41:19.201 I/ReactNativeJS(13702): '[RadioPlayerControls] nowPlaying updated:', { song: 'MAHSER',
10-17 20:41:19.202 I/ReactNativeJS(13702): [TrackPlayerService] Metadata unchanged, skipping update
10-17 20:41:19.331 D/AidlBufferPool(13702): bufferpool2 0xb40000796efcbc58 : 5(40960 size) total buffers - 1(8192 size) used buffers - 17548/17553 (recycle/alloc) - 5/17552 (fetch/transfer)
10-17 20:41:22.142 D/AidlBufferPool( 1237): bufferpool2 0xb4000072c8250508 : 6(24576 size) total buffers - 1(4096 size) used buffers - 17664/17670 (recycle/alloc) - 119/17669 (fetch/transfer)
10-17 20:41:23.663 I/ReactNativeJS(13702): '[useNowPlaying] Fetching metadata from:', 'https://radyo.yayin.com.tr:5132/currentsong'
10-17 20:41:24.159 I/ReactNativeJS(13702): '[useNowPlaying] Response status:', 200
10-17 20:41:24.162 I/ReactNativeJS(13702): '[useNowPlaying] Received text:', 'MAHSER - GOKHAN TURKMEN'
10-17 20:41:24.162 I/ReactNativeJS(13702): [useNowPlaying] Not JSON, parsing as plain text
10-17 20:41:24.163 I/ReactNativeJS(13702): '[useNowPlaying] Setting now playing (plain text):', { song: 'MAHSER',
10-17 20:41:24.209 I/ReactNativeJS(13702): '[RadioPlayerControls] metadataUrl:', 'https://radyo.yayin.com.tr:5132/currentsong'
10-17 20:41:24.210 I/ReactNativeJS(13702): '[RadioPlayerControls] nowPlaying updated:', { song: 'MAHSER',
10-17 20:41:24.210 I/ReactNativeJS(13702): [TrackPlayerService] Metadata unchanged, skipping update
10-17 20:41:24.355 D/AidlBufferPool(13702): bufferpool2 0xb40000796efcbc58 : 5(40960 size) total buffers - 1(8192 size) used buffers - 17764/17769 (recycle/alloc) - 5/17768 (fetch/transfer)
10-17 20:41:27.598 D/AidlBufferPool( 1237): bufferpool2 0xb4000072c8250508 : 6(24576 size) total buffers - 1(4096 size) used buffers - 17899/17905 (recycle/alloc) - 120/17904 (fetch/transfer)
10-17 20:41:28.665 I/ReactNativeJS(13702): '[useNowPlaying] Fetching metadata from:', 'https://radyo.yayin.com.tr:5132/currentsong'
10-17 20:41:29.188 I/ReactNativeJS(13702): '[useNowPlaying] Response status:', 200
10-17 20:41:29.192 I/ReactNativeJS(13702): '[useNowPlaying] Received text:', 'MAHSER - GOKHAN TURKMEN'
10-17 20:41:29.193 I/ReactNativeJS(13702): [useNowPlaying] Not JSON, parsing as plain text
10-17 20:41:29.194 I/ReactNativeJS(13702): '[useNowPlaying] Setting now playing (plain text):', { song: 'MAHSER',
10-17 20:41:29.260 I/ReactNativeJS(13702): '[RadioPlayerControls] metadataUrl:', 'https://radyo.yayin.com.tr:5132/currentsong'
10-17 20:41:29.261 I/ReactNativeJS(13702): '[RadioPlayerControls] nowPlaying updated:', { song: 'MAHSER',
10-17 20:41:29.261 I/ReactNativeJS(13702): [TrackPlayerService] Metadata unchanged, skipping update
10-17 20:41:29.709 D/AidlBufferPool(13702): bufferpool2 0xb40000796efcbc58 : 5(40960 size) total buffers - 4(32768 size) used buffers - 17997/18002 (recycle/alloc) - 5/17999 (fetch/transfer)
10-17 20:41:33.050 D/AidlBufferPool( 1237): bufferpool2 0xb4000072c8250508 : 6(24576 size) total buffers - 1(4096 size) used buffers - 18133/18139 (recycle/alloc) - 122/18138 (fetch/transfer)
10-17 20:41:33.662 I/ReactNativeJS(13702): '[useNowPlaying] Fetching metadata from:', 'https://radyo.yayin.com.tr:5132/currentsong'
10-17 20:41:34.231 I/ReactNativeJS(13702): '[useNowPlaying] Response status:', 200
10-17 20:41:34.239 I/ReactNativeJS(13702): '[useNowPlaying] Received text:', 'MAHSER - GOKHAN TURKMEN'
10-17 20:41:34.239 I/ReactNativeJS(13702): [useNowPlaying] Not JSON, parsing as plain text
10-17 20:41:34.240 I/ReactNativeJS(13702): '[useNowPlaying] Setting now playing (plain text):', { song: 'MAHSER',
10-17 20:41:34.293 I/ReactNativeJS(13702): '[RadioPlayerControls] metadataUrl:', 'https://radyo.yayin.com.tr:5132/currentsong'
10-17 20:41:34.295 I/ReactNativeJS(13702): '[RadioPlayerControls] nowPlaying updated:', { song: 'MAHSER',
10-17 20:41:34.295 I/ReactNativeJS(13702): [TrackPlayerService] Metadata unchanged, skipping update
10-17 20:41:35.048 D/AidlBufferPool(13702): bufferpool2 0xb40000796efcbc58 : 5(40960 size) total buffers - 4(32768 size) used buffers - 18227/18232 (recycle/alloc) - 5/18230 (fetch/transfer)
10-17 20:41:38.371 D/AidlBufferPool( 1237): bufferpool2 0xb4000072c8250508 : 6(24576 size) total buffers - 1(4096 size) used buffers - 18362/18368 (recycle/alloc) - 124/18367 (fetch/transfer)
10-17 20:41:38.665 I/ReactNativeJS(13702): '[useNowPlaying] Fetching metadata from:', 'https://radyo.yayin.com.tr:5132/currentsong'
10-17 20:41:39.131 I/ReactNativeJS(13702): '[useNowPlaying] Response status:', 200
10-17 20:41:39.136 I/ReactNativeJS(13702): '[useNowPlaying] Received text:', 'MAHSER - GOKHAN TURKMEN'
10-17 20:41:39.136 I/ReactNativeJS(13702): [useNowPlaying] Not JSON, parsing as plain text
10-17 20:41:39.137 I/ReactNativeJS(13702): '[useNowPlaying] Setting now playing (plain text):', { song: 'MAHSER',
10-17 20:41:39.189 I/ReactNativeJS(13702): '[RadioPlayerControls] metadataUrl:', 'https://radyo.yayin.com.tr:5132/currentsong'
10-17 20:41:39.189 I/ReactNativeJS(13702): '[RadioPlayerControls] nowPlaying updated:', { song: 'MAHSER',
10-17 20:41:39.189 I/ReactNativeJS(13702): [TrackPlayerService] Metadata unchanged, skipping update
10-17 20:41:40.388 D/AidlBufferPool(13702): bufferpool2 0xb40000796efcbc58 : 5(40960 size) total buffers - 1(8192 size) used buffers - 18455/18460 (recycle/alloc) - 5/18459 (fetch/transfer)
10-17 20:41:43.667 I/ReactNativeJS(13702): '[useNowPlaying] Fetching metadata from:', 'https://radyo.yayin.com.tr:5132/currentsong'
10-17 20:41:43.742 D/AidlBufferPool( 1237): bufferpool2 0xb4000072c8250508 : 6(24576 size) total buffers - 1(4096 size) used buffers - 18594/18600 (recycle/alloc) - 126/18599 (fetch/transfer)
10-17 20:41:44.133 I/ReactNativeJS(13702): '[useNowPlaying] Response status:', 200
10-17 20:41:44.138 I/ReactNativeJS(13702): '[useNowPlaying] Received text:', 'MAHSER - GOKHAN TURKMEN'
10-17 20:41:44.138 I/ReactNativeJS(13702): [useNowPlaying] Not JSON, parsing as plain text
10-17 20:41:44.138 I/ReactNativeJS(13702): '[useNowPlaying] Setting now playing (plain text):', { song: 'MAHSER',
10-17 20:41:44.192 I/ReactNativeJS(13702): '[RadioPlayerControls] metadataUrl:', 'https://radyo.yayin.com.tr:5132/currentsong'
10-17 20:41:44.193 I/ReactNativeJS(13702): '[RadioPlayerControls] nowPlaying updated:', { song: 'MAHSER',
10-17 20:41:44.193 I/ReactNativeJS(13702): [TrackPlayerService] Metadata unchanged, skipping update
10-17 20:41:45.891 D/AidlBufferPool(13702): bufferpool2 0xb40000796efcbc58 : 5(40960 size) total buffers - 1(8192 size) used buffers - 18692/18697 (recycle/alloc) - 5/18696 (fetch/transfer)
10-17 20:41:48.683 I/ReactNativeJS(13702): '[useNowPlaying] Fetching metadata from:', 'https://radyo.yayin.com.tr:5132/currentsong'
10-17 20:41:49.169 I/ReactNativeJS(13702): '[useNowPlaying] Response status:', 200
10-17 20:41:49.173 I/ReactNativeJS(13702): '[useNowPlaying] Received text:', 'DON GERI - TAN TASCI'
10-17 20:41:49.173 I/ReactNativeJS(13702): [useNowPlaying] Not JSON, parsing as plain text
10-17 20:41:49.174 I/ReactNativeJS(13702): '[useNowPlaying] Setting now playing (plain text):', { song: 'DON GERI',
10-17 20:41:49.203 D/AidlBufferPool( 1237): bufferpool2 0xb4000072c8250508 : 6(24576 size) total buffers - 1(4096 size) used buffers - 18829/18835 (recycle/alloc) - 127/18834 (fetch/transfer)
10-17 20:41:49.237 I/ReactNativeJS(13702): '[RadioPlayerControls] metadataUrl:', 'https://radyo.yayin.com.tr:5132/currentsong'
10-17 20:41:49.237 I/ReactNativeJS(13702): '[RadioPlayerControls] nowPlaying updated:', { song: 'DON GERI',
10-17 20:41:49.240 I/ReactNativeJS(13702): '[TrackPlayerService] Updating metadata:', { title: 'DON GERI',
10-17 20:41:49.250 I/ReactNativeJS(13702): [TrackPlayerService] Metadata updated successfully
10-17 20:41:50.491 D/GoogleBatteryDataSource( 2155): fetchDwellDefendStatus: CONNECTED
10-17 20:41:50.491 D/GoogleBatteryDataSource( 2155): fetchTempDefendStatus: t_sum=0, time_sum=0 t_avg=0 lst_v=0 lst_t=0 lst_u=0, dt=1746570, t=0 e=1
10-17 20:41:50.911 D/AidlBufferPool(13702): bufferpool2 0xb40000796efcbc58 : 5(40960 size) total buffers - 1(8192 size) used buffers - 18908/18913 (recycle/alloc) - 5/18912 (fetch/transfer)
10-17 20:41:53.672 I/ReactNativeJS(13702): '[useNowPlaying] Fetching metadata from:', 'https://radyo.yayin.com.tr:5132/currentsong'
10-17 20:41:54.279 I/ReactNativeJS(13702): '[useNowPlaying] Response status:', 200
10-17 20:41:54.285 I/ReactNativeJS(13702): '[useNowPlaying] Received text:', 'DON GERI - TAN TASCI'
10-17 20:41:54.286 I/ReactNativeJS(13702): [useNowPlaying] Not JSON, parsing as plain text
10-17 20:41:54.288 I/ReactNativeJS(13702): '[useNowPlaying] Setting now playing (plain text):', { song: 'DON GERI',
10-17 20:41:54.345 I/ReactNativeJS(13702): '[RadioPlayerControls] metadataUrl:', 'https://radyo.yayin.com.tr:5132/currentsong'
10-17 20:41:54.346 I/ReactNativeJS(13702): '[RadioPlayerControls] nowPlaying updated:', { song: 'DON GERI',
10-17 20:41:54.346 I/ReactNativeJS(13702): [TrackPlayerService] Metadata unchanged, skipping update
10-17 20:41:54.724 D/AidlBufferPool( 1237): bufferpool2 0xb4000072c8250508 : 6(24576 size) total buffers - 1(4096 size) used buffers - 19067/19073 (recycle/alloc) - 128/19072 (fetch/transfer)
10-17 20:41:56.428 D/AidlBufferPool(13702): bufferpool2 0xb40000796efcbc58 : 5(40960 size) total buffers - 1(8192 size) used buffers - 19146/19151 (recycle/alloc) - 5/19150 (fetch/transfer)
10-17 20:41:58.680 I/ReactNativeJS(13702): '[useNowPlaying] Fetching metadata from:', 'https://radyo.yayin.com.tr:5132/currentsong'
10-17 20:41:59.385 I/ReactNativeJS(13702): '[useNowPlaying] Response status:', 200
10-17 20:41:59.390 I/ReactNativeJS(13702): '[useNowPlaying] Received text:', 'DON GERI - TAN TASCI'
10-17 20:41:59.390 I/ReactNativeJS(13702): [useNowPlaying] Not JSON, parsing as plain text
10-17 20:41:59.392 I/ReactNativeJS(13702): '[useNowPlaying] Setting now playing (plain text):', { song: 'DON GERI',
10-17 20:41:59.457 I/ReactNativeJS(13702): '[RadioPlayerControls] metadataUrl:', 'https://radyo.yayin.com.tr:5132/currentsong'
10-17 20:41:59.457 I/ReactNativeJS(13702): '[RadioPlayerControls] nowPlaying updated:', { song: 'DON GERI',
10-17 20:41:59.457 I/ReactNativeJS(13702): [TrackPlayerService] Metadata unchanged, skipping update
10-17 20:42:00.300 D/AidlBufferPool( 1237): bufferpool2 0xb4000072c8250508 : 6(24576 size) total buffers - 1(4096 size) used buffers - 19307/19313 (recycle/alloc) - 129/19312 (fetch/transfer)
10-17 20:42:01.873 D/AidlBufferPool(13702): bufferpool2 0xb40000796efcbc58 : 5(40960 size) total buffers - 1(8192 size) used buffers - 19380/19385 (recycle/alloc) - 5/19384 (fetch/transfer)
10-17 20:42:03.684 I/ReactNativeJS(13702): '[useNowPlaying] Fetching metadata from:', 'https://radyo.yayin.com.tr:5132/currentsong'
10-17 20:42:04.299 I/ReactNativeJS(13702): '[useNowPlaying] Response status:', 200
10-17 20:42:04.306 I/ReactNativeJS(13702): '[useNowPlaying] Received text:', 'DON GERI - TAN TASCI'
10-17 20:42:04.306 I/ReactNativeJS(13702): [useNowPlaying] Not JSON, parsing as plain text
10-17 20:42:04.307 I/ReactNativeJS(13702): '[useNowPlaying] Setting now playing (plain text):', { song: 'DON GERI',
10-17 20:42:04.356 I/ReactNativeJS(13702): '[RadioPlayerControls] metadataUrl:', 'https://radyo.yayin.com.tr:5132/currentsong'
10-17 20:42:04.357 I/ReactNativeJS(13702): '[RadioPlayerControls] nowPlaying updated:', { song: 'DON GERI',
10-17 20:42:04.357 I/ReactNativeJS(13702): [TrackPlayerService] Metadata unchanged, skipping update
10-17 20:42:05.323 D/AidlBufferPool( 1237): bufferpool2 0xb4000072c8250508 : 6(24576 size) total buffers - 1(4096 size) used buffers - 19523/19529 (recycle/alloc) - 130/19528 (fetch/transfer)
10-17 20:42:07.214 D/AidlBufferPool(13702): bufferpool2 0xb40000796efcbc58 : 5(40960 size) total buffers - 1(8192 size) used buffers - 19610/19615 (recycle/alloc) - 5/19614 (fetch/transfer)
10-17 20:42:08.240 I/GetModelStateManager(11806): (REDACTED) Received %s, fetching model state.
10-17 20:42:08.416 I/HiH_HiHealthNatApi(10612): 1600008300|R|I|taskCt=0 TaskInfo{cTm:2025-10-17 20:42:08:415,method:fetchUserData,param:com.huawei.health.manager.LogicalStepCounter$6@51da78d}
10-17 20:42:08.686 I/ReactNativeJS(13702): '[useNowPlaying] Fetching metadata from:', 'https://radyo.yayin.com.tr:5132/currentsong'
10-17 20:42:09.088 I/ReactNativeJS(13702): '[useNowPlaying] Response status:', 200
10-17 20:42:09.089 I/ReactNativeJS(13702): '[useNowPlaying] Received text:', 'DON GERI - TAN TASCI'
10-17 20:42:09.089 I/ReactNativeJS(13702): [useNowPlaying] Not JSON, parsing as plain text
10-17 20:42:09.090 I/ReactNativeJS(13702): '[useNowPlaying] Setting now playing (plain text):', { song: 'DON GERI',
10-17 20:42:09.111 I/ReactNativeJS(13702): '[RadioPlayerControls] metadataUrl:', 'https://radyo.yayin.com.tr:5132/currentsong'
10-17 20:42:09.111 I/ReactNativeJS(13702): '[RadioPlayerControls] nowPlaying updated:', { song: 'DON GERI',
10-17 20:42:09.111 I/ReactNativeJS(13702): [TrackPlayerService] Metadata unchanged, skipping update
10-17 20:42:10.680 D/AidlBufferPool( 1237): bufferpool2 0xb4000072c8250508 : 6(24576 size) total buffers - 1(4096 size) used buffers - 19754/19760 (recycle/alloc) - 130/19759 (fetch/transfer)
10-17 20:42:13.694 I/ReactNativeJS(13702): '[useNowPlaying] Fetching metadata from:', 'https://radyo.yayin.com.tr:5132/currentsong'
10-17 20:42:14.112 I/ReactNativeJS(13702): '[useNowPlaying] Response status:', 200
10-17 20:42:14.115 I/ReactNativeJS(13702): '[useNowPlaying] Received text:', 'DON GERI - TAN TASCI'
10-17 20:42:14.115 I/ReactNativeJS(13702): [useNowPlaying] Not JSON, parsing as plain text
10-17 20:42:14.117 I/ReactNativeJS(13702): '[useNowPlaying] Setting now playing (plain text):', { song: 'DON GERI',
10-17 20:42:14.160 I/ReactNativeJS(13702): '[RadioPlayerControls] metadataUrl:', 'https://radyo.yayin.com.tr:5132/currentsong'
10-17 20:42:14.161 I/ReactNativeJS(13702): '[RadioPlayerControls] nowPlaying updated:', { song: 'DON GERI',
10-17 20:42:14.161 I/ReactNativeJS(13702): [TrackPlayerService] Metadata unchanged, skipping update
10-17 20:42:16.948 D/AidlBufferPool( 1237): bufferpool2 0xb4000072c8250508 : 6(24576 size) total buffers - 0(0 size) used buffers - 19813/19819 (recycle/alloc) - 131/19819 (fetch/transfer)
10-17 20:42:16.964 D/AidlBufferPool(13702): bufferpool2 0xb40000796efcbc58 : 5(40960 size) total buffers - 0(0 size) used buffers - 19818/19823 (recycle/alloc) - 5/19823 (fetch/transfer)
10-17 20:42:18.708 I/ReactNativeJS(13702): '[useNowPlaying] Fetching metadata from:', 'https://radyo.yayin.com.tr:5132/currentsong'
10-17 20:42:19.164 I/ReactNativeJS(13702): '[useNowPlaying] Response status:', 200
10-17 20:42:19.172 I/ReactNativeJS(13702): '[useNowPlaying] Received text:', 'DON GERI - TAN TASCI'
10-17 20:42:19.172 I/ReactNativeJS(13702): [useNowPlaying] Not JSON, parsing as plain text
10-17 20:42:19.173 I/ReactNativeJS(13702): '[useNowPlaying] Setting now playing (plain text):', { song: 'DON GERI',
10-17 20:42:19.234 I/ReactNativeJS(13702): '[RadioPlayerControls] metadataUrl:', 'https://radyo.yayin.com.tr:5132/currentsong'
10-17 20:42:19.234 I/ReactNativeJS(13702): '[RadioPlayerControls] nowPlaying updated:', { song: 'DON GERI',
10-17 20:42:19.235 I/ReactNativeJS(13702): [TrackPlayerService] Metadata unchanged, skipping update
10-17 20:42:23.717 I/ReactNativeJS(13702): '[useNowPlaying] Fetching metadata from:', 'https://radyo.yayin.com.tr:5132/currentsong'
10-17 20:42:24.181 I/ReactNativeJS(13702): '[useNowPlaying] Response status:', 200
10-17 20:42:24.188 I/ReactNativeJS(13702): '[useNowPlaying] Received text:', 'DON GERI - TAN TASCI'
10-17 20:42:24.188 I/ReactNativeJS(13702): [useNowPlaying] Not JSON, parsing as plain text
10-17 20:42:24.190 I/ReactNativeJS(13702): '[useNowPlaying] Setting now playing (plain text):', { song: 'DON GERI',
10-17 20:42:24.252 I/ReactNativeJS(13702): '[RadioPlayerControls] metadataUrl:', 'https://radyo.yayin.com.tr:5132/currentsong'
10-17 20:42:24.253 I/ReactNativeJS(13702): '[RadioPlayerControls] nowPlaying updated:', { song: 'DON GERI',
10-17 20:42:24.253 I/ReactNativeJS(13702): [TrackPlayerService] Metadata unchanged, skipping update
10-17 20:42:28.725 I/ReactNativeJS(13702): '[useNowPlaying] Fetching metadata from:', 'https://radyo.yayin.com.tr:5132/currentsong'
10-17 20:42:29.298 I/ReactNativeJS(13702): '[useNowPlaying] Response status:', 200
10-17 20:42:29.302 I/ReactNativeJS(13702): '[useNowPlaying] Received text:', 'DON GERI - TAN TASCI'
10-17 20:42:29.302 I/ReactNativeJS(13702): [useNowPlaying] Not JSON, parsing as plain text
10-17 20:42:29.303 I/ReactNativeJS(13702): '[useNowPlaying] Setting now playing (plain text):', { song: 'DON GERI',
10-17 20:42:29.358 I/ReactNativeJS(13702): '[RadioPlayerControls] metadataUrl:', 'https://radyo.yayin.com.tr:5132/currentsong'
10-17 20:42:29.359 I/ReactNativeJS(13702): '[RadioPlayerControls] nowPlaying updated:', { song: 'DON GERI',
10-17 20:42:29.359 I/ReactNativeJS(13702): [TrackPlayerService] Metadata unchanged, skipping update
10-17 20:42:33.725 I/ReactNativeJS(13702): '[useNowPlaying] Fetching metadata from:', 'https://radyo.yayin.com.tr:5132/currentsong'
10-17 20:42:34.325 I/ReactNativeJS(13702): '[useNowPlaying] Response status:', 200
10-17 20:42:34.331 I/ReactNativeJS(13702): '[useNowPlaying] Received text:', 'DON GERI - TAN TASCI'
10-17 20:42:34.332 I/ReactNativeJS(13702): [useNowPlaying] Not JSON, parsing as plain text
10-17 20:42:34.332 I/ReactNativeJS(13702): '[useNowPlaying] Setting now playing (plain text):', { song: 'DON GERI',
10-17 20:42:34.389 I/ReactNativeJS(13702): '[RadioPlayerControls] metadataUrl:', 'https://radyo.yayin.com.tr:5132/currentsong'
10-17 20:42:34.389 I/ReactNativeJS(13702): '[RadioPlayerControls] nowPlaying updated:', { song: 'DON GERI',
10-17 20:42:34.389 I/ReactNativeJS(13702): [TrackPlayerService] Metadata unchanged, skipping update
10-17 20:42:38.734 I/ReactNativeJS(13702): '[useNowPlaying] Fetching metadata from:', 'https://radyo.yayin.com.tr:5132/currentsong'
10-17 20:42:39.233 I/ReactNativeJS(13702): '[useNowPlaying] Response status:', 200
10-17 20:42:39.240 I/ReactNativeJS(13702): '[useNowPlaying] Received text:', 'DON GERI - TAN TASCI'
10-17 20:42:39.240 I/ReactNativeJS(13702): [useNowPlaying] Not JSON, parsing as plain text
10-17 20:42:39.241 I/ReactNativeJS(13702): '[useNowPlaying] Setting now playing (plain text):', { song: 'DON GERI',
10-17 20:42:39.297 I/ReactNativeJS(13702): '[RadioPlayerControls] metadataUrl:', 'https://radyo.yayin.com.tr:5132/currentsong'
10-17 20:42:39.298 I/ReactNativeJS(13702): '[RadioPlayerControls] nowPlaying updated:', { song: 'DON GERI',
10-17 20:42:39.298 I/ReactNativeJS(13702): [TrackPlayerService] Metadata unchanged, skipping update
10-17 20:42:43.741 I/ReactNativeJS(13702): '[useNowPlaying] Fetching metadata from:', 'https://radyo.yayin.com.tr:5132/currentsong'
10-17 20:42:44.247 I/ReactNativeJS(13702): '[useNowPlaying] Response status:', 200
10-17 20:42:44.251 I/ReactNativeJS(13702): '[useNowPlaying] Received text:', 'DON GERI - TAN TASCI'
10-17 20:42:44.251 I/ReactNativeJS(13702): [useNowPlaying] Not JSON, parsing as plain text
10-17 20:42:44.252 I/ReactNativeJS(13702): '[useNowPlaying] Setting now playing (plain text):', { song: 'DON GERI',
10-17 20:42:44.307 I/ReactNativeJS(13702): '[RadioPlayerControls] metadataUrl:', 'https://radyo.yayin.com.tr:5132/currentsong'
10-17 20:42:44.307 I/ReactNativeJS(13702): '[RadioPlayerControls] nowPlaying updated:', { song: 'DON GERI',
10-17 20:42:44.307 I/ReactNativeJS(13702): [TrackPlayerService] Metadata unchanged, skipping update
10-17 20:42:48.749 I/ReactNativeJS(13702): '[useNowPlaying] Fetching metadata from:', 'https://radyo.yayin.com.tr:5132/currentsong'
10-17 20:42:49.179 I/ReactNativeJS(13702): '[useNowPlaying] Response status:', 200
10-17 20:42:49.183 I/ReactNativeJS(13702): '[useNowPlaying] Received text:', 'DON GERI - TAN TASCI'
10-17 20:42:49.183 I/ReactNativeJS(13702): [useNowPlaying] Not JSON, parsing as plain text
10-17 20:42:49.185 I/ReactNativeJS(13702): '[useNowPlaying] Setting now playing (plain text):', { song: 'DON GERI',
10-17 20:42:49.240 I/ReactNativeJS(13702): '[RadioPlayerControls] metadataUrl:', 'https://radyo.yayin.com.tr:5132/currentsong'
10-17 20:42:49.241 I/ReactNativeJS(13702): '[RadioPlayerControls] nowPlaying updated:', { song: 'DON GERI',
10-17 20:42:49.241 I/ReactNativeJS(13702): [TrackPlayerService] Metadata unchanged, skipping update
10-17 20:42:53.754 I/ReactNativeJS(13702): '[useNowPlaying] Fetching metadata from:', 'https://radyo.yayin.com.tr:5132/currentsong'
10-17 20:42:54.211 I/ReactNativeJS(13702): '[useNowPlaying] Response status:', 200
10-17 20:42:54.216 I/ReactNativeJS(13702): '[useNowPlaying] Received text:', 'DON GERI - TAN TASCI'
10-17 20:42:54.216 I/ReactNativeJS(13702): [useNowPlaying] Not JSON, parsing as plain text
10-17 20:42:54.217 I/ReactNativeJS(13702): '[useNowPlaying] Setting now playing (plain text):', { song: 'DON GERI',
10-17 20:42:54.274 I/ReactNativeJS(13702): '[RadioPlayerControls] metadataUrl:', 'https://radyo.yayin.com.tr:5132/currentsong'
10-17 20:42:54.274 I/ReactNativeJS(13702): '[RadioPlayerControls] nowPlaying updated:', { song: 'DON GERI',
10-17 20:42:54.275 I/ReactNativeJS(13702): [TrackPlayerService] Metadata unchanged, skipping update
10-17 20:42:58.762 I/ReactNativeJS(13702): '[useNowPlaying] Fetching metadata from:', 'https://radyo.yayin.com.tr:5132/currentsong'
10-17 20:42:59.302 I/ReactNativeJS(13702): '[useNowPlaying] Response status:', 200
10-17 20:42:59.310 I/ReactNativeJS(13702): '[useNowPlaying] Received text:', 'DON GERI - TAN TASCI'
10-17 20:42:59.310 I/ReactNativeJS(13702): [useNowPlaying] Not JSON, parsing as plain text
10-17 20:42:59.312 I/ReactNativeJS(13702): '[useNowPlaying] Setting now playing (plain text):', { song: 'DON GERI',
10-17 20:42:59.368 I/ReactNativeJS(13702): '[RadioPlayerControls] metadataUrl:', 'https://radyo.yayin.com.tr:5132/currentsong'
10-17 20:42:59.369 I/ReactNativeJS(13702): '[RadioPlayerControls] nowPlaying updated:', { song: 'DON GERI',
10-17 20:42:59.369 I/ReactNativeJS(13702): [TrackPlayerService] Metadata unchanged, skipping update
10-17 20:43:03.765 I/ReactNativeJS(13702): '[useNowPlaying] Fetching metadata from:', 'https://radyo.yayin.com.tr:5132/currentsong'
10-17 20:43:04.171 I/ReactNativeJS(13702): '[useNowPlaying] Response status:', 200
10-17 20:43:04.175 I/ReactNativeJS(13702): '[useNowPlaying] Received text:', 'DON GERI - TAN TASCI'
10-17 20:43:04.175 I/ReactNativeJS(13702): [useNowPlaying] Not JSON, parsing as plain text
10-17 20:43:04.177 I/ReactNativeJS(13702): '[useNowPlaying] Setting now playing (plain text):', { song: 'DON GERI',
10-17 20:43:04.230 I/ReactNativeJS(13702): '[RadioPlayerControls] metadataUrl:', 'https://radyo.yayin.com.tr:5132/currentsong'
10-17 20:43:04.230 I/ReactNativeJS(13702): '[RadioPlayerControls] nowPlaying updated:', { song: 'DON GERI',
10-17 20:43:04.230 I/ReactNativeJS(13702): [TrackPlayerService] Metadata unchanged, skipping update
10-17 20:43:04.474 I/fjss    ( 6637): (REDACTED) Writing metadata key: %s, corpus: %s
10-17 20:43:04.475 I/fjss    ( 6637): (REDACTED) Writing metadata key: %s, corpus: %s
10-17 20:43:04.487 I/fjss    ( 6637): (REDACTED) Writing metadata key: %s, corpus: %s
10-17 20:43:04.488 I/fjss    ( 6637): (REDACTED) Writing metadata key: %s, corpus: %s
10-17 20:43:04.513 I/fjss    ( 6637): (REDACTED) Writing metadata key: %s, corpus: %s
10-17 20:43:04.515 I/fjss    ( 6637): (REDACTED) Writing metadata key: %s, corpus: %s
10-17 20:43:05.022 I/fjss    ( 6637): (REDACTED) Writing metadata key: %s, corpus: %s
10-17 20:43:05.025 I/fjss    ( 6637): (REDACTED) Writing metadata key: %s, corpus: %s
10-17 20:43:05.036 I/fjss    ( 6637): (REDACTED) Writing metadata key: %s, corpus: %s
10-17 20:43:05.040 I/fjss    ( 6637): (REDACTED) Writing metadata key: %s, corpus: %s
10-17 20:43:05.066 I/fjss    ( 6637): (REDACTED) Writing metadata key: %s, corpus: %s
10-17 20:43:05.067 I/fjss    ( 6637): (REDACTED) Writing metadata key: %s, corpus: %s
10-17 20:43:05.557 I/fjss    ( 6637): (REDACTED) Writing metadata key: %s, corpus: %s
10-17 20:43:05.560 I/fjss    ( 6637): (REDACTED) Writing metadata key: %s, corpus: %s
10-17 20:43:05.576 I/fjss    ( 6637): (REDACTED) Writing metadata key: %s, corpus: %s
10-17 20:43:05.580 I/fjss    ( 6637): (REDACTED) Writing metadata key: %s, corpus: %s
10-17 20:43:05.610 I/fjss    ( 6637): (REDACTED) Writing metadata key: %s, corpus: %s
10-17 20:43:05.634 I/fjss    ( 6637): (REDACTED) Writing metadata key: %s, corpus: %s
10-17 20:43:08.768 I/ReactNativeJS(13702): '[useNowPlaying] Fetching metadata from:', 'https://radyo.yayin.com.tr:5132/currentsong'
10-17 20:43:09.332 I/ReactNativeJS(13702): '[useNowPlaying] Response status:', 200
10-17 20:43:09.336 I/ReactNativeJS(13702): '[useNowPlaying] Received text:', 'DON GERI - TAN TASCI'
10-17 20:43:09.337 I/ReactNativeJS(13702): [useNowPlaying] Not JSON, parsing as plain text
10-17 20:43:09.337 I/ReactNativeJS(13702): '[useNowPlaying] Setting now playing (plain text):', { song: 'DON GERI',
10-17 20:43:09.395 I/ReactNativeJS(13702): '[RadioPlayerControls] metadataUrl:', 'https://radyo.yayin.com.tr:5132/currentsong'
10-17 20:43:09.396 I/ReactNativeJS(13702): '[RadioPlayerControls] nowPlaying updated:', { song: 'DON GERI',
10-17 20:43:09.396 I/ReactNativeJS(13702): [TrackPlayerService] Metadata unchanged, skipping update
10-17 20:43:13.771 I/ReactNativeJS(13702): '[useNowPlaying] Fetching metadata from:', 'https://radyo.yayin.com.tr:5132/currentsong'
10-17 20:43:14.251 I/ReactNativeJS(13702): '[useNowPlaying] Response status:', 200
10-17 20:43:14.254 I/ReactNativeJS(13702): '[useNowPlaying] Received text:', 'DON GERI - TAN TASCI'
10-17 20:43:14.254 I/ReactNativeJS(13702): [useNowPlaying] Not JSON, parsing as plain text
10-17 20:43:14.255 I/ReactNativeJS(13702): '[useNowPlaying] Setting now playing (plain text):', { song: 'DON GERI',
10-17 20:43:14.308 I/ReactNativeJS(13702): '[RadioPlayerControls] metadataUrl:', 'https://radyo.yayin.com.tr:5132/currentsong'
10-17 20:43:14.309 I/ReactNativeJS(13702): '[RadioPlayerControls] nowPlaying updated:', { song: 'DON GERI',
10-17 20:43:14.309 I/ReactNativeJS(13702): [TrackPlayerService] Metadata unchanged, skipping update
10-17 20:43:18.774 I/ReactNativeJS(13702): '[useNowPlaying] Fetching metadata from:', 'https://radyo.yayin.com.tr:5132/currentsong'
10-17 20:43:19.295 I/ReactNativeJS(13702): '[useNowPlaying] Response status:', 200
10-17 20:43:19.301 I/ReactNativeJS(13702): '[useNowPlaying] Received text:', 'DON GERI - TAN TASCI'
10-17 20:43:19.302 I/ReactNativeJS(13702): [useNowPlaying] Not JSON, parsing as plain text
10-17 20:43:19.302 I/ReactNativeJS(13702): '[useNowPlaying] Setting now playing (plain text):', { song: 'DON GERI',
10-17 20:43:19.356 I/ReactNativeJS(13702): '[RadioPlayerControls] metadataUrl:', 'https://radyo.yayin.com.tr:5132/currentsong'
10-17 20:43:19.357 I/ReactNativeJS(13702): '[RadioPlayerControls] nowPlaying updated:', { song: 'DON GERI',
10-17 20:43:19.358 I/ReactNativeJS(13702): [TrackPlayerService] Metadata unchanged, skipping update
10-17 20:43:23.778 I/ReactNativeJS(13702): '[useNowPlaying] Fetching metadata from:', 'https://radyo.yayin.com.tr:5132/currentsong'
10-17 20:43:24.225 I/ReactNativeJS(13702): '[useNowPlaying] Response status:', 200
10-17 20:43:24.231 I/ReactNativeJS(13702): '[useNowPlaying] Received text:', 'DON GERI - TAN TASCI'
10-17 20:43:24.231 I/ReactNativeJS(13702): [useNowPlaying] Not JSON, parsing as plain text
10-17 20:43:24.232 I/ReactNativeJS(13702): '[useNowPlaying] Setting now playing (plain text):', { song: 'DON GERI',
10-17 20:43:24.287 I/ReactNativeJS(13702): '[RadioPlayerControls] metadataUrl:', 'https://radyo.yayin.com.tr:5132/currentsong'
10-17 20:43:24.288 I/ReactNativeJS(13702): '[RadioPlayerControls] nowPlaying updated:', { song: 'DON GERI',
10-17 20:43:24.288 I/ReactNativeJS(13702): [TrackPlayerService] Metadata unchanged, skipping update
10-17 20:43:28.782 I/ReactNativeJS(13702): '[useNowPlaying] Fetching metadata from:', 'https://radyo.yayin.com.tr:5132/currentsong'
10-17 20:43:29.204 I/ReactNativeJS(13702): '[useNowPlaying] Response status:', 200
10-17 20:43:29.210 I/ReactNativeJS(13702): '[useNowPlaying] Received text:', 'DON GERI - TAN TASCI'
10-17 20:43:29.211 I/ReactNativeJS(13702): [useNowPlaying] Not JSON, parsing as plain text
10-17 20:43:29.211 I/ReactNativeJS(13702): '[useNowPlaying] Setting now playing (plain text):', { song: 'DON GERI',
10-17 20:43:29.269 I/ReactNativeJS(13702): '[RadioPlayerControls] metadataUrl:', 'https://radyo.yayin.com.tr:5132/currentsong'
10-17 20:43:29.269 I/ReactNativeJS(13702): '[RadioPlayerControls] nowPlaying updated:', { song: 'DON GERI',
10-17 20:43:29.269 I/ReactNativeJS(13702): [TrackPlayerService] Metadata unchanged, skipping update
10-17 20:43:30.891 D/GoogleBatteryDataSource( 2155): fetchDwellDefendStatus: CONNECTED
10-17 20:43:30.893 D/GoogleBatteryDataSource( 2155): fetchTempDefendStatus: t_sum=0, time_sum=0 t_avg=0 lst_v=0 lst_t=0 lst_u=0, dt=1746570, t=0 e=1
10-17 20:43:33.789 I/ReactNativeJS(13702): '[useNowPlaying] Fetching metadata from:', 'https://radyo.yayin.com.tr:5132/currentsong'
10-17 20:43:34.320 I/ReactNativeJS(13702): '[useNowPlaying] Response status:', 200
10-17 20:43:34.325 I/ReactNativeJS(13702): '[useNowPlaying] Received text:', 'DON GERI - TAN TASCI'
10-17 20:43:34.325 I/ReactNativeJS(13702): [useNowPlaying] Not JSON, parsing as plain text
10-17 20:43:34.326 I/ReactNativeJS(13702): '[useNowPlaying] Setting now playing (plain text):', { song: 'DON GERI',
10-17 20:43:34.389 I/ReactNativeJS(13702): '[RadioPlayerControls] metadataUrl:', 'https://radyo.yayin.com.tr:5132/currentsong'
10-17 20:43:34.390 I/ReactNativeJS(13702): '[RadioPlayerControls] nowPlaying updated:', { song: 'DON GERI',
10-17 20:43:34.390 I/ReactNativeJS(13702): [TrackPlayerService] Metadata unchanged, skipping update
10-17 20:43:38.798 I/ReactNativeJS(13702): '[useNowPlaying] Fetching metadata from:', 'https://radyo.yayin.com.tr:5132/currentsong'
10-17 20:43:39.234 I/ReactNativeJS(13702): '[useNowPlaying] Response status:', 200
10-17 20:43:39.243 I/ReactNativeJS(13702): '[useNowPlaying] Received text:', 'DON GERI - TAN TASCI'
10-17 20:43:39.243 I/ReactNativeJS(13702): [useNowPlaying] Not JSON, parsing as plain text
10-17 20:43:39.244 I/ReactNativeJS(13702): '[useNowPlaying] Setting now playing (plain text):', { song: 'DON GERI',
10-17 20:43:39.302 I/ReactNativeJS(13702): '[RadioPlayerControls] metadataUrl:', 'https://radyo.yayin.com.tr:5132/currentsong'
10-17 20:43:39.303 I/ReactNativeJS(13702): '[RadioPlayerControls] nowPlaying updated:', { song: 'DON GERI',
10-17 20:43:39.304 I/ReactNativeJS(13702): [TrackPlayerService] Metadata unchanged, skipping update
10-17 20:43:43.802 I/ReactNativeJS(13702): '[useNowPlaying] Fetching metadata from:', 'https://radyo.yayin.com.tr:5132/currentsong'
10-17 20:43:44.250 I/ReactNativeJS(13702): '[useNowPlaying] Response status:', 200
10-17 20:43:44.254 I/ReactNativeJS(13702): '[useNowPlaying] Received text:', 'DON GERI - TAN TASCI'
10-17 20:43:44.254 I/ReactNativeJS(13702): [useNowPlaying] Not JSON, parsing as plain text
10-17 20:43:44.254 I/ReactNativeJS(13702): '[useNowPlaying] Setting now playing (plain text):', { song: 'DON GERI',
10-17 20:43:44.310 I/ReactNativeJS(13702): '[RadioPlayerControls] metadataUrl:', 'https://radyo.yayin.com.tr:5132/currentsong'
10-17 20:43:44.311 I/ReactNativeJS(13702): '[RadioPlayerControls] nowPlaying updated:', { song: 'DON GERI',
10-17 20:43:44.311 I/ReactNativeJS(13702): [TrackPlayerService] Metadata unchanged, skipping update
10-17 20:43:48.812 I/ReactNativeJS(13702): '[useNowPlaying] Fetching metadata from:', 'https://radyo.yayin.com.tr:5132/currentsong'
10-17 20:43:49.282 I/ReactNativeJS(13702): '[useNowPlaying] Response status:', 200
10-17 20:43:49.290 I/ReactNativeJS(13702): '[useNowPlaying] Received text:', 'DON GERI - TAN TASCI'
10-17 20:43:49.290 I/ReactNativeJS(13702): [useNowPlaying] Not JSON, parsing as plain text
10-17 20:43:49.291 I/ReactNativeJS(13702): '[useNowPlaying] Setting now playing (plain text):', { song: 'DON GERI',
10-17 20:43:49.347 I/ReactNativeJS(13702): '[RadioPlayerControls] metadataUrl:', 'https://radyo.yayin.com.tr:5132/currentsong'
10-17 20:43:49.348 I/ReactNativeJS(13702): '[RadioPlayerControls] nowPlaying updated:', { song: 'DON GERI',
10-17 20:43:49.348 I/ReactNativeJS(13702): [TrackPlayerService] Metadata unchanged, skipping update
10-17 20:43:53.816 I/ReactNativeJS(13702): '[useNowPlaying] Fetching metadata from:', 'https://radyo.yayin.com.tr:5132/currentsong'
10-17 20:43:54.306 I/ReactNativeJS(13702): '[useNowPlaying] Response status:', 200
10-17 20:43:54.313 I/ReactNativeJS(13702): '[useNowPlaying] Received text:', 'DON GERI - TAN TASCI'
10-17 20:43:54.314 I/ReactNativeJS(13702): [useNowPlaying] Not JSON, parsing as plain text
10-17 20:43:54.315 I/ReactNativeJS(13702): '[useNowPlaying] Setting now playing (plain text):', { song: 'DON GERI',
10-17 20:43:54.374 I/ReactNativeJS(13702): '[RadioPlayerControls] metadataUrl:', 'https://radyo.yayin.com.tr:5132/currentsong'
10-17 20:43:54.375 I/ReactNativeJS(13702): '[RadioPlayerControls] nowPlaying updated:', { song: 'DON GERI',
10-17 20:43:54.375 I/ReactNativeJS(13702): [TrackPlayerService] Metadata unchanged, skipping update
10-17 20:43:58.844 I/ReactNativeJS(13702): '[useNowPlaying] Fetching metadata from:', 'https://radyo.yayin.com.tr:5132/currentsong'
10-17 20:43:59.321 I/ReactNativeJS(13702): '[useNowPlaying] Response status:', 200
10-17 20:43:59.332 I/ReactNativeJS(13702): '[useNowPlaying] Received text:', 'DON GERI - TAN TASCI'
