10-17 20:48:24.700 I/ReactNativeJS(13702): [TrackPlayerService] Metadata unchanged, skipping update
10-17 20:48:29.096 I/ReactNativeJS(13702): '[useNowPlaying] Fetching metadata from:', 'https://radyo.yayin.com.tr:5132/currentsong'
10-17 20:48:29.760 I/ReactNativeJS(13702): '[useNowPlaying] Response status:', 200
10-17 20:48:29.766 I/ReactNativeJS(13702): '[useNowPlaying] Received text:', 'TOZ DUMAN - SEFO'
10-17 20:48:29.766 I/ReactNativeJS(13702): [useNowPlaying] Not JSON, parsing as plain text
10-17 20:48:29.767 I/ReactNativeJS(13702): '[useNowPlaying] Setting now playing (plain text):', { song: 'TOZ DUMAN', artist: 'SEFO', title: 'TOZ DUMAN - SEFO' }
10-17 20:48:29.823 I/ReactNativeJS(13702): '[RadioPlayerControls] metadataUrl:', 'https://radyo.yayin.com.tr:5132/currentsong'
10-17 20:48:29.823 I/ReactNativeJS(13702): '[RadioPlayerControls] nowPlaying updated:', { song: 'TOZ DUMAN', artist: 'SEFO', title: 'TOZ DUMAN - SEFO' }
10-17 20:48:29.823 I/ReactNativeJS(13702): [TrackPlayerService] Metadata unchanged, skipping update
10-17 20:48:34.103 I/ReactNativeJS(13702): '[useNowPlaying] Fetching metadata from:', 'https://radyo.yayin.com.tr:5132/currentsong'
10-17 20:48:34.777 I/ReactNativeJS(13702): '[useNowPlaying] Response status:', 200
10-17 20:48:34.782 I/ReactNativeJS(13702): '[useNowPlaying] Received text:', 'TOZ DUMAN - SEFO'
10-17 20:48:34.782 I/ReactNativeJS(13702): [useNowPlaying] Not JSON, parsing as plain text
10-17 20:48:34.783 I/ReactNativeJS(13702): '[useNowPlaying] Setting now playing (plain text):', { song: 'TOZ DUMAN', artist: 'SEFO', title: 'TOZ DUMAN - SEFO' }
10-17 20:48:34.849 I/ReactNativeJS(13702): '[RadioPlayerControls] metadataUrl:', 'https://radyo.yayin.com.tr:5132/currentsong'
10-17 20:48:34.849 I/ReactNativeJS(13702): '[RadioPlayerControls] nowPlaying updated:', { song: 'TOZ DUMAN', artist: 'SEFO', title: 'TOZ DUMAN - SEFO' }
10-17 20:48:34.849 I/ReactNativeJS(13702): [TrackPlayerService] Metadata unchanged, skipping update
10-17 20:48:39.111 I/ReactNativeJS(13702): '[useNowPlaying] Fetching metadata from:', 'https://radyo.yayin.com.tr:5132/currentsong'
10-17 20:48:39.791 I/ReactNativeJS(13702): '[useNowPlaying] Response status:', 200
10-17 20:48:39.798 I/ReactNativeJS(13702): '[useNowPlaying] Received text:', 'HAZIRSANIZ BASLIYORUZ - SEFO & TEKO'
10-17 20:48:39.798 I/ReactNativeJS(13702): [useNowPlaying] Not JSON, parsing as plain text
10-17 20:48:39.799 I/ReactNativeJS(13702): '[useNowPlaying] Setting now playing (plain text):', { song: 'HAZIRSANIZ BASLIYORUZ',
10-17 20:48:39.859 I/ReactNativeJS(13702): '[RadioPlayerControls] metadataUrl:', 'https://radyo.yayin.com.tr:5132/currentsong'
10-17 20:48:39.860 I/ReactNativeJS(13702): '[RadioPlayerControls] nowPlaying updated:', { song: 'HAZIRSANIZ BASLIYORUZ',
10-17 20:48:39.867 I/ReactNativeJS(13702): '[TrackPlayerService] Updating metadata:', { title: 'HAZIRSANIZ BASLIYORUZ',
10-17 20:48:39.893 I/ReactNativeJS(13702): [TrackPlayerService] Metadata updated successfully
10-17 20:48:44.112 I/ReactNativeJS(13702): '[useNowPlaying] Fetching metadata from:', 'https://radyo.yayin.com.tr:5132/currentsong'
10-17 20:48:44.720 I/ReactNativeJS(13702): '[useNowPlaying] Response status:', 200
10-17 20:48:44.731 I/ReactNativeJS(13702): '[useNowPlaying] Received text:', 'HAZIRSANIZ BASLIYORUZ - SEFO & TEKO'
10-17 20:48:44.731 I/ReactNativeJS(13702): [useNowPlaying] Not JSON, parsing as plain text
10-17 20:48:44.732 I/ReactNativeJS(13702): '[useNowPlaying] Setting now playing (plain text):', { song: 'HAZIRSANIZ BASLIYORUZ',
10-17 20:48:44.787 I/ReactNativeJS(13702): '[RadioPlayerControls] metadataUrl:', 'https://radyo.yayin.com.tr:5132/currentsong'
10-17 20:48:44.788 I/ReactNativeJS(13702): '[RadioPlayerControls] nowPlaying updated:', { song: 'HAZIRSANIZ BASLIYORUZ',
10-17 20:48:44.788 I/ReactNativeJS(13702): [TrackPlayerService] Metadata unchanged, skipping update
10-17 20:48:49.121 I/ReactNativeJS(13702): '[useNowPlaying] Fetching metadata from:', 'https://radyo.yayin.com.tr:5132/currentsong'
10-17 20:48:49.728 I/ReactNativeJS(13702): '[useNowPlaying] Response status:', 200
10-17 20:48:49.738 I/ReactNativeJS(13702): '[useNowPlaying] Received text:', 'HAZIRSANIZ BASLIYORUZ - SEFO & TEKO'
10-17 20:48:49.738 I/ReactNativeJS(13702): [useNowPlaying] Not JSON, parsing as plain text
10-17 20:48:49.739 I/ReactNativeJS(13702): '[useNowPlaying] Setting now playing (plain text):', { song: 'HAZIRSANIZ BASLIYORUZ',
10-17 20:48:49.795 I/ReactNativeJS(13702): '[RadioPlayerControls] metadataUrl:', 'https://radyo.yayin.com.tr:5132/currentsong'
10-17 20:48:49.796 I/ReactNativeJS(13702): '[RadioPlayerControls] nowPlaying updated:', { song: 'HAZIRSANIZ BASLIYORUZ',
10-17 20:48:49.796 I/ReactNativeJS(13702): [TrackPlayerService] Metadata unchanged, skipping update
10-17 20:48:54.124 I/ReactNativeJS(13702): '[useNowPlaying] Fetching metadata from:', 'https://radyo.yayin.com.tr:5132/currentsong'
10-17 20:48:54.851 I/ReactNativeJS(13702): '[useNowPlaying] Response status:', 200
10-17 20:48:54.855 I/ReactNativeJS(13702): '[useNowPlaying] Received text:', 'HAZIRSANIZ BASLIYORUZ - SEFO & TEKO'
10-17 20:48:54.855 I/ReactNativeJS(13702): [useNowPlaying] Not JSON, parsing as plain text
10-17 20:48:54.858 I/ReactNativeJS(13702): '[useNowPlaying] Setting now playing (plain text):', { song: 'HAZIRSANIZ BASLIYORUZ',
10-17 20:48:54.923 I/ReactNativeJS(13702): '[RadioPlayerControls] metadataUrl:', 'https://radyo.yayin.com.tr:5132/currentsong'
10-17 20:48:54.924 I/ReactNativeJS(13702): '[RadioPlayerControls] nowPlaying updated:', { song: 'HAZIRSANIZ BASLIYORUZ',
10-17 20:48:54.924 I/ReactNativeJS(13702): [TrackPlayerService] Metadata unchanged, skipping update
10-17 20:48:59.130 I/ReactNativeJS(13702): '[useNowPlaying] Fetching metadata from:', 'https://radyo.yayin.com.tr:5132/currentsong'
10-17 20:48:59.852 I/ReactNativeJS(13702): '[useNowPlaying] Response status:', 200
10-17 20:48:59.859 I/ReactNativeJS(13702): '[useNowPlaying] Received text:', 'HAZIRSANIZ BASLIYORUZ - SEFO & TEKO'
10-17 20:48:59.859 I/ReactNativeJS(13702): [useNowPlaying] Not JSON, parsing as plain text
10-17 20:48:59.860 I/ReactNativeJS(13702): '[useNowPlaying] Setting now playing (plain text):', { song: 'HAZIRSANIZ BASLIYORUZ',
10-17 20:48:59.920 I/ReactNativeJS(13702): '[RadioPlayerControls] metadataUrl:', 'https://radyo.yayin.com.tr:5132/currentsong'
10-17 20:48:59.921 I/ReactNativeJS(13702): '[RadioPlayerControls] nowPlaying updated:', { song: 'HAZIRSANIZ BASLIYORUZ',
10-17 20:48:59.921 I/ReactNativeJS(13702): [TrackPlayerService] Metadata unchanged, skipping update
10-17 20:49:04.139 I/ReactNativeJS(13702): '[useNowPlaying] Fetching metadata from:', 'https://radyo.yayin.com.tr:5132/currentsong'
10-17 20:49:04.771 I/ReactNativeJS(13702): '[useNowPlaying] Response status:', 200
10-17 20:49:04.778 I/ReactNativeJS(13702): '[useNowPlaying] Received text:', 'HAZIRSANIZ BASLIYORUZ - SEFO & TEKO'
10-17 20:49:04.778 I/ReactNativeJS(13702): [useNowPlaying] Not JSON, parsing as plain text
10-17 20:49:04.779 I/ReactNativeJS(13702): '[useNowPlaying] Setting now playing (plain text):', { song: 'HAZIRSANIZ BASLIYORUZ',
10-17 20:49:04.837 I/ReactNativeJS(13702): '[RadioPlayerControls] metadataUrl:', 'https://radyo.yayin.com.tr:5132/currentsong'
10-17 20:49:04.838 I/ReactNativeJS(13702): '[RadioPlayerControls] nowPlaying updated:', { song: 'HAZIRSANIZ BASLIYORUZ',
10-17 20:49:04.838 I/ReactNativeJS(13702): [TrackPlayerService] Metadata unchanged, skipping update
10-17 20:49:09.145 I/ReactNativeJS(13702): '[useNowPlaying] Fetching metadata from:', 'https://radyo.yayin.com.tr:5132/currentsong'
10-17 20:49:09.810 I/ReactNativeJS(13702): '[useNowPlaying] Response status:', 200
10-17 20:49:09.816 I/ReactNativeJS(13702): '[useNowPlaying] Received text:', 'HAZIRSANIZ BASLIYORUZ - SEFO & TEKO'
10-17 20:49:09.816 I/ReactNativeJS(13702): [useNowPlaying] Not JSON, parsing as plain text
10-17 20:49:09.817 I/ReactNativeJS(13702): '[useNowPlaying] Setting now playing (plain text):', { song: 'HAZIRSANIZ BASLIYORUZ',
10-17 20:49:09.870 I/ReactNativeJS(13702): '[RadioPlayerControls] metadataUrl:', 'https://radyo.yayin.com.tr:5132/currentsong'
10-17 20:49:09.872 I/ReactNativeJS(13702): '[RadioPlayerControls] nowPlaying updated:', { song: 'HAZIRSANIZ BASLIYORUZ',
10-17 20:49:09.872 I/ReactNativeJS(13702): [TrackPlayerService] Metadata unchanged, skipping update
10-17 20:49:12.894 D/GoogleBatteryDataSource( 2155): fetchDwellDefendStatus: CONNECTED
10-17 20:49:12.896 D/GoogleBatteryDataSource( 2155): fetchTempDefendStatus: t_sum=0, time_sum=0 t_avg=0 lst_v=0 lst_t=0 lst_u=0, dt=1746570, t=0 e=1
10-17 20:49:13.280 I/RemoteProvisionSysSvc( 1508): Successfully fetched key for client 220216012
10-17 20:49:14.147 I/ReactNativeJS(13702): '[useNowPlaying] Fetching metadata from:', 'https://radyo.yayin.com.tr:5132/currentsong'
10-17 20:49:14.715 I/ReactNativeJS(13702): '[useNowPlaying] Response status:', 200
10-17 20:49:14.721 I/ReactNativeJS(13702): '[useNowPlaying] Received text:', 'HAZIRSANIZ BASLIYORUZ - SEFO & TEKO'
10-17 20:49:14.721 I/ReactNativeJS(13702): [useNowPlaying] Not JSON, parsing as plain text
10-17 20:49:14.722 I/ReactNativeJS(13702): '[useNowPlaying] Setting now playing (plain text):', { song: 'HAZIRSANIZ BASLIYORUZ',
10-17 20:49:14.774 I/ReactNativeJS(13702): '[RadioPlayerControls] metadataUrl:', 'https://radyo.yayin.com.tr:5132/currentsong'
10-17 20:49:14.775 I/ReactNativeJS(13702): '[RadioPlayerControls] nowPlaying updated:', { song: 'HAZIRSANIZ BASLIYORUZ',
10-17 20:49:14.775 I/ReactNativeJS(13702): [TrackPlayerService] Metadata unchanged, skipping update
10-17 20:49:19.157 I/ReactNativeJS(13702): '[useNowPlaying] Fetching metadata from:', 'https://radyo.yayin.com.tr:5132/currentsong'
10-17 20:49:19.621 I/ReactNativeJS(13702): '[useNowPlaying] Response status:', 200
10-17 20:49:19.625 I/ReactNativeJS(13702): '[useNowPlaying] Received text:', 'HAZIRSANIZ BASLIYORUZ - SEFO & TEKO'
10-17 20:49:19.625 I/ReactNativeJS(13702): [useNowPlaying] Not JSON, parsing as plain text
10-17 20:49:19.628 I/ReactNativeJS(13702): '[useNowPlaying] Setting now playing (plain text):', { song: 'HAZIRSANIZ BASLIYORUZ',
10-17 20:49:19.678 I/ReactNativeJS(13702): '[RadioPlayerControls] metadataUrl:', 'https://radyo.yayin.com.tr:5132/currentsong'
10-17 20:49:19.679 I/ReactNativeJS(13702): '[RadioPlayerControls] nowPlaying updated:', { song: 'HAZIRSANIZ BASLIYORUZ',
10-17 20:49:19.679 I/ReactNativeJS(13702): [TrackPlayerService] Metadata unchanged, skipping update
10-17 20:49:24.161 I/ReactNativeJS(13702): '[useNowPlaying] Fetching metadata from:', 'https://radyo.yayin.com.tr:5132/currentsong'
10-17 20:49:24.853 I/ReactNativeJS(13702): '[useNowPlaying] Response status:', 200
10-17 20:49:24.860 I/ReactNativeJS(13702): '[useNowPlaying] Received text:', 'HAZIRSANIZ BASLIYORUZ - SEFO & TEKO'
10-17 20:49:24.860 I/ReactNativeJS(13702): [useNowPlaying] Not JSON, parsing as plain text
10-17 20:49:24.861 I/ReactNativeJS(13702): '[useNowPlaying] Setting now playing (plain text):', { song: 'HAZIRSANIZ BASLIYORUZ',
10-17 20:49:24.919 I/ReactNativeJS(13702): '[RadioPlayerControls] metadataUrl:', 'https://radyo.yayin.com.tr:5132/currentsong'
10-17 20:49:24.919 I/ReactNativeJS(13702): '[RadioPlayerControls] nowPlaying updated:', { song: 'HAZIRSANIZ BASLIYORUZ',
10-17 20:49:24.920 I/ReactNativeJS(13702): [TrackPlayerService] Metadata unchanged, skipping update
10-17 20:49:29.166 I/ReactNativeJS(13702): 'Radio config fetched from API:', { stream_url: 'https://radyo.yayin.com.tr:5132/stream',
10-17 20:49:29.166 I/ReactNativeJS(13702):   metadata_url: 'https://radyo.yayin.com.tr:5132/',
10-17 20:49:29.168 I/ReactNativeJS(13702): '[useNowPlaying] Fetching metadata from:', 'https://radyo.yayin.com.tr:5132/currentsong'
10-17 20:49:29.769 I/ReactNativeJS(13702): '[useNowPlaying] Response status:', 200
10-17 20:49:29.777 I/ReactNativeJS(13702): '[useNowPlaying] Received text:', 'HAZIRSANIZ BASLIYORUZ - SEFO & TEKO'
10-17 20:49:29.777 I/ReactNativeJS(13702): [useNowPlaying] Not JSON, parsing as plain text
10-17 20:49:29.778 I/ReactNativeJS(13702): '[useNowPlaying] Setting now playing (plain text):', { song: 'HAZIRSANIZ BASLIYORUZ',
10-17 20:49:29.839 I/ReactNativeJS(13702): '[RadioPlayerControls] metadataUrl:', 'https://radyo.yayin.com.tr:5132/currentsong'
10-17 20:49:29.840 I/ReactNativeJS(13702): '[RadioPlayerControls] nowPlaying updated:', { song: 'HAZIRSANIZ BASLIYORUZ',
10-17 20:49:29.840 I/ReactNativeJS(13702): [TrackPlayerService] Metadata unchanged, skipping update
10-17 20:49:34.177 I/ReactNativeJS(13702): '[useNowPlaying] Fetching metadata from:', 'https://radyo.yayin.com.tr:5132/currentsong'
10-17 20:49:34.791 I/ReactNativeJS(13702): '[useNowPlaying] Response status:', 200
10-17 20:49:34.794 I/ReactNativeJS(13702): '[useNowPlaying] Received text:', 'HAZIRSANIZ BASLIYORUZ - SEFO & TEKO'
10-17 20:49:34.794 I/ReactNativeJS(13702): [useNowPlaying] Not JSON, parsing as plain text
10-17 20:49:34.795 I/ReactNativeJS(13702): '[useNowPlaying] Setting now playing (plain text):', { song: 'HAZIRSANIZ BASLIYORUZ',
10-17 20:49:34.860 I/ReactNativeJS(13702): '[RadioPlayerControls] metadataUrl:', 'https://radyo.yayin.com.tr:5132/currentsong'
10-17 20:49:34.861 I/ReactNativeJS(13702): '[RadioPlayerControls] nowPlaying updated:', { song: 'HAZIRSANIZ BASLIYORUZ',
10-17 20:49:34.861 I/ReactNativeJS(13702): [TrackPlayerService] Metadata unchanged, skipping update
10-17 20:49:39.183 I/ReactNativeJS(13702): '[useNowPlaying] Fetching metadata from:', 'https://radyo.yayin.com.tr:5132/currentsong'
10-17 20:49:39.792 I/ReactNativeJS(13702): '[useNowPlaying] Response status:', 200
10-17 20:49:39.797 I/ReactNativeJS(13702): '[useNowPlaying] Received text:', 'HAZIRSANIZ BASLIYORUZ - SEFO & TEKO'
10-17 20:49:39.797 I/ReactNativeJS(13702): [useNowPlaying] Not JSON, parsing as plain text
10-17 20:49:39.798 I/ReactNativeJS(13702): '[useNowPlaying] Setting now playing (plain text):', { song: 'HAZIRSANIZ BASLIYORUZ',
10-17 20:49:39.853 I/ReactNativeJS(13702): '[RadioPlayerControls] metadataUrl:', 'https://radyo.yayin.com.tr:5132/currentsong'
10-17 20:49:39.854 I/ReactNativeJS(13702): '[RadioPlayerControls] nowPlaying updated:', { song: 'HAZIRSANIZ BASLIYORUZ',
10-17 20:49:39.854 I/ReactNativeJS(13702): [TrackPlayerService] Metadata unchanged, skipping update
10-17 20:49:44.190 I/ReactNativeJS(13702): '[useNowPlaying] Fetching metadata from:', 'https://radyo.yayin.com.tr:5132/currentsong'
10-17 20:49:44.812 I/ReactNativeJS(13702): '[useNowPlaying] Response status:', 200
10-17 20:49:44.816 I/ReactNativeJS(13702): '[useNowPlaying] Received text:', 'HAZIRSANIZ BASLIYORUZ - SEFO & TEKO'
10-17 20:49:44.816 I/ReactNativeJS(13702): [useNowPlaying] Not JSON, parsing as plain text
10-17 20:49:44.817 I/ReactNativeJS(13702): '[useNowPlaying] Setting now playing (plain text):', { song: 'HAZIRSANIZ BASLIYORUZ',
10-17 20:49:44.881 I/ReactNativeJS(13702): '[RadioPlayerControls] metadataUrl:', 'https://radyo.yayin.com.tr:5132/currentsong'
10-17 20:49:44.882 I/ReactNativeJS(13702): '[RadioPlayerControls] nowPlaying updated:', { song: 'HAZIRSANIZ BASLIYORUZ',
10-17 20:49:44.882 I/ReactNativeJS(13702): [TrackPlayerService] Metadata unchanged, skipping update
10-17 20:49:49.196 I/ReactNativeJS(13702): '[useNowPlaying] Fetching metadata from:', 'https://radyo.yayin.com.tr:5132/currentsong'
10-17 20:49:49.837 I/ReactNativeJS(13702): '[useNowPlaying] Response status:', 200
10-17 20:49:49.844 I/ReactNativeJS(13702): '[useNowPlaying] Received text:', 'HAZIRSANIZ BASLIYORUZ - SEFO & TEKO'
10-17 20:49:49.844 I/ReactNativeJS(13702): [useNowPlaying] Not JSON, parsing as plain text
10-17 20:49:49.845 I/ReactNativeJS(13702): '[useNowPlaying] Setting now playing (plain text):', { song: 'HAZIRSANIZ BASLIYORUZ',
10-17 20:49:49.906 I/ReactNativeJS(13702): '[RadioPlayerControls] metadataUrl:', 'https://radyo.yayin.com.tr:5132/currentsong'
10-17 20:49:49.906 I/ReactNativeJS(13702): '[RadioPlayerControls] nowPlaying updated:', { song: 'HAZIRSANIZ BASLIYORUZ',
10-17 20:49:49.907 I/ReactNativeJS(13702): [TrackPlayerService] Metadata unchanged, skipping update
10-17 20:49:54.202 I/ReactNativeJS(13702): '[useNowPlaying] Fetching metadata from:', 'https://radyo.yayin.com.tr:5132/currentsong'
10-17 20:49:54.842 I/ReactNativeJS(13702): '[useNowPlaying] Response status:', 200
10-17 20:49:54.849 I/ReactNativeJS(13702): '[useNowPlaying] Received text:', 'HAZIRSANIZ BASLIYORUZ - SEFO & TEKO'
10-17 20:49:54.849 I/ReactNativeJS(13702): [useNowPlaying] Not JSON, parsing as plain text
10-17 20:49:54.850 I/ReactNativeJS(13702): '[useNowPlaying] Setting now playing (plain text):', { song: 'HAZIRSANIZ BASLIYORUZ',
10-17 20:49:54.912 I/ReactNativeJS(13702): '[RadioPlayerControls] metadataUrl:', 'https://radyo.yayin.com.tr:5132/currentsong'
10-17 20:49:54.912 I/ReactNativeJS(13702): '[RadioPlayerControls] nowPlaying updated:', { song: 'HAZIRSANIZ BASLIYORUZ',
10-17 20:49:54.912 I/ReactNativeJS(13702): [TrackPlayerService] Metadata unchanged, skipping update
10-17 20:49:59.210 I/ReactNativeJS(13702): '[useNowPlaying] Fetching metadata from:', 'https://radyo.yayin.com.tr:5132/currentsong'
10-17 20:49:59.875 I/ReactNativeJS(13702): '[useNowPlaying] Response status:', 200
10-17 20:49:59.883 I/ReactNativeJS(13702): '[useNowPlaying] Received text:', 'HAZIRSANIZ BASLIYORUZ - SEFO & TEKO'
10-17 20:49:59.884 I/ReactNativeJS(13702): [useNowPlaying] Not JSON, parsing as plain text
10-17 20:49:59.885 I/ReactNativeJS(13702): '[useNowPlaying] Setting now playing (plain text):', { song: 'HAZIRSANIZ BASLIYORUZ',
10-17 20:49:59.948 I/ReactNativeJS(13702): '[RadioPlayerControls] metadataUrl:', 'https://radyo.yayin.com.tr:5132/currentsong'
10-17 20:49:59.948 I/ReactNativeJS(13702): '[RadioPlayerControls] nowPlaying updated:', { song: 'HAZIRSANIZ BASLIYORUZ',
10-17 20:49:59.948 I/ReactNativeJS(13702): [TrackPlayerService] Metadata unchanged, skipping update
10-17 20:50:00.343 I/RemoteProvisionSysSvc( 1508): Successfully fetched key for client 103431308
10-17 20:50:04.209 I/ReactNativeJS(13702): '[useNowPlaying] Fetching metadata from:', 'https://radyo.yayin.com.tr:5132/currentsong'
10-17 20:50:04.785 I/ReactNativeJS(13702): '[useNowPlaying] Response status:', 200
10-17 20:50:04.796 I/ReactNativeJS(13702): '[useNowPlaying] Received text:', 'HAZIRSANIZ BASLIYORUZ - SEFO & TEKO'
10-17 20:50:04.796 I/ReactNativeJS(13702): [useNowPlaying] Not JSON, parsing as plain text
10-17 20:50:04.797 I/ReactNativeJS(13702): '[useNowPlaying] Setting now playing (plain text):', { song: 'HAZIRSANIZ BASLIYORUZ',
10-17 20:50:04.853 I/ReactNativeJS(13702): '[RadioPlayerControls] metadataUrl:', 'https://radyo.yayin.com.tr:5132/currentsong'
10-17 20:50:04.853 I/ReactNativeJS(13702): '[RadioPlayerControls] nowPlaying updated:', { song: 'HAZIRSANIZ BASLIYORUZ',
10-17 20:50:04.854 I/ReactNativeJS(13702): [TrackPlayerService] Metadata unchanged, skipping update
10-17 20:50:09.213 I/ReactNativeJS(13702): '[useNowPlaying] Fetching metadata from:', 'https://radyo.yayin.com.tr:5132/currentsong'
10-17 20:50:09.919 I/ReactNativeJS(13702): '[useNowPlaying] Response status:', 200
10-17 20:50:09.924 I/ReactNativeJS(13702): '[useNowPlaying] Received text:', 'HAZIRSANIZ BASLIYORUZ - SEFO & TEKO'
10-17 20:50:09.924 I/ReactNativeJS(13702): [useNowPlaying] Not JSON, parsing as plain text
10-17 20:50:09.925 I/ReactNativeJS(13702): '[useNowPlaying] Setting now playing (plain text):', { song: 'HAZIRSANIZ BASLIYORUZ',
10-17 20:50:09.988 I/ReactNativeJS(13702): '[RadioPlayerControls] metadataUrl:', 'https://radyo.yayin.com.tr:5132/currentsong'
10-17 20:50:09.989 I/ReactNativeJS(13702): '[RadioPlayerControls] nowPlaying updated:', { song: 'HAZIRSANIZ BASLIYORUZ',
10-17 20:50:09.989 I/ReactNativeJS(13702): [TrackPlayerService] Metadata unchanged, skipping update
10-17 20:50:14.215 I/ReactNativeJS(13702): '[useNowPlaying] Fetching metadata from:', 'https://radyo.yayin.com.tr:5132/currentsong'
10-17 20:50:14.821 I/ReactNativeJS(13702): '[useNowPlaying] Response status:', 200
10-17 20:50:14.829 I/ReactNativeJS(13702): '[useNowPlaying] Received text:', 'HAZIRSANIZ BASLIYORUZ - SEFO & TEKO'
10-17 20:50:14.829 I/ReactNativeJS(13702): [useNowPlaying] Not JSON, parsing as plain text
10-17 20:50:14.830 I/ReactNativeJS(13702): '[useNowPlaying] Setting now playing (plain text):', { song: 'HAZIRSANIZ BASLIYORUZ',
10-17 20:50:14.884 I/ReactNativeJS(13702): '[RadioPlayerControls] metadataUrl:', 'https://radyo.yayin.com.tr:5132/currentsong'
10-17 20:50:14.885 I/ReactNativeJS(13702): '[RadioPlayerControls] nowPlaying updated:', { song: 'HAZIRSANIZ BASLIYORUZ',
10-17 20:50:14.885 I/ReactNativeJS(13702): [TrackPlayerService] Metadata unchanged, skipping update
10-17 20:50:19.215 I/ReactNativeJS(13702): '[useNowPlaying] Fetching metadata from:', 'https://radyo.yayin.com.tr:5132/currentsong'
10-17 20:50:19.838 I/ReactNativeJS(13702): '[useNowPlaying] Response status:', 200
10-17 20:50:19.849 I/ReactNativeJS(13702): '[useNowPlaying] Received text:', 'HAZIRSANIZ BASLIYORUZ - SEFO & TEKO'
10-17 20:50:19.849 I/ReactNativeJS(13702): [useNowPlaying] Not JSON, parsing as plain text
10-17 20:50:19.850 I/ReactNativeJS(13702): '[useNowPlaying] Setting now playing (plain text):', { song: 'HAZIRSANIZ BASLIYORUZ',
10-17 20:50:19.907 I/ReactNativeJS(13702): '[RadioPlayerControls] metadataUrl:', 'https://radyo.yayin.com.tr:5132/currentsong'
10-17 20:50:19.908 I/ReactNativeJS(13702): '[RadioPlayerControls] nowPlaying updated:', { song: 'HAZIRSANIZ BASLIYORUZ',
10-17 20:50:19.908 I/ReactNativeJS(13702): [TrackPlayerService] Metadata unchanged, skipping update
10-17 20:50:24.217 I/ReactNativeJS(13702): '[useNowPlaying] Fetching metadata from:', 'https://radyo.yayin.com.tr:5132/currentsong'
10-17 20:50:24.848 I/ReactNativeJS(13702): '[useNowPlaying] Response status:', 200
10-17 20:50:24.854 I/ReactNativeJS(13702): '[useNowPlaying] Received text:', 'HAZIRSANIZ BASLIYORUZ - SEFO & TEKO'
10-17 20:50:24.855 I/ReactNativeJS(13702): [useNowPlaying] Not JSON, parsing as plain text
10-17 20:50:24.857 I/ReactNativeJS(13702): '[useNowPlaying] Setting now playing (plain text):', { song: 'HAZIRSANIZ BASLIYORUZ',
10-17 20:50:24.914 I/ReactNativeJS(13702): '[RadioPlayerControls] metadataUrl:', 'https://radyo.yayin.com.tr:5132/currentsong'
10-17 20:50:24.914 I/ReactNativeJS(13702): '[RadioPlayerControls] nowPlaying updated:', { song: 'HAZIRSANIZ BASLIYORUZ',
10-17 20:50:24.915 I/ReactNativeJS(13702): [TrackPlayerService] Metadata unchanged, skipping update
10-17 20:50:29.217 I/ReactNativeJS(13702): '[useNowPlaying] Fetching metadata from:', 'https://radyo.yayin.com.tr:5132/currentsong'
10-17 20:50:29.875 I/ReactNativeJS(13702): '[useNowPlaying] Response status:', 200
10-17 20:50:29.882 I/ReactNativeJS(13702): '[useNowPlaying] Received text:', 'HAZIRSANIZ BASLIYORUZ - SEFO & TEKO'
10-17 20:50:29.882 I/ReactNativeJS(13702): [useNowPlaying] Not JSON, parsing as plain text
10-17 20:50:29.883 I/ReactNativeJS(13702): '[useNowPlaying] Setting now playing (plain text):', { song: 'HAZIRSANIZ BASLIYORUZ',
10-17 20:50:29.951 I/ReactNativeJS(13702): '[RadioPlayerControls] metadataUrl:', 'https://radyo.yayin.com.tr:5132/currentsong'
10-17 20:50:29.952 I/ReactNativeJS(13702): '[RadioPlayerControls] nowPlaying updated:', { song: 'HAZIRSANIZ BASLIYORUZ',
10-17 20:50:29.953 I/ReactNativeJS(13702): [TrackPlayerService] Metadata unchanged, skipping update
10-17 20:50:34.221 I/ReactNativeJS(13702): '[useNowPlaying] Fetching metadata from:', 'https://radyo.yayin.com.tr:5132/currentsong'
10-17 20:50:34.784 I/ReactNativeJS(13702): '[useNowPlaying] Response status:', 200
10-17 20:50:34.790 I/ReactNativeJS(13702): '[useNowPlaying] Received text:', 'EN TRENDLER  TREND ANKARADA - Sweeper'
10-17 20:50:34.790 I/ReactNativeJS(13702): [useNowPlaying] Not JSON, parsing as plain text
10-17 20:50:34.791 I/ReactNativeJS(13702): '[useNowPlaying] Setting now playing (plain text):', { song: 'EN TRENDLER  TREND ANKARADA',
10-17 20:50:34.849 I/ReactNativeJS(13702): '[RadioPlayerControls] metadataUrl:', 'https://radyo.yayin.com.tr:5132/currentsong'
10-17 20:50:34.850 I/ReactNativeJS(13702): '[RadioPlayerControls] nowPlaying updated:', { song: 'EN TRENDLER  TREND ANKARADA',
10-17 20:50:34.853 I/ReactNativeJS(13702): '[TrackPlayerService] Updating metadata:', { title: 'EN TRENDLER  TREND ANKARADA',
10-17 20:50:34.871 I/ReactNativeJS(13702): [TrackPlayerService] Metadata updated successfully
10-17 20:50:39.228 I/ReactNativeJS(13702): '[useNowPlaying] Fetching metadata from:', 'https://radyo.yayin.com.tr:5132/currentsong'
10-17 20:50:39.900 I/ReactNativeJS(13702): '[useNowPlaying] Response status:', 200
10-17 20:50:39.907 I/ReactNativeJS(13702): '[useNowPlaying] Received text:', 'EN TRENDLER  TREND ANKARADA - Sweeper'
10-17 20:50:39.907 I/ReactNativeJS(13702): [useNowPlaying] Not JSON, parsing as plain text
10-17 20:50:39.908 I/ReactNativeJS(13702): '[useNowPlaying] Setting now playing (plain text):', { song: 'EN TRENDLER  TREND ANKARADA',
10-17 20:50:39.960 I/ReactNativeJS(13702): '[RadioPlayerControls] metadataUrl:', 'https://radyo.yayin.com.tr:5132/currentsong'
10-17 20:50:39.961 I/ReactNativeJS(13702): '[RadioPlayerControls] nowPlaying updated:', { song: 'EN TRENDLER  TREND ANKARADA',
10-17 20:50:39.961 I/ReactNativeJS(13702): [TrackPlayerService] Metadata unchanged, skipping update
10-17 20:50:44.231 I/ReactNativeJS(13702): '[useNowPlaying] Fetching metadata from:', 'https://radyo.yayin.com.tr:5132/currentsong'
10-17 20:50:44.930 I/ReactNativeJS(13702): '[useNowPlaying] Response status:', 200
10-17 20:50:44.937 I/ReactNativeJS(13702): '[useNowPlaying] Received text:', 'CANIN SAOLSUN &RAST - SEMICENK'
10-17 20:50:44.938 I/ReactNativeJS(13702): [useNowPlaying] Not JSON, parsing as plain text
10-17 20:50:44.939 I/ReactNativeJS(13702): '[useNowPlaying] Setting now playing (plain text):', { song: 'CANIN SAOLSUN &RAST',
10-17 20:50:45.005 I/ReactNativeJS(13702): '[RadioPlayerControls] metadataUrl:', 'https://radyo.yayin.com.tr:5132/currentsong'
10-17 20:50:45.007 I/ReactNativeJS(13702): '[RadioPlayerControls] nowPlaying updated:', { song: 'CANIN SAOLSUN &RAST',
10-17 20:50:45.013 I/ReactNativeJS(13702): '[TrackPlayerService] Updating metadata:', { title: 'CANIN SAOLSUN &RAST',
10-17 20:50:45.026 I/ReactNativeJS(13702): [TrackPlayerService] Metadata updated successfully
10-17 20:50:49.151 D/GoogleBatteryDataSource( 2155): fetchDwellDefendStatus: CONNECTED
10-17 20:50:49.154 D/GoogleBatteryDataSource( 2155): fetchTempDefendStatus: t_sum=0, time_sum=0 t_avg=0 lst_v=0 lst_t=0 lst_u=0, dt=1746570, t=0 e=1
10-17 20:50:49.231 I/ReactNativeJS(13702): '[useNowPlaying] Fetching metadata from:', 'https://radyo.yayin.com.tr:5132/currentsong'
10-17 20:50:49.479 I/RemoteProvisionSysSvc( 1508): Successfully fetched key for client 216753619
10-17 20:50:49.604 I/ReactNativeJS(13702): '[useNowPlaying] Response status:', 200
10-17 20:50:49.607 I/ReactNativeJS(13702): '[useNowPlaying] Received text:', 'CANIN SAOLSUN &RAST - SEMICENK'
10-17 20:50:49.607 I/ReactNativeJS(13702): [useNowPlaying] Not JSON, parsing as plain text
10-17 20:50:49.608 I/ReactNativeJS(13702): '[useNowPlaying] Setting now playing (plain text):', { song: 'CANIN SAOLSUN &RAST',
10-17 20:50:49.634 I/ReactNativeJS(13702): '[RadioPlayerControls] metadataUrl:', 'https://radyo.yayin.com.tr:5132/currentsong'
10-17 20:50:49.635 I/ReactNativeJS(13702): '[RadioPlayerControls] nowPlaying updated:', { song: 'CANIN SAOLSUN &RAST',
10-17 20:50:49.635 I/ReactNativeJS(13702): [TrackPlayerService] Metadata unchanged, skipping update
10-17 20:50:54.243 I/ReactNativeJS(13702): '[useNowPlaying] Fetching metadata from:', 'https://radyo.yayin.com.tr:5132/currentsong'
10-17 20:50:54.773 I/ReactNativeJS(13702): '[useNowPlaying] Response status:', 200
10-17 20:50:54.777 I/ReactNativeJS(13702): '[useNowPlaying] Received text:', 'CANIN SAOLSUN &RAST - SEMICENK'
10-17 20:50:54.777 I/ReactNativeJS(13702): [useNowPlaying] Not JSON, parsing as plain text
10-17 20:50:54.778 I/ReactNativeJS(13702): '[useNowPlaying] Setting now playing (plain text):', { song: 'CANIN SAOLSUN &RAST',
10-17 20:50:54.839 I/ReactNativeJS(13702): '[RadioPlayerControls] metadataUrl:', 'https://radyo.yayin.com.tr:5132/currentsong'
10-17 20:50:54.840 I/ReactNativeJS(13702): '[RadioPlayerControls] nowPlaying updated:', { song: 'CANIN SAOLSUN &RAST',
10-17 20:50:54.840 I/ReactNativeJS(13702): [TrackPlayerService] Metadata unchanged, skipping update
10-17 20:50:59.248 I/ReactNativeJS(13702): '[useNowPlaying] Fetching metadata from:', 'https://radyo.yayin.com.tr:5132/currentsong'
10-17 20:50:59.880 I/ReactNativeJS(13702): '[useNowPlaying] Response status:', 200
10-17 20:50:59.889 I/ReactNativeJS(13702): '[useNowPlaying] Received text:', 'CANIN SAOLSUN &RAST - SEMICENK'
10-17 20:50:59.889 I/ReactNativeJS(13702): [useNowPlaying] Not JSON, parsing as plain text
10-17 20:50:59.891 I/ReactNativeJS(13702): '[useNowPlaying] Setting now playing (plain text):', { song: 'CANIN SAOLSUN &RAST',
10-17 20:50:59.944 I/ReactNativeJS(13702): '[RadioPlayerControls] metadataUrl:', 'https://radyo.yayin.com.tr:5132/currentsong'
10-17 20:50:59.945 I/ReactNativeJS(13702): '[RadioPlayerControls] nowPlaying updated:', { song: 'CANIN SAOLSUN &RAST',
10-17 20:50:59.945 I/ReactNativeJS(13702): [TrackPlayerService] Metadata unchanged, skipping update
10-17 20:51:04.254 I/ReactNativeJS(13702): '[useNowPlaying] Fetching metadata from:', 'https://radyo.yayin.com.tr:5132/currentsong'
10-17 20:51:04.894 I/ReactNativeJS(13702): '[useNowPlaying] Response status:', 200
10-17 20:51:04.900 I/ReactNativeJS(13702): '[useNowPlaying] Received text:', 'CANIN SAOLSUN &RAST - SEMICENK'
10-17 20:51:04.900 I/ReactNativeJS(13702): [useNowPlaying] Not JSON, parsing as plain text
10-17 20:51:04.901 I/ReactNativeJS(13702): '[useNowPlaying] Setting now playing (plain text):', { song: 'CANIN SAOLSUN &RAST',
10-17 20:51:04.959 I/ReactNativeJS(13702): '[RadioPlayerControls] metadataUrl:', 'https://radyo.yayin.com.tr:5132/currentsong'
10-17 20:51:04.960 I/ReactNativeJS(13702): '[RadioPlayerControls] nowPlaying updated:', { song: 'CANIN SAOLSUN &RAST',
10-17 20:51:04.960 I/ReactNativeJS(13702): [TrackPlayerService] Metadata unchanged, skipping update
10-17 20:51:09.259 I/ReactNativeJS(13702): '[useNowPlaying] Fetching metadata from:', 'https://radyo.yayin.com.tr:5132/currentsong'
10-17 20:51:09.923 I/ReactNativeJS(13702): '[useNowPlaying] Response status:', 200
10-17 20:51:09.932 I/ReactNativeJS(13702): '[useNowPlaying] Received text:', 'CANIN SAOLSUN &RAST - SEMICENK'
10-17 20:51:09.933 I/ReactNativeJS(13702): [useNowPlaying] Not JSON, parsing as plain text
10-17 20:51:09.934 I/ReactNativeJS(13702): '[useNowPlaying] Setting now playing (plain text):', { song: 'CANIN SAOLSUN &RAST',
10-17 20:51:09.997 I/ReactNativeJS(13702): '[RadioPlayerControls] metadataUrl:', 'https://radyo.yayin.com.tr:5132/currentsong'
10-17 20:51:09.998 I/ReactNativeJS(13702): '[RadioPlayerControls] nowPlaying updated:', { song: 'CANIN SAOLSUN &RAST',
10-17 20:51:09.998 I/ReactNativeJS(13702): [TrackPlayerService] Metadata unchanged, skipping update
10-17 20:51:14.261 I/ReactNativeJS(13702): '[useNowPlaying] Fetching metadata from:', 'https://radyo.yayin.com.tr:5132/currentsong'
10-17 20:51:14.925 I/ReactNativeJS(13702): '[useNowPlaying] Response status:', 200
10-17 20:51:14.931 I/ReactNativeJS(13702): '[useNowPlaying] Received text:', 'CANIN SAOLSUN &RAST - SEMICENK'
10-17 20:51:14.931 I/ReactNativeJS(13702): [useNowPlaying] Not JSON, parsing as plain text
10-17 20:51:14.933 I/ReactNativeJS(13702): '[useNowPlaying] Setting now playing (plain text):', { song: 'CANIN SAOLSUN &RAST',
10-17 20:51:14.989 I/ReactNativeJS(13702): '[RadioPlayerControls] metadataUrl:', 'https://radyo.yayin.com.tr:5132/currentsong'
10-17 20:51:14.990 I/ReactNativeJS(13702): '[RadioPlayerControls] nowPlaying updated:', { song: 'CANIN SAOLSUN &RAST',
10-17 20:51:14.990 I/ReactNativeJS(13702): [TrackPlayerService] Metadata unchanged, skipping update
10-17 20:51:19.262 I/ReactNativeJS(13702): '[useNowPlaying] Fetching metadata from:', 'https://radyo.yayin.com.tr:5132/currentsong'
10-17 20:51:19.843 I/ReactNativeJS(13702): '[useNowPlaying] Response status:', 200
10-17 20:51:19.852 I/ReactNativeJS(13702): '[useNowPlaying] Received text:', 'CANIN SAOLSUN &RAST - SEMICENK'
10-17 20:51:19.852 I/ReactNativeJS(13702): [useNowPlaying] Not JSON, parsing as plain text
10-17 20:51:19.853 I/ReactNativeJS(13702): '[useNowPlaying] Setting now playing (plain text):', { song: 'CANIN SAOLSUN &RAST',
10-17 20:51:19.915 I/ReactNativeJS(13702): '[RadioPlayerControls] metadataUrl:', 'https://radyo.yayin.com.tr:5132/currentsong'
10-17 20:51:19.915 I/ReactNativeJS(13702): '[RadioPlayerControls] nowPlaying updated:', { song: 'CANIN SAOLSUN &RAST',
10-17 20:51:19.915 I/ReactNativeJS(13702): [TrackPlayerService] Metadata unchanged, skipping update
10-17 20:51:24.263 I/ReactNativeJS(13702): '[useNowPlaying] Fetching metadata from:', 'https://radyo.yayin.com.tr:5132/currentsong'
10-17 20:51:24.867 I/ReactNativeJS(13702): '[useNowPlaying] Response status:', 200
10-17 20:51:24.874 I/ReactNativeJS(13702): '[useNowPlaying] Received text:', 'CANIN SAOLSUN &RAST - SEMICENK'
10-17 20:51:24.874 I/ReactNativeJS(13702): [useNowPlaying] Not JSON, parsing as plain text
10-17 20:51:24.879 I/ReactNativeJS(13702): '[useNowPlaying] Setting now playing (plain text):', { song: 'CANIN SAOLSUN &RAST',
10-17 20:51:24.944 I/ReactNativeJS(13702): '[RadioPlayerControls] metadataUrl:', 'https://radyo.yayin.com.tr:5132/currentsong'
10-17 20:51:24.945 I/ReactNativeJS(13702): '[RadioPlayerControls] nowPlaying updated:', { song: 'CANIN SAOLSUN &RAST',
10-17 20:51:24.945 I/ReactNativeJS(13702): [TrackPlayerService] Metadata unchanged, skipping update
10-17 20:51:29.269 I/ReactNativeJS(13702): '[useNowPlaying] Fetching metadata from:', 'https://radyo.yayin.com.tr:5132/currentsong'
10-17 20:51:29.991 I/ReactNativeJS(13702): '[useNowPlaying] Response status:', 200
10-17 20:51:29.996 I/ReactNativeJS(13702): '[useNowPlaying] Received text:', 'CANIN SAOLSUN &RAST - SEMICENK'
10-17 20:51:29.996 I/ReactNativeJS(13702): [useNowPlaying] Not JSON, parsing as plain text
10-17 20:51:29.997 I/ReactNativeJS(13702): '[useNowPlaying] Setting now playing (plain text):', { song: 'CANIN SAOLSUN &RAST',
10-17 20:51:30.058 I/ReactNativeJS(13702): '[RadioPlayerControls] metadataUrl:', 'https://radyo.yayin.com.tr:5132/currentsong'
10-17 20:51:30.059 I/ReactNativeJS(13702): '[RadioPlayerControls] nowPlaying updated:', { song: 'CANIN SAOLSUN &RAST',
10-17 20:51:30.060 I/ReactNativeJS(13702): [TrackPlayerService] Metadata unchanged, skipping update
10-17 20:51:34.267 I/ReactNativeJS(13702): '[useNowPlaying] Fetching metadata from:', 'https://radyo.yayin.com.tr:5132/currentsong'
10-17 20:51:34.475 I/RemoteProvisionSysSvc( 1508): Successfully fetched key for client 85780903
10-17 20:51:34.678 I/ReactNativeJS(13702): '[useNowPlaying] Response status:', 200
10-17 20:51:34.680 I/ReactNativeJS(13702): '[useNowPlaying] Received text:', 'CANIN SAOLSUN &RAST - SEMICENK'
10-17 20:51:34.680 I/ReactNativeJS(13702): [useNowPlaying] Not JSON, parsing as plain text
10-17 20:51:34.680 I/ReactNativeJS(13702): '[useNowPlaying] Setting now playing (plain text):', { song: 'CANIN SAOLSUN &RAST',
10-17 20:51:34.719 I/ReactNativeJS(13702): '[RadioPlayerControls] metadataUrl:', 'https://radyo.yayin.com.tr:5132/currentsong'
10-17 20:51:34.719 I/ReactNativeJS(13702): '[RadioPlayerControls] nowPlaying updated:', { song: 'CANIN SAOLSUN &RAST',
10-17 20:51:34.720 I/ReactNativeJS(13702): [TrackPlayerService] Metadata unchanged, skipping update
10-17 20:51:39.271 I/ReactNativeJS(13702): '[useNowPlaying] Fetching metadata from:', 'https://radyo.yayin.com.tr:5132/currentsong'
10-17 20:51:39.912 I/ReactNativeJS(13702): '[useNowPlaying] Response status:', 200
10-17 20:51:39.919 I/ReactNativeJS(13702): '[useNowPlaying] Received text:', 'CANIN SAOLSUN &RAST - SEMICENK'
10-17 20:51:39.920 I/ReactNativeJS(13702): [useNowPlaying] Not JSON, parsing as plain text
10-17 20:51:39.921 I/ReactNativeJS(13702): '[useNowPlaying] Setting now playing (plain text):', { song: 'CANIN SAOLSUN &RAST',
10-17 20:51:39.986 I/ReactNativeJS(13702): '[RadioPlayerControls] metadataUrl:', 'https://radyo.yayin.com.tr:5132/currentsong'
10-17 20:51:39.987 I/ReactNativeJS(13702): '[RadioPlayerControls] nowPlaying updated:', { song: 'CANIN SAOLSUN &RAST',
10-17 20:51:39.987 I/ReactNativeJS(13702): [TrackPlayerService] Metadata unchanged, skipping update
10-17 20:51:44.279 I/ReactNativeJS(13702): '[useNowPlaying] Fetching metadata from:', 'https://radyo.yayin.com.tr:5132/currentsong'
10-17 20:51:44.853 I/ReactNativeJS(13702): '[useNowPlaying] Response status:', 200
10-17 20:51:44.861 I/ReactNativeJS(13702): '[useNowPlaying] Received text:', 'CANIN SAOLSUN &RAST - SEMICENK'
10-17 20:51:44.861 I/ReactNativeJS(13702): [useNowPlaying] Not JSON, parsing as plain text
10-17 20:51:44.862 I/ReactNativeJS(13702): '[useNowPlaying] Setting now playing (plain text):', { song: 'CANIN SAOLSUN &RAST',
10-17 20:51:44.916 I/ReactNativeJS(13702): '[RadioPlayerControls] metadataUrl:', 'https://radyo.yayin.com.tr:5132/currentsong'
10-17 20:51:44.917 I/ReactNativeJS(13702): '[RadioPlayerControls] nowPlaying updated:', { song: 'CANIN SAOLSUN &RAST',
10-17 20:51:44.917 I/ReactNativeJS(13702): [TrackPlayerService] Metadata unchanged, skipping update
10-17 20:51:49.286 I/ReactNativeJS(13702): '[useNowPlaying] Fetching metadata from:', 'https://radyo.yayin.com.tr:5132/currentsong'
10-17 20:51:49.943 I/ReactNativeJS(13702): '[useNowPlaying] Response status:', 200
10-17 20:51:49.949 I/ReactNativeJS(13702): '[useNowPlaying] Received text:', 'CANIN SAOLSUN &RAST - SEMICENK'
10-17 20:51:49.949 I/ReactNativeJS(13702): [useNowPlaying] Not JSON, parsing as plain text
10-17 20:51:49.950 I/ReactNativeJS(13702): '[useNowPlaying] Setting now playing (plain text):', { song: 'CANIN SAOLSUN &RAST',
10-17 20:51:50.014 I/ReactNativeJS(13702): '[RadioPlayerControls] metadataUrl:', 'https://radyo.yayin.com.tr:5132/currentsong'
10-17 20:51:50.015 I/ReactNativeJS(13702): '[RadioPlayerControls] nowPlaying updated:', { song: 'CANIN SAOLSUN &RAST',
10-17 20:51:50.015 I/ReactNativeJS(13702): [TrackPlayerService] Metadata unchanged, skipping update
10-17 20:51:54.294 I/ReactNativeJS(13702): '[useNowPlaying] Fetching metadata from:', 'https://radyo.yayin.com.tr:5132/currentsong'
10-17 20:51:54.868 I/ReactNativeJS(13702): '[useNowPlaying] Response status:', 200
10-17 20:51:54.878 I/ReactNativeJS(13702): '[useNowPlaying] Received text:', 'CANIN SAOLSUN &RAST - SEMICENK'
10-17 20:51:54.878 I/ReactNativeJS(13702): [useNowPlaying] Not JSON, parsing as plain text
10-17 20:51:54.880 I/ReactNativeJS(13702): '[useNowPlaying] Setting now playing (plain text):', { song: 'CANIN SAOLSUN &RAST',
10-17 20:51:54.932 I/ReactNativeJS(13702): '[RadioPlayerControls] metadataUrl:', 'https://radyo.yayin.com.tr:5132/currentsong'
10-17 20:51:54.933 I/ReactNativeJS(13702): '[RadioPlayerControls] nowPlaying updated:', { song: 'CANIN SAOLSUN &RAST',
10-17 20:51:54.933 I/ReactNativeJS(13702): [TrackPlayerService] Metadata unchanged, skipping update
10-17 20:51:59.302 I/ReactNativeJS(13702): '[useNowPlaying] Fetching metadata from:', 'https://radyo.yayin.com.tr:5132/currentsong'
10-17 20:52:00.000 I/ReactNativeJS(13702): '[useNowPlaying] Response status:', 200
10-17 20:52:00.008 I/ReactNativeJS(13702): '[useNowPlaying] Received text:', 'CANIN SAOLSUN &RAST - SEMICENK'
10-17 20:52:00.008 I/ReactNativeJS(13702): [useNowPlaying] Not JSON, parsing as plain text
10-17 20:52:00.009 I/ReactNativeJS(13702): '[useNowPlaying] Setting now playing (plain text):', { song: 'CANIN SAOLSUN &RAST',
10-17 20:52:00.063 I/ReactNativeJS(13702): '[RadioPlayerControls] metadataUrl:', 'https://radyo.yayin.com.tr:5132/currentsong'
10-17 20:52:00.064 I/ReactNativeJS(13702): '[RadioPlayerControls] nowPlaying updated:', { song: 'CANIN SAOLSUN &RAST',
10-17 20:52:00.064 I/ReactNativeJS(13702): [TrackPlayerService] Metadata unchanged, skipping update
10-17 20:52:04.305 I/ReactNativeJS(13702): '[useNowPlaying] Fetching metadata from:', 'https://radyo.yayin.com.tr:5132/currentsong'
10-17 20:52:04.804 I/ReactNativeJS(13702): '[useNowPlaying] Response status:', 200
10-17 20:52:04.810 I/ReactNativeJS(13702): '[useNowPlaying] Received text:', 'CANIN SAOLSUN &RAST - SEMICENK'
10-17 20:52:04.811 I/ReactNativeJS(13702): [useNowPlaying] Not JSON, parsing as plain text
10-17 20:52:04.811 I/ReactNativeJS(13702): '[useNowPlaying] Setting now playing (plain text):', { song: 'CANIN SAOLSUN &RAST',
10-17 20:52:04.866 I/ReactNativeJS(13702): '[RadioPlayerControls] metadataUrl:', 'https://radyo.yayin.com.tr:5132/currentsong'
10-17 20:52:04.867 I/ReactNativeJS(13702): '[RadioPlayerControls] nowPlaying updated:', { song: 'CANIN SAOLSUN &RAST',
10-17 20:52:04.867 I/ReactNativeJS(13702): [TrackPlayerService] Metadata unchanged, skipping update
10-17 20:52:09.307 I/ReactNativeJS(13702): '[useNowPlaying] Fetching metadata from:', 'https://radyo.yayin.com.tr:5132/currentsong'
10-17 20:52:09.907 I/ReactNativeJS(13702): '[useNowPlaying] Response status:', 200
10-17 20:52:09.910 I/ReactNativeJS(13702): '[useNowPlaying] Received text:', 'CANIN SAOLSUN &RAST - SEMICENK'
10-17 20:52:09.910 I/ReactNativeJS(13702): [useNowPlaying] Not JSON, parsing as plain text
10-17 20:52:09.911 I/ReactNativeJS(13702): '[useNowPlaying] Setting now playing (plain text):', { song: 'CANIN SAOLSUN &RAST',
10-17 20:52:09.951 I/ReactNativeJS(13702): '[RadioPlayerControls] metadataUrl:', 'https://radyo.yayin.com.tr:5132/currentsong'
10-17 20:52:09.951 I/ReactNativeJS(13702): '[RadioPlayerControls] nowPlaying updated:', { song: 'CANIN SAOLSUN &RAST',
10-17 20:52:09.952 I/ReactNativeJS(13702): [TrackPlayerService] Metadata unchanged, skipping update
10-17 20:52:14.310 I/ReactNativeJS(13702): '[useNowPlaying] Fetching metadata from:', 'https://radyo.yayin.com.tr:5132/currentsong'
10-17 20:52:14.933 I/ReactNativeJS(13702): '[useNowPlaying] Response status:', 200
10-17 20:52:14.939 I/ReactNativeJS(13702): '[useNowPlaying] Received text:', 'CANIN SAOLSUN &RAST - SEMICENK'
10-17 20:52:14.939 I/ReactNativeJS(13702): [useNowPlaying] Not JSON, parsing as plain text
10-17 20:52:14.940 I/ReactNativeJS(13702): '[useNowPlaying] Setting now playing (plain text):', { song: 'CANIN SAOLSUN &RAST',
10-17 20:52:15.005 I/ReactNativeJS(13702): '[RadioPlayerControls] metadataUrl:', 'https://radyo.yayin.com.tr:5132/currentsong'
10-17 20:52:15.006 I/ReactNativeJS(13702): '[RadioPlayerControls] nowPlaying updated:', { song: 'CANIN SAOLSUN &RAST',
10-17 20:52:15.006 I/ReactNativeJS(13702): [TrackPlayerService] Metadata unchanged, skipping update
10-17 20:52:19.313 I/ReactNativeJS(13702): '[useNowPlaying] Fetching metadata from:', 'https://radyo.yayin.com.tr:5132/currentsong'
10-17 20:52:19.953 I/ReactNativeJS(13702): '[useNowPlaying] Response status:', 200
10-17 20:52:19.957 I/ReactNativeJS(13702): '[useNowPlaying] Received text:', 'CANIN SAOLSUN &RAST - SEMICENK'
10-17 20:52:19.958 I/ReactNativeJS(13702): [useNowPlaying] Not JSON, parsing as plain text
10-17 20:52:19.958 I/ReactNativeJS(13702): '[useNowPlaying] Setting now playing (plain text):', { song: 'CANIN SAOLSUN &RAST',
10-17 20:52:20.017 I/ReactNativeJS(13702): '[RadioPlayerControls] metadataUrl:', 'https://radyo.yayin.com.tr:5132/currentsong'
10-17 20:52:20.017 I/ReactNativeJS(13702): '[RadioPlayerControls] nowPlaying updated:', { song: 'CANIN SAOLSUN &RAST',
10-17 20:52:20.017 I/ReactNativeJS(13702): [TrackPlayerService] Metadata unchanged, skipping update
10-17 20:52:24.316 I/ReactNativeJS(13702): '[useNowPlaying] Fetching metadata from:', 'https://radyo.yayin.com.tr:5132/currentsong'
10-17 20:52:24.780 I/ReactNativeJS(13702): '[useNowPlaying] Response status:', 200
10-17 20:52:24.785 I/ReactNativeJS(13702): '[useNowPlaying] Received text:', 'CANIN SAOLSUN &RAST - SEMICENK'
10-17 20:52:24.785 I/ReactNativeJS(13702): [useNowPlaying] Not JSON, parsing as plain text
10-17 20:52:24.786 I/ReactNativeJS(13702): '[useNowPlaying] Setting now playing (plain text):', { song: 'CANIN SAOLSUN &RAST',
10-17 20:52:24.845 I/ReactNativeJS(13702): '[RadioPlayerControls] metadataUrl:', 'https://radyo.yayin.com.tr:5132/currentsong'
10-17 20:52:24.845 I/ReactNativeJS(13702): '[RadioPlayerControls] nowPlaying updated:', { song: 'CANIN SAOLSUN &RAST',
10-17 20:52:24.845 I/ReactNativeJS(13702): [TrackPlayerService] Metadata unchanged, skipping update
10-17 20:52:27.458 D/GoogleBatteryDataSource( 2155): fetchDwellDefendStatus: CONNECTED
10-17 20:52:27.459 D/GoogleBatteryDataSource( 2155): fetchTempDefendStatus: t_sum=0, time_sum=0 t_avg=0 lst_v=0 lst_t=0 lst_u=0, dt=1746570, t=0 e=1
10-17 20:52:29.329 I/ReactNativeJS(13702): '[useNowPlaying] Fetching metadata from:', 'https://radyo.yayin.com.tr:5132/currentsong'
10-17 20:52:30.023 I/ReactNativeJS(13702): '[useNowPlaying] Response status:', 200
10-17 20:52:30.029 I/ReactNativeJS(13702): '[useNowPlaying] Received text:', 'CANIN SAOLSUN &RAST - SEMICENK'
10-17 20:52:30.029 I/ReactNativeJS(13702): [useNowPlaying] Not JSON, parsing as plain text
10-17 20:52:30.030 I/ReactNativeJS(13702): '[useNowPlaying] Setting now playing (plain text):', { song: 'CANIN SAOLSUN &RAST',
10-17 20:52:30.093 I/ReactNativeJS(13702): '[RadioPlayerControls] metadataUrl:', 'https://radyo.yayin.com.tr:5132/currentsong'
10-17 20:52:30.094 I/ReactNativeJS(13702): '[RadioPlayerControls] nowPlaying updated:', { song: 'CANIN SAOLSUN &RAST',
10-17 20:52:30.094 I/ReactNativeJS(13702): [TrackPlayerService] Metadata unchanged, skipping update
10-17 20:52:34.325 I/ReactNativeJS(13702): '[useNowPlaying] Fetching metadata from:', 'https://radyo.yayin.com.tr:5132/currentsong'
10-17 20:52:34.909 I/ReactNativeJS(13702): '[useNowPlaying] Response status:', 200
10-17 20:52:34.918 I/ReactNativeJS(13702): '[useNowPlaying] Received text:', 'CANIN SAOLSUN &RAST - SEMICENK'
10-17 20:52:34.919 I/ReactNativeJS(13702): [useNowPlaying] Not JSON, parsing as plain text
10-17 20:52:34.920 I/ReactNativeJS(13702): '[useNowPlaying] Setting now playing (plain text):', { song: 'CANIN SAOLSUN &RAST',
10-17 20:52:34.976 I/ReactNativeJS(13702): '[RadioPlayerControls] metadataUrl:', 'https://radyo.yayin.com.tr:5132/currentsong'
10-17 20:52:34.977 I/ReactNativeJS(13702): '[RadioPlayerControls] nowPlaying updated:', { song: 'CANIN SAOLSUN &RAST',
10-17 20:52:34.977 I/ReactNativeJS(13702): [TrackPlayerService] Metadata unchanged, skipping update
10-17 20:52:39.332 I/ReactNativeJS(13702): '[useNowPlaying] Fetching metadata from:', 'https://radyo.yayin.com.tr:5132/currentsong'
10-17 20:52:40.038 I/ReactNativeJS(13702): '[useNowPlaying] Response status:', 200
10-17 20:52:40.043 I/ReactNativeJS(13702): '[useNowPlaying] Received text:', 'CANIN SAOLSUN &RAST - SEMICENK'
10-17 20:52:40.044 I/ReactNativeJS(13702): [useNowPlaying] Not JSON, parsing as plain text
10-17 20:52:40.044 I/ReactNativeJS(13702): '[useNowPlaying] Setting now playing (plain text):', { song: 'CANIN SAOLSUN &RAST',
10-17 20:52:40.101 I/ReactNativeJS(13702): '[RadioPlayerControls] metadataUrl:', 'https://radyo.yayin.com.tr:5132/currentsong'
10-17 20:52:40.102 I/ReactNativeJS(13702): '[RadioPlayerControls] nowPlaying updated:', { song: 'CANIN SAOLSUN &RAST',
10-17 20:52:40.102 I/ReactNativeJS(13702): [TrackPlayerService] Metadata unchanged, skipping update
10-17 20:52:44.336 I/ReactNativeJS(13702): '[useNowPlaying] Fetching metadata from:', 'https://radyo.yayin.com.tr:5132/currentsong'
10-17 20:52:45.043 I/ReactNativeJS(13702): '[useNowPlaying] Response status:', 200
10-17 20:52:45.049 I/ReactNativeJS(13702): '[useNowPlaying] Received text:', 'CANIN SAOLSUN &RAST - SEMICENK'
10-17 20:52:45.049 I/ReactNativeJS(13702): [useNowPlaying] Not JSON, parsing as plain text
10-17 20:52:45.050 I/ReactNativeJS(13702): '[useNowPlaying] Setting now playing (plain text):', { song: 'CANIN SAOLSUN &RAST',
10-17 20:52:45.112 I/ReactNativeJS(13702): '[RadioPlayerControls] metadataUrl:', 'https://radyo.yayin.com.tr:5132/currentsong'
10-17 20:52:45.113 I/ReactNativeJS(13702): '[RadioPlayerControls] nowPlaying updated:', { song: 'CANIN SAOLSUN &RAST',
10-17 20:52:45.113 I/ReactNativeJS(13702): [TrackPlayerService] Metadata unchanged, skipping update
10-17 20:52:49.341 I/ReactNativeJS(13702): '[useNowPlaying] Fetching metadata from:', 'https://radyo.yayin.com.tr:5132/currentsong'
10-17 20:52:50.075 I/ReactNativeJS(13702): '[useNowPlaying] Response status:', 200
10-17 20:52:50.079 I/ReactNativeJS(13702): '[useNowPlaying] Received text:', 'CANIN SAOLSUN &RAST - SEMICENK'
10-17 20:52:50.079 I/ReactNativeJS(13702): [useNowPlaying] Not JSON, parsing as plain text
10-17 20:52:50.080 I/ReactNativeJS(13702): '[useNowPlaying] Setting now playing (plain text):', { song: 'CANIN SAOLSUN &RAST',
10-17 20:52:50.135 I/ReactNativeJS(13702): '[RadioPlayerControls] metadataUrl:', 'https://radyo.yayin.com.tr:5132/currentsong'
10-17 20:52:50.136 I/ReactNativeJS(13702): '[RadioPlayerControls] nowPlaying updated:', { song: 'CANIN SAOLSUN &RAST',
10-17 20:52:50.136 I/ReactNativeJS(13702): [TrackPlayerService] Metadata unchanged, skipping update
10-17 20:52:54.345 I/ReactNativeJS(13702): '[useNowPlaying] Fetching metadata from:', 'https://radyo.yayin.com.tr:5132/currentsong'
10-17 20:52:54.978 I/ReactNativeJS(13702): '[useNowPlaying] Response status:', 200
10-17 20:52:54.983 I/ReactNativeJS(13702): '[useNowPlaying] Received text:', 'CANIN SAOLSUN &RAST - SEMICENK'
10-17 20:52:54.983 I/ReactNativeJS(13702): [useNowPlaying] Not JSON, parsing as plain text
10-17 20:52:54.984 I/ReactNativeJS(13702): '[useNowPlaying] Setting now playing (plain text):', { song: 'CANIN SAOLSUN &RAST',
10-17 20:52:55.043 I/ReactNativeJS(13702): '[RadioPlayerControls] metadataUrl:', 'https://radyo.yayin.com.tr:5132/currentsong'
