10-17 21:09:39.294 D/AidlBufferPool( 1237): bufferpool2 0xb4000072c824a888 : 4(8192 size) total buffers - 0(0 size) used buffers - 0/4 (recycle/alloc) - 4/4 (fetch/transfer)
10-17 21:09:39.295 D/AidlBufferPool( 1201): bufferpool2 0xb400007130fb3768 : 5(40960 size) total buffers - 4(32768 size) used buffers - 3/8 (recycle/alloc) - 5/6 (fetch/transfer)
10-17 21:09:43.370 D/AidlBufferPool( 1237): bufferpool2 0xb4000072c824e948 : 0(0 size) total buffers - 0(0 size) used buffers - 0/0 (recycle/alloc) - 0/0 (fetch/transfer)
10-17 21:09:43.370 D/AidlBufferPool( 1237): Destruction - bufferpool2 0xb4000072c824e948 cached: 0/0M, 0/0% in use; allocs: 0, 0% recycled; transfers: 0, 0% unfetched
10-17 21:09:48.370 D/AidlBufferPool( 1201): bufferpool2 0xb400007130fb3768 : 0(0 size) total buffers - 0(0 size) used buffers - 3/8 (recycle/alloc) - 5/6 (fetch/transfer)
10-17 21:09:48.372 D/AidlBufferPool( 1237): bufferpool2 0xb4000072c824a888 : 0(0 size) total buffers - 0(0 size) used buffers - 0/4 (recycle/alloc) - 4/4 (fetch/transfer)
10-17 21:09:55.536 D/GoogleBatteryDataSource( 2155): fetchDwellDefendStatus: CONNECTED
10-17 21:09:55.536 D/GoogleBatteryDataSource( 2155): fetchTempDefendStatus: t_sum=0, time_sum=0 t_avg=0 lst_v=0 lst_t=0 lst_u=0, dt=1746570, t=0 e=1
10-17 21:09:56.944 I/GmsNetworkEngineImageFe(25454): fetchImage called
10-17 21:10:14.470 D/GoogleBatteryDataSource( 2155): fetchDwellDefendStatus: CONNECTED
10-17 21:10:14.471 D/GoogleBatteryDataSource( 2155): fetchTempDefendStatus: t_sum=0, time_sum=0 t_avg=0 lst_v=0 lst_t=0 lst_u=0, dt=1746570, t=0 e=1
10-17 21:10:15.676 D/AidlBufferPool( 1237): bufferpool2 0xb4000072c8250758 : 0(0 size) total buffers - 0(0 size) used buffers - 0/0 (recycle/alloc) - 0/0 (fetch/transfer)
10-17 21:10:15.676 D/AidlBufferPool( 1237): bufferpool2 0xb4000072c824d918 : 4(16384 size) total buffers - 4(16384 size) used buffers - 595/631 (recycle/alloc) - 84/631 (fetch/transfer)
10-17 21:10:15.676 D/AidlBufferPool( 1237): bufferpool2 0xb4000072c8244c08 : 0(0 size) total buffers - 0(0 size) used buffers - 0/0 (recycle/alloc) - 0/0 (fetch/transfer)
10-17 21:10:15.676 D/AidlBufferPool( 1237): bufferpool2 0xb4000072c82553a8 : 3(12288 size) total buffers - 3(12288 size) used buffers - 47/54 (recycle/alloc) - 15/54 (fetch/transfer)
10-17 21:10:15.676 D/AidlBufferPool( 1237): bufferpool2 0xb4000072c82512e8 : 0(0 size) total buffers - 0(0 size) used buffers - 0/0 (recycle/alloc) - 0/0 (fetch/transfer)
10-17 21:10:15.676 D/AidlBufferPool( 1237): bufferpool2 0xb4000072c824cd88 : 4(16384 size) total buffers - 4(16384 size) used buffers - 100/108 (recycle/alloc) - 18/108 (fetch/transfer)
10-17 21:10:15.677 D/AidlBufferPool( 1201): bufferpool2 0xb400007130fb3768 : 0(0 size) total buffers - 0(0 size) used buffers - 3/8 (recycle/alloc) - 5/6 (fetch/transfer)
10-17 21:10:15.677 D/AidlBufferPool( 1201): Destruction - bufferpool2 0xb400007130fb3768 cached: 0/0M, 0/0% in use; allocs: 8, 38% recycled; transfers: 6, 17% unfetched
10-17 21:10:15.693 D/AidlBufferPool( 1201): bufferpool2 0xb400007130fbb8e8 : 0(0 size) total buffers - 0(0 size) used buffers - 0/1135 (recycle/alloc) - 1100/1321 (fetch/transfer)
10-17 21:10:15.693 D/AidlBufferPool( 1237): bufferpool2 0xb4000072c824a888 : 0(0 size) total buffers - 0(0 size) used buffers - 0/4 (recycle/alloc) - 4/4 (fetch/transfer)
10-17 21:10:15.693 D/AidlBufferPool( 1237): Destruction - bufferpool2 0xb4000072c824a888 cached: 0/0M, 0/0% in use; allocs: 4, 0% recycled; transfers: 4, 0% unfetched
10-17 21:10:20.271 I/GmsNetworkEngineImageFe(25454): fetchImage called
10-17 21:10:20.679 D/AidlBufferPool( 1237): bufferpool2 0xb4000072c82563d8 : 0(0 size) total buffers - 0(0 size) used buffers - 0/0 (recycle/alloc) - 0/0 (fetch/transfer)
10-17 21:10:21.680 D/AidlBufferPool( 1201): bufferpool2 0xb400007130fdaeb8 : 6(49152 size) total buffers - 4(32768 size) used buffers - 2/8 (recycle/alloc) - 5/6 (fetch/transfer)
10-17 21:10:21.680 D/AidlBufferPool( 1237): bufferpool2 0xb4000072c824a888 : 4(8192 size) total buffers - 0(0 size) used buffers - 0/4 (recycle/alloc) - 4/4 (fetch/transfer)
10-17 21:10:22.120 I/SP      (12096): Registering spell_checker.2023080700, url: https://www.gstatic.com/android/keyboard/spell_checker/prod/2023080700/metadata_cpu_2023080700.json, constraints: m:*:*:*, flags: bg, requested: 2023080700, current: 2023080700
10-17 21:10:22.134 I/SP      (12096): Syncing emoticon_content_description (2022081613) with slices: [7a635888cb828dfa2fc744b7b9b50f04, 82203eaeaa17c7345d29b18e337a6f27, a5d3cbdf86c9437e5e2eb999943a8600], metadata: false
10-17 21:10:22.135 I/ManifestedDataDownloader(12096): ManifestedDataDownloader.download():67 downloading manifest https://www.gstatic.com/android/keyboard/dictionarypack/2025052121/metadata.json-perlang/tr.json?v=2025090300
10-17 21:10:22.135 I/ManifestedDataDownloader(12096): ManifestedDataDownloader.download():67 downloading manifest https://www.gstatic.com/android/keyboard/dictionarypack/2025052121/metadata.json-perlang/en-GB.json?v=2025090300
10-17 21:10:22.135 I/ManifestedDataDownloader(12096): ManifestedDataDownloader.download():67 downloading manifest https://www.gstatic.com/android/keyboard/dictionarypack/2025052121/metadata.json-perlang/en-GB.json?v=2025090300
10-17 21:10:22.135 I/ManifestedDataDownloader(12096): ManifestedDataDownloader.download():67 downloading manifest https://www.gstatic.com/android/keyboard/dictionarypack/2025052121/metadata.json-perlang/tr.json?v=2025090300
10-17 21:10:22.135 I/ManifestedDataDownloader(12096): ManifestedDataDownloader.download():67 downloading manifest https://www.gstatic.com/android/keyboard/dictionarypack/2025052121/metadata.json-perlang/en-US.json?v=2025090300
10-17 21:10:22.135 I/ManifestedDataDownloader(12096): ManifestedDataDownloader.download():67 downloading manifest https://www.gstatic.com/android/keyboard/dictionarypack/2025052121/metadata.json-perlang/en-US.json?v=2025090300
10-17 21:10:22.253 I/SP      (12096): Syncing spell_checker (2023080700) with slices: [{en_cpu_272adaa02e4841a0e8fe0d7f95b77421, W:b:*:*, bg}], metadata: false
10-17 21:10:22.271 I/SuperDelight(12096): SuperDelightBundledSlicingStrategy.getSlices():67 BundledSlicing#getSlices(): result {slices=[bundled_delight:main_en_us_2025051500_2], last batch=true, sync metadata=false}
10-17 21:10:22.271 I/SP      (12096): Syncing bundled_delight (2025072800) with slices: [main_en_us_2025051500_2], metadata: false
10-17 21:10:22.279 D/AidlBufferPool(14343): bufferpool2 0xb40000796efa4758 : 0(0 size) total buffers - 0(0 size) used buffers - 577/635 (recycle/alloc) - 137/635 (fetch/transfer)
10-17 21:10:22.279 D/AidlBufferPool(14343): bufferpool2 0xb40000796ef112e8 : 4(29360128 size) total buffers - 4(29360128 size) used buffers - 213/223 (recycle/alloc) - 28/224 (fetch/transfer)
10-17 21:10:22.279 D/AidlBufferPool(14343): bufferpool2 0xb40000796ef26dc8 : 4(29360128 size) total buffers - 4(29360128 size) used buffers - 13/20 (recycle/alloc) - 9/20 (fetch/transfer)
10-17 21:10:22.279 D/AidlBufferPool(14343): bufferpool2 0xb40000796efa24a8 : 0(0 size) total buffers - 0(0 size) used buffers - 42/58 (recycle/alloc) - 25/58 (fetch/transfer)
10-17 21:10:22.279 D/AidlBufferPool(14343): bufferpool2 0xb40000796ef31448 : 4(29360128 size) total buffers - 4(29360128 size) used buffers - 44/50 (recycle/alloc) - 7/51 (fetch/transfer)
10-17 21:10:22.279 D/AidlBufferPool(14343): bufferpool2 0xb40000796ef9ac68 : 0(0 size) total buffers - 0(0 size) used buffers - 97/112 (recycle/alloc) - 20/112 (fetch/transfer)
10-17 21:10:22.280 D/AidlBufferPool( 1237): bufferpool2 0xb4000072c82553a8 : 3(12288 size) total buffers - 3(12288 size) used buffers - 47/54 (recycle/alloc) - 15/54 (fetch/transfer)
10-17 21:10:22.280 D/AidlBufferPool( 1237): bufferpool2 0xb4000072c824cd88 : 4(16384 size) total buffers - 3(12288 size) used buffers - 100/108 (recycle/alloc) - 18/108 (fetch/transfer)
10-17 21:10:22.280 D/AidlBufferPool( 1237): bufferpool2 0xb4000072c824d918 : 4(16384 size) total buffers - 4(16384 size) used buffers - 595/631 (recycle/alloc) - 84/631 (fetch/transfer)
10-17 21:10:22.322 I/SP      (12096): Syncing content_cache (2024032915) with slices: [74ed8b2e38ec1bc8af70aa63d8ec49de, 8722425f4121ffdea802b1066df73991, fa1da98da1212aad6fb9a8efaff48148], metadata: true
10-17 21:10:22.542 D/AidlBufferPool(14343): Destruction - bufferpool2 0xb40000796ef9ac68 cached: 0/0M, 0/0% in use; allocs: 117, 83% recycled; transfers: 112, 82% unfetched
10-17 21:10:22.543 D/AidlBufferPool( 1237): bufferpool2 0xb4000072c82512e8 : 0(0 size) total buffers - 0(0 size) used buffers - 0/0 (recycle/alloc) - 0/0 (fetch/transfer)
10-17 21:10:22.543 D/AidlBufferPool( 1237): Destruction - bufferpool2 0xb4000072c82512e8 cached: 0/0M, 0/0% in use; allocs: 0, 0% recycled; transfers: 0, 0% unfetched
10-17 21:10:22.654 D/AidlBufferPool( 1237): bufferpool2 0xb4000072c8250758 : 0(0 size) total buffers - 0(0 size) used buffers - 0/0 (recycle/alloc) - 0/0 (fetch/transfer)
10-17 21:10:22.654 D/AidlBufferPool( 1237): bufferpool2 0xb4000072c8244c08 : 0(0 size) total buffers - 0(0 size) used buffers - 0/0 (recycle/alloc) - 0/0 (fetch/transfer)
10-17 21:10:25.756 D/AidlBufferPool( 1237): bufferpool2 0xb4000072c82563d8 : 0(0 size) total buffers - 0(0 size) used buffers - 0/0 (recycle/alloc) - 0/0 (fetch/transfer)
10-17 21:10:25.756 D/AidlBufferPool( 1237): Destruction - bufferpool2 0xb4000072c82563d8 cached: 0/0M, 0/0% in use; allocs: 0, 0% recycled; transfers: 0, 0% unfetched
10-17 21:10:27.284 D/AidlBufferPool(14343): bufferpool2 0xb40000796ef31448 : 0(0 size) total buffers - 0(0 size) used buffers - 46/56 (recycle/alloc) - 7/53 (fetch/transfer)
10-17 21:10:27.682 D/AidlBufferPool( 1237): bufferpool2 0xb4000072c82512e8 : 0(0 size) total buffers - 0(0 size) used buffers - 0/0 (recycle/alloc) - 0/0 (fetch/transfer)
10-17 21:10:27.682 D/AidlBufferPool( 1237): bufferpool2 0xb4000072c824cd88 : 0(0 size) total buffers - 0(0 size) used buffers - 100/108 (recycle/alloc) - 18/108 (fetch/transfer)
10-17 21:10:27.682 D/AidlBufferPool( 1237): bufferpool2 0xb4000072c82553a8 : 3(12288 size) total buffers - 3(12288 size) used buffers - 47/54 (recycle/alloc) - 15/54 (fetch/transfer)
10-17 21:10:27.682 D/AidlBufferPool( 1237): bufferpool2 0xb4000072c824d918 : 4(16384 size) total buffers - 4(16384 size) used buffers - 595/631 (recycle/alloc) - 84/631 (fetch/transfer)
10-17 21:10:28.595 D/AidlBufferPool(14343): bufferpool2 0xb40000796efa3e18 : 5(40960 size) total buffers - 4(32768 size) used buffers - 25/30 (recycle/alloc) - 8/27 (fetch/transfer)
10-17 21:10:28.600 D/AidlBufferPool( 1237): bufferpool2 0xb4000072c824d6c8 : 2(8192 size) total buffers - 1(4096 size) used buffers - 21/23 (recycle/alloc) - 2/22 (fetch/transfer)
10-17 21:10:30.760 D/AidlBufferPool( 1201): bufferpool2 0xb400007130fdaeb8 : 0(0 size) total buffers - 0(0 size) used buffers - 2/8 (recycle/alloc) - 5/6 (fetch/transfer)
10-17 21:10:31.288 D/AidlBufferPool(14343): bufferpool2 0xb40000796ef46cd8 : 5(36700160 size) total buffers - 4(29360128 size) used buffers - 15/20 (recycle/alloc) - 7/20 (fetch/transfer)
10-17 21:10:31.689 D/AidlBufferPool( 1237): bufferpool2 0xb4000072c824a888 : 0(0 size) total buffers - 0(0 size) used buffers - 0/4 (recycle/alloc) - 4/4 (fetch/transfer)
10-17 21:10:34.290 D/AidlBufferPool(14343): bufferpool2 0xb40000796efa3e18 : 5(40960 size) total buffers - 0(0 size) used buffers - 27/32 (recycle/alloc) - 10/32 (fetch/transfer)
10-17 21:10:34.691 D/AidlBufferPool( 1237): bufferpool2 0xb4000072c824d6c8 : 4(16384 size) total buffers - 4(16384 size) used buffers - 24/28 (recycle/alloc) - 5/28 (fetch/transfer)
10-17 21:10:48.240 I/SP      (12096): Syncing emoticon_content_description (2022081613) with slices: [7a635888cb828dfa2fc744b7b9b50f04, 82203eaeaa17c7345d29b18e337a6f27, a5d3cbdf86c9437e5e2eb999943a8600], metadata: false
10-17 21:10:48.261 I/SP      (12096): Syncing content_cache (2024032915) with slices: [74ed8b2e38ec1bc8af70aa63d8ec49de, 8722425f4121ffdea802b1066df73991, fa1da98da1212aad6fb9a8efaff48148], metadata: true
10-17 21:10:50.734 W/chromium(16378): [WARNING:net/cert/ev_root_ca_metadata.cc:117] Not implemented
10-17 21:10:50.884 W/chromium(16378): [WARNING:net/cert/ev_root_ca_metadata.cc:117] Not implemented
10-17 21:10:51.321 W/chromium(16378): [WARNING:net/cert/ev_root_ca_metadata.cc:117] Not implemented
10-17 21:10:51.451 W/chromium(16378): [WARNING:net/cert/ev_root_ca_metadata.cc:117] Not implemented
10-17 21:11:07.616 I/SP      (12096): Syncing emoticon_content_description (2022081613) with slices: [7a635888cb828dfa2fc744b7b9b50f04, 82203eaeaa17c7345d29b18e337a6f27, a5d3cbdf86c9437e5e2eb999943a8600], metadata: false
10-17 21:11:07.644 I/SP      (12096): Syncing content_cache (2024032915) with slices: [74ed8b2e38ec1bc8af70aa63d8ec49de, 8722425f4121ffdea802b1066df73991, fa1da98da1212aad6fb9a8efaff48148], metadata: true
10-17 21:11:28.459 D/AidlBufferPool(14343): bufferpool2 0xb40000796ef46cd8 : 5(36700160 size) total buffers - 5(36700160 size) used buffers - 15/21 (recycle/alloc) - 7/20 (fetch/transfer)
10-17 21:11:28.473 D/AidlBufferPool(14343): bufferpool2 0xb40000796efa3e18 : 1(8192 size) total buffers - 1(8192 size) used buffers - 27/33 (recycle/alloc) - 10/32 (fetch/transfer)
10-17 21:11:28.482 D/AidlBufferPool( 1237): bufferpool2 0xb4000072c82512e8 : 0(0 size) total buffers - 0(0 size) used buffers - 0/0 (recycle/alloc) - 0/0 (fetch/transfer)
10-17 21:11:28.482 D/AidlBufferPool( 1237): Destruction - bufferpool2 0xb4000072c82512e8 cached: 0/0M, 0/0% in use; allocs: 0, 0% recycled; transfers: 0, 0% unfetched
10-17 21:11:28.482 D/AidlBufferPool( 1237): bufferpool2 0xb4000072c824d6c8 : 0(0 size) total buffers - 0(0 size) used buffers - 24/28 (recycle/alloc) - 5/28 (fetch/transfer)
10-17 21:11:28.758 D/AidlBufferPool(14343): bufferpool2 0xb40000796efa4758 : 0(0 size) total buffers - 0(0 size) used buffers - 577/635 (recycle/alloc) - 137/635 (fetch/transfer)
10-17 21:11:28.758 D/AidlBufferPool(14343): bufferpool2 0xb40000796ef112e8 : 4(29360128 size) total buffers - 4(29360128 size) used buffers - 213/223 (recycle/alloc) - 28/224 (fetch/transfer)
10-17 21:11:28.758 D/AidlBufferPool(14343): bufferpool2 0xb40000796ef26dc8 : 4(29360128 size) total buffers - 4(29360128 size) used buffers - 13/20 (recycle/alloc) - 9/20 (fetch/transfer)
10-17 21:11:28.758 D/AidlBufferPool(14343): bufferpool2 0xb40000796efa24a8 : 0(0 size) total buffers - 0(0 size) used buffers - 42/58 (recycle/alloc) - 25/58 (fetch/transfer)
10-17 21:11:28.758 D/AidlBufferPool( 1237): bufferpool2 0xb4000072c824cd88 : 0(0 size) total buffers - 0(0 size) used buffers - 100/108 (recycle/alloc) - 18/108 (fetch/transfer)
10-17 21:11:28.758 D/AidlBufferPool( 1237): Destruction - bufferpool2 0xb4000072c824cd88 cached: 0/0M, 0/0% in use; allocs: 108, 93% recycled; transfers: 108, 83% unfetched
10-17 21:11:28.763 D/AidlBufferPool(14343): bufferpool2 0xb40000796ef31448 : 0(0 size) total buffers - 0(0 size) used buffers - 46/56 (recycle/alloc) - 7/53 (fetch/transfer)
10-17 21:11:28.763 D/AidlBufferPool(14343): Destruction - bufferpool2 0xb40000796ef31448 cached: 0/0M, 0/0% in use; allocs: 56, 82% recycled; transfers: 53, 87% unfetched
10-17 21:11:28.769 D/AidlBufferPool( 1237): bufferpool2 0xb4000072c8250758 : 0(0 size) total buffers - 0(0 size) used buffers - 0/0 (recycle/alloc) - 0/0 (fetch/transfer)
10-17 21:11:28.769 D/AidlBufferPool( 1237): bufferpool2 0xb4000072c824d918 : 4(16384 size) total buffers - 4(16384 size) used buffers - 595/631 (recycle/alloc) - 84/631 (fetch/transfer)
10-17 21:11:28.769 D/AidlBufferPool( 1237): bufferpool2 0xb4000072c8244c08 : 0(0 size) total buffers - 0(0 size) used buffers - 0/0 (recycle/alloc) - 0/0 (fetch/transfer)
10-17 21:11:28.769 D/AidlBufferPool( 1237): bufferpool2 0xb4000072c82553a8 : 3(12288 size) total buffers - 3(12288 size) used buffers - 47/54 (recycle/alloc) - 15/54 (fetch/transfer)
10-17 21:11:28.769 D/AidlBufferPool( 1201): bufferpool2 0xb400007130fdaeb8 : 0(0 size) total buffers - 0(0 size) used buffers - 2/8 (recycle/alloc) - 5/6 (fetch/transfer)
10-17 21:11:28.769 D/AidlBufferPool( 1201): Destruction - bufferpool2 0xb400007130fdaeb8 cached: 0/0M, 0/0% in use; allocs: 8, 25% recycled; transfers: 6, 17% unfetched
10-17 21:11:33.461 D/AidlBufferPool(14343): bufferpool2 0xb40000796ef46cd8 : 0(0 size) total buffers - 0(0 size) used buffers - 15/24 (recycle/alloc) - 7/20 (fetch/transfer)
10-17 21:11:33.485 D/AidlBufferPool( 1237): bufferpool2 0xb4000072c824d6c8 : 0(0 size) total buffers - 0(0 size) used buffers - 24/28 (recycle/alloc) - 5/28 (fetch/transfer)
10-17 21:11:34.464 D/AidlBufferPool(14343): bufferpool2 0xb40000796efa3e18 : 0(0 size) total buffers - 0(0 size) used buffers - 27/37 (recycle/alloc) - 10/32 (fetch/transfer)
10-17 21:11:34.487 D/AidlBufferPool( 1237): bufferpool2 0xb4000072c8258688 : 0(0 size) total buffers - 0(0 size) used buffers - 0/0 (recycle/alloc) - 0/0 (fetch/transfer)
10-17 21:11:35.465 D/AidlBufferPool(14343): bufferpool2 0xb40000796efce5f8 : 5(36700160 size) total buffers - 4(29360128 size) used buffers - 15/20 (recycle/alloc) - 7/20 (fetch/transfer)
10-17 21:11:37.467 D/AidlBufferPool(14343): bufferpool2 0xb40000796efbc4e8 : 5(40960 size) total buffers - 0(0 size) used buffers - 24/29 (recycle/alloc) - 10/29 (fetch/transfer)
10-17 21:11:38.489 D/AidlBufferPool( 1237): bufferpool2 0xb4000072c82512e8 : 4(16384 size) total buffers - 4(16384 size) used buffers - 21/25 (recycle/alloc) - 6/25 (fetch/transfer)
10-17 21:11:44.750 I/GetModelStateManager(11806): (REDACTED) Received %s, fetching model state.
10-17 21:11:44.786 I/HiH_HiHealthNatApi(10612): 1600008300|R|I|taskCt=0 TaskInfo{cTm:2025-10-17 21:11:44:778,method:fetchUserData,param:com.huawei.health.manager.LogicalStepCounter$6@7e557bb}
10-17 21:11:47.914 I/SP      (12096): Syncing emoticon_content_description (2022081613) with slices: [7a635888cb828dfa2fc744b7b9b50f04, 82203eaeaa17c7345d29b18e337a6f27, a5d3cbdf86c9437e5e2eb999943a8600], metadata: false
10-17 21:11:47.945 I/SP      (12096): Syncing content_cache (2024032915) with slices: [74ed8b2e38ec1bc8af70aa63d8ec49de, 8722425f4121ffdea802b1066df73991, fa1da98da1212aad6fb9a8efaff48148], metadata: true
10-17 21:11:51.203 I/ManifestedDataDownloader(12096): ManifestedDataDownloader.download():67 downloading manifest https://www.gstatic.com/android/keyboard/dictionarypack/2025052121/metadata.json-perlang/en-GB.json?v=2025090300
10-17 21:11:51.203 I/ManifestedDataDownloader(12096): ManifestedDataDownloader.download():67 downloading manifest https://www.gstatic.com/android/keyboard/dictionarypack/2025052121/metadata.json-perlang/tr.json?v=2025090300
10-17 21:11:51.203 I/ManifestedDataDownloader(12096): ManifestedDataDownloader.download():67 downloading manifest https://www.gstatic.com/android/keyboard/dictionarypack/2025052121/metadata.json-perlang/tr.json?v=2025090300
10-17 21:11:51.203 I/SP      (12096): Registering spell_checker.2023080700, url: https://www.gstatic.com/android/keyboard/spell_checker/prod/2023080700/metadata_cpu_2023080700.json, constraints: m:*:*:*, flags: bg, requested: 2023080700, current: 2023080700
10-17 21:11:51.203 I/ManifestedDataDownloader(12096): ManifestedDataDownloader.download():67 downloading manifest https://www.gstatic.com/android/keyboard/dictionarypack/2025052121/metadata.json-perlang/en-GB.json?v=2025090300
10-17 21:11:51.206 I/SP      (12096): Syncing emoticon_content_description (2022081613) with slices: [7a635888cb828dfa2fc744b7b9b50f04, 82203eaeaa17c7345d29b18e337a6f27, a5d3cbdf86c9437e5e2eb999943a8600], metadata: false
10-17 21:11:51.229 I/SP      (12096): Syncing content_cache (2024032915) with slices: [74ed8b2e38ec1bc8af70aa63d8ec49de, 8722425f4121ffdea802b1066df73991, fa1da98da1212aad6fb9a8efaff48148], metadata: true
10-17 21:11:51.230 I/SuperDelight(12096): SuperDelightBundledSlicingStrategy.getSlices():67 BundledSlicing#getSlices(): result {slices=[bundled_delight:main_en_us_2025051500_2], last batch=true, sync metadata=false}
10-17 21:11:51.230 I/SP      (12096): Syncing bundled_delight (2025072800) with slices: [main_en_us_2025051500_2], metadata: false
10-17 21:11:51.231 I/SP      (12096): Syncing spell_checker (2023080700) with slices: [{en_cpu_272adaa02e4841a0e8fe0d7f95b77421, W:b:*:*, bg}], metadata: false
10-17 21:12:05.106 D/GoogleBatteryDataSource( 2155): fetchDwellDefendStatus: CONNECTED
10-17 21:12:05.106 D/GoogleBatteryDataSource( 2155): fetchTempDefendStatus: t_sum=0, time_sum=0 t_avg=0 lst_v=0 lst_t=0 lst_u=0, dt=1746570, t=0 e=1
10-17 21:12:12.414 D/AidlBufferPool( 1237): bufferpool2 0xb4000072c8250758 : 0(0 size) total buffers - 0(0 size) used buffers - 0/0 (recycle/alloc) - 0/0 (fetch/transfer)
10-17 21:12:12.414 D/AidlBufferPool( 1237): bufferpool2 0xb4000072c824d918 : 4(16384 size) total buffers - 4(16384 size) used buffers - 595/631 (recycle/alloc) - 84/631 (fetch/transfer)
10-17 21:12:12.414 D/AidlBufferPool( 1237): bufferpool2 0xb4000072c8244c08 : 0(0 size) total buffers - 0(0 size) used buffers - 0/0 (recycle/alloc) - 0/0 (fetch/transfer)
10-17 21:12:12.414 D/AidlBufferPool( 1237): bufferpool2 0xb4000072c82553a8 : 3(12288 size) total buffers - 3(12288 size) used buffers - 47/54 (recycle/alloc) - 15/54 (fetch/transfer)
10-17 21:12:12.414 D/AidlBufferPool( 1237): bufferpool2 0xb4000072c8258688 : 0(0 size) total buffers - 0(0 size) used buffers - 0/0 (recycle/alloc) - 0/0 (fetch/transfer)
10-17 21:12:12.414 D/AidlBufferPool( 1237): bufferpool2 0xb4000072c82512e8 : 4(16384 size) total buffers - 4(16384 size) used buffers - 21/25 (recycle/alloc) - 6/25 (fetch/transfer)
10-17 21:12:12.414 D/AidlBufferPool(14343): bufferpool2 0xb40000796efa3e18 : 0(0 size) total buffers - 0(0 size) used buffers - 27/37 (recycle/alloc) - 10/32 (fetch/transfer)
10-17 21:12:12.415 D/AidlBufferPool(14343): Destruction - bufferpool2 0xb40000796efa3e18 cached: 0/0M, 0/0% in use; allocs: 37, 73% recycled; transfers: 32, 69% unfetched
10-17 21:12:12.424 D/AidlBufferPool( 1201): bufferpool2 0xb400007130fbb8e8 : 0(0 size) total buffers - 0(0 size) used buffers - 0/1135 (recycle/alloc) - 1100/1321 (fetch/transfer)
10-17 21:12:12.424 D/AidlBufferPool( 1237): bufferpool2 0xb4000072c824a888 : 0(0 size) total buffers - 0(0 size) used buffers - 0/4 (recycle/alloc) - 4/4 (fetch/transfer)
10-17 21:12:12.424 D/AidlBufferPool( 1237): Destruction - bufferpool2 0xb4000072c824a888 cached: 0/0M, 0/0% in use; allocs: 4, 0% recycled; transfers: 4, 0% unfetched
10-17 21:12:17.416 D/AidlBufferPool( 1237): bufferpool2 0xb4000072c824a638 : 0(0 size) total buffers - 0(0 size) used buffers - 0/0 (recycle/alloc) - 0/0 (fetch/transfer)
10-17 21:12:18.710 D/AidlBufferPool( 1237): bufferpool2 0xb4000072c8250758 : 0(0 size) total buffers - 0(0 size) used buffers - 0/0 (recycle/alloc) - 0/0 (fetch/transfer)
10-17 21:12:18.710 D/AidlBufferPool( 1237): bufferpool2 0xb4000072c824d918 : 4(16384 size) total buffers - 4(16384 size) used buffers - 595/631 (recycle/alloc) - 84/631 (fetch/transfer)
10-17 21:12:18.710 D/AidlBufferPool( 1237): bufferpool2 0xb4000072c8244c08 : 0(0 size) total buffers - 0(0 size) used buffers - 0/0 (recycle/alloc) - 0/0 (fetch/transfer)
10-17 21:12:18.710 D/AidlBufferPool( 1237): bufferpool2 0xb4000072c82553a8 : 3(12288 size) total buffers - 3(12288 size) used buffers - 47/54 (recycle/alloc) - 15/54 (fetch/transfer)
10-17 21:12:18.710 D/AidlBufferPool( 1237): bufferpool2 0xb4000072c8258688 : 0(0 size) total buffers - 0(0 size) used buffers - 0/0 (recycle/alloc) - 0/0 (fetch/transfer)
10-17 21:12:18.710 D/AidlBufferPool( 1237): bufferpool2 0xb4000072c82512e8 : 4(16384 size) total buffers - 4(16384 size) used buffers - 21/25 (recycle/alloc) - 6/25 (fetch/transfer)
10-17 21:12:18.710 D/AidlBufferPool( 1237): bufferpool2 0xb4000072c824a888 : 4(32768 size) total buffers - 0(0 size) used buffers - 47/51 (recycle/alloc) - 4/51 (fetch/transfer)
10-17 21:12:18.712 D/AidlBufferPool(14343): bufferpool2 0xb40000796efbc4e8 : 0(0 size) total buffers - 0(0 size) used buffers - 24/29 (recycle/alloc) - 10/29 (fetch/transfer)
10-17 21:12:18.723 D/AidlBufferPool( 1201): bufferpool2 0xb400007130fbb8e8 : 0(0 size) total buffers - 0(0 size) used buffers - 0/1135 (recycle/alloc) - 1100/1321 (fetch/transfer)
10-17 21:12:18.723 D/AidlBufferPool( 1201): bufferpool2 0xb400007130fb3768 : 8(65536 size) total buffers - 4(32768 size) used buffers - 49/57 (recycle/alloc) - 8/53 (fetch/transfer)
10-17 21:12:18.762 D/AidlBufferPool( 1237): Destruction - bufferpool2 0xb4000072c824a638 cached: 0/0M, 0/0% in use; allocs: 0, 0% recycled; transfers: 0, 0% unfetched
10-17 21:12:23.338 D/AidlBufferPool( 1237): Destruction - bufferpool2 0xb4000072c82527b8 cached: 0/0M, 0/0% in use; allocs: 0, 0% recycled; transfers: 0, 0% unfetched
10-17 21:12:23.714 D/AidlBufferPool(14343): bufferpool2 0xb40000796efbc4e8 : 0(0 size) total buffers - 0(0 size) used buffers - 24/29 (recycle/alloc) - 10/29 (fetch/transfer)
10-17 21:12:24.418 D/AidlBufferPool( 1237): bufferpool2 0xb4000072c824a888 : 0(0 size) total buffers - 0(0 size) used buffers - 47/51 (recycle/alloc) - 4/51 (fetch/transfer)
10-17 21:12:24.428 D/AidlBufferPool( 1201): bufferpool2 0xb400007130fb3768 : 0(0 size) total buffers - 0(0 size) used buffers - 49/57 (recycle/alloc) - 8/53 (fetch/transfer)
10-17 21:12:28.421 D/AidlBufferPool( 1237): bufferpool2 0xb4000072c824ddb8 : 0(0 size) total buffers - 0(0 size) used buffers - 0/0 (recycle/alloc) - 0/0 (fetch/transfer)
10-17 21:12:28.422 D/AidlBufferPool( 1237): bufferpool2 0xb4000072c82449b8 : 4(8192 size) total buffers - 0(0 size) used buffers - 0/4 (recycle/alloc) - 4/4 (fetch/transfer)
10-17 21:12:28.422 D/AidlBufferPool( 1237): bufferpool2 0xb4000072c82563d8 : 0(0 size) total buffers - 0(0 size) used buffers - 47/51 (recycle/alloc) - 4/51 (fetch/transfer)
10-17 21:12:28.431 D/AidlBufferPool( 1201): bufferpool2 0xb400007130fbcb68 : 0(0 size) total buffers - 0(0 size) used buffers - 49/57 (recycle/alloc) - 8/53 (fetch/transfer)
10-17 21:12:28.431 D/AidlBufferPool( 1201): bufferpool2 0xb400007130fd7988 : 6(49152 size) total buffers - 4(32768 size) used buffers - 2/8 (recycle/alloc) - 5/6 (fetch/transfer)
10-17 21:12:33.348 D/AidlBufferPool( 1237): Destruction - bufferpool2 0xb4000072c824ddb8 cached: 0/0M, 0/0% in use; allocs: 0, 0% recycled; transfers: 0, 0% unfetched
10-17 21:12:38.348 D/AidlBufferPool( 1201): bufferpool2 0xb400007130fd7988 : 0(0 size) total buffers - 0(0 size) used buffers - 2/8 (recycle/alloc) - 5/6 (fetch/transfer)
10-17 21:12:38.350 D/AidlBufferPool( 1237): bufferpool2 0xb4000072c82449b8 : 0(0 size) total buffers - 0(0 size) used buffers - 0/4 (recycle/alloc) - 4/4 (fetch/transfer)
10-17 21:14:01.829 D/GoogleBatteryDataSource( 2155): fetchDwellDefendStatus: CONNECTED
10-17 21:14:01.830 D/GoogleBatteryDataSource( 2155): fetchTempDefendStatus: t_sum=0, time_sum=0 t_avg=0 lst_v=0 lst_t=0 lst_u=0, dt=1746570, t=0 e=1
10-17 21:14:14.516 D/AidlBufferPool( 1237): bufferpool2 0xb4000072c824fe18 : 0(0 size) total buffers - 0(0 size) used buffers - 90/93 (recycle/alloc) - 3/92 (fetch/transfer)
10-17 21:14:14.516 D/AidlBufferPool( 1237): Destruction - bufferpool2 0xb4000072c824fe18 cached: 0/0M, 0/0% in use; allocs: 93, 97% recycled; transfers: 92, 97% unfetched
10-17 21:14:53.061 D/GoogleBatteryDataSource( 2155): fetchDwellDefendStatus: CONNECTED
10-17 21:14:53.064 D/GoogleBatteryDataSource( 2155): fetchTempDefendStatus: t_sum=0, time_sum=0 t_avg=0 lst_v=0 lst_t=0 lst_u=0, dt=1746570, t=0 e=1
10-17 21:14:59.184 E/bluetooth(22834): system/gd/os/linux_generic/files.cc:223 FileCreatedTime: unable to read '/data/misc/bluetooth/logs/btsnooz_hci.log' file metadata, error: No such file or directory
10-17 21:15:02.377 I/RemoteProvisionSysSvc( 1508): Successfully fetched key for client 244234241
10-17 21:16:29.233 D/GoogleBatteryDataSource( 2155): fetchDwellDefendStatus: CONNECTED
10-17 21:16:29.233 D/GoogleBatteryDataSource( 2155): fetchTempDefendStatus: t_sum=0, time_sum=0 t_avg=0 lst_v=0 lst_t=0 lst_u=0, dt=1746570, t=0 e=1
10-17 21:16:29.585 I/RemoteProvisionSysSvc( 1508): Successfully fetched key for client 165211415
10-17 21:16:45.539 I/RemoteProvisionSysSvc( 1508): Successfully fetched key for client 30248705
10-17 21:18:03.511 D/GoogleBatteryDataSource( 2155): fetchDwellDefendStatus: CONNECTED
10-17 21:18:03.513 D/GoogleBatteryDataSource( 2155): fetchTempDefendStatus: t_sum=0, time_sum=0 t_avg=0 lst_v=0 lst_t=0 lst_u=0, dt=1746570, t=0 e=1
10-17 21:18:03.969 I/RemoteProvisionSysSvc( 1508): Successfully fetched key for client 239773730
10-17 21:18:43.957 I/HiH_HiHealthNatApi(10612): 1600008300|R|I|taskCt=0 TaskInfo{cTm:2025-10-17 21:18:43:957,method:fetchUserData,param:com.huawei.health.manager.LogicalStepCounter$6@821b775}
10-17 21:19:00.345 I/RemoteProvisionSysSvc( 1508): Successfully fetched key for client 244503517
10-17 21:19:15.984 D/AOC     ( 1262): F1:MSG: hotword_input_processor.cc, 1469: MDA_LOG: fetch hotword_buffer_timestamp_ -> 0
10-17 21:19:39.740 D/GoogleBatteryDataSource( 2155): fetchDwellDefendStatus: CONNECTED
10-17 21:19:39.743 D/GoogleBatteryDataSource( 2155): fetchTempDefendStatus: t_sum=0, time_sum=0 t_avg=0 lst_v=0 lst_t=0 lst_u=0, dt=1746570, t=0 e=1
10-17 21:19:40.133 I/RemoteProvisionSysSvc( 1508): Successfully fetched key for client 257996263
10-17 21:19:49.192 I/HiH_HiHealthNatApi(10612): 1600008300|R|I|taskCt=0 TaskInfo{cTm:2025-10-17 21:19:49:191,method:fetchUserData,param:com.huawei.health.manager.LogicalStepCounter$6@947452f}
10-17 21:19:49.312 I/R_NotifiContProvUt(10612): 1600008300|R|I|fetch liveInfo cloud switch state,onResponse errorCode:-1,state in cloud:null
10-17 21:19:49.312 I/R_NotifiContProvUt(10612): 1600008300|R|I|fetch liveInfo cloud switch state cost time: 23
10-17 21:19:49.318 I/HiH_HiHealthNatApi(10429): 1600008300|R|I|taskCt=0 TaskInfo{cTm:2025-10-17 21:19:49:318,method:fetchUserData,param:com.huawei.login.ui.login.LoginInit$12@b362de2}
10-17 21:19:50.057 I/HiH_HiHealthNatApi(10612): 1600008300|R|I|taskCt=0 TaskInfo{cTm:2025-10-17 21:19:50:057,method:fetchUserData,param:com.huawei.health.manager.LogicalStepCounter$6@c504bcc}
10-17 21:20:54.037 E/FirebaseSessions(21161): Error failed to fetch the remote configs: Unable to resolve host "firebase-settings.crashlytics.com": No address associated with hostname
10-17 21:20:54.042 I/PhenotypeResourceReader(25454): unable to find any Phenotype resource metadata for com.inomera.sm
10-17 21:21:00.403 I/RemoteProvisionSysSvc( 1508): Successfully fetched key for client 190178952
10-17 21:21:42.297 I/GetModelStateManager(11806): (REDACTED) Received %s, fetching model state.
10-17 21:21:42.301 I/HiH_HiHealthNatApi(10612): 1600008300|R|I|taskCt=0 TaskInfo{cTm:2025-10-17 21:21:42:298,method:fetchUserData,param:com.huawei.health.manager.LogicalStepCounter$6@38872aa}
10-17 21:21:45.755 I/SystemLPSourceImpl(15035): Parsed system partition LanguagePack metadata file: /product/usr/srec/en-US/metadata
10-17 21:21:45.764 I/SystemLPSourceImpl(15035): Parsed system partition LanguagePack metadata file: /product/usr/srec/en-US/metadata
10-17 21:21:45.765 I/SystemLPSourceImpl(15035): Parsed system partition LanguagePack metadata file: /product/usr/srec/en-US/metadata
10-17 21:21:48.157 D/AidlBufferPool( 1237): bufferpool2 0xb4000072c8250758 : 0(0 size) total buffers - 0(0 size) used buffers - 0/0 (recycle/alloc) - 0/0 (fetch/transfer)
10-17 21:21:48.157 D/AidlBufferPool( 1237): bufferpool2 0xb4000072c824d918 : 4(16384 size) total buffers - 4(16384 size) used buffers - 595/631 (recycle/alloc) - 84/631 (fetch/transfer)
10-17 21:21:48.157 D/AidlBufferPool( 1237): bufferpool2 0xb4000072c8244c08 : 0(0 size) total buffers - 0(0 size) used buffers - 0/0 (recycle/alloc) - 0/0 (fetch/transfer)
10-17 21:21:48.157 D/AidlBufferPool( 1237): bufferpool2 0xb4000072c82553a8 : 3(12288 size) total buffers - 3(12288 size) used buffers - 47/54 (recycle/alloc) - 15/54 (fetch/transfer)
10-17 21:21:48.157 D/AidlBufferPool( 1237): bufferpool2 0xb4000072c8258688 : 0(0 size) total buffers - 0(0 size) used buffers - 0/0 (recycle/alloc) - 0/0 (fetch/transfer)
10-17 21:21:48.157 D/AidlBufferPool( 1237): bufferpool2 0xb4000072c82512e8 : 4(16384 size) total buffers - 4(16384 size) used buffers - 21/25 (recycle/alloc) - 6/25 (fetch/transfer)
10-17 21:21:48.157 D/AidlBufferPool( 1201): bufferpool2 0xb400007130fd7988 : 0(0 size) total buffers - 0(0 size) used buffers - 2/8 (recycle/alloc) - 5/6 (fetch/transfer)
10-17 21:21:48.157 D/AidlBufferPool( 1201): bufferpool2 0xb400007130fb3768 : 0(0 size) total buffers - 0(0 size) used buffers - 49/57 (recycle/alloc) - 8/53 (fetch/transfer)
10-17 21:21:48.157 D/AidlBufferPool( 1201): Destruction - bufferpool2 0xb400007130fb3768 cached: 0/0M, 0/0% in use; allocs: 57, 86% recycled; transfers: 53, 85% unfetched
10-17 21:21:48.157 D/AidlBufferPool( 1201): Destruction - bufferpool2 0xb400007130fd7988 cached: 0/0M, 0/0% in use; allocs: 8, 25% recycled; transfers: 6, 17% unfetched
10-17 21:21:48.158 D/AidlBufferPool( 1201): bufferpool2 0xb400007130fbcb68 : 0(0 size) total buffers - 0(0 size) used buffers - 49/57 (recycle/alloc) - 8/53 (fetch/transfer)
10-17 21:21:48.158 D/AidlBufferPool( 1201): Destruction - bufferpool2 0xb400007130fbcb68 cached: 0/0M, 0/0% in use; allocs: 57, 86% recycled; transfers: 53, 85% unfetched
10-17 21:21:48.246 D/AidlBufferPool( 1237): Destruction - bufferpool2 0xb4000072c82527b8 cached: 0/0M, 0/0% in use; allocs: 0, 0% recycled; transfers: 0, 0% unfetched
10-17 21:21:51.498 I/DelightDataFileManagerLanguageModelProvider(12096): DelightDataFileManagerLanguageModelProvider.fetchLanguageModel():79 find data tr delight
10-17 21:21:51.504 I/DelightDataFileManagerLanguageModelProvider(12096): DelightDataFileManagerLanguageModelProvider.fetchLanguageModel():79 find data en-GB mdd
10-17 21:21:51.509 I/ManifestedDataDownloader(12096): ManifestedDataDownloader.download():67 downloading manifest https://www.gstatic.com/android/keyboard/dictionarypack/2025052121/metadata.json-perlang/en-GB.json?v=2025090300
10-17 21:21:51.511 I/ManifestedDataDownloader(12096): ManifestedDataDownloader.download():67 downloading manifest https://www.gstatic.com/android/keyboard/dictionarypack/2025052121/metadata.json-perlang/tr.json?v=2025090300
10-17 21:21:51.512 I/SuperDelight(12096): SuperDelightBundledSlicingStrategy.getSlices():67 BundledSlicing#getSlices(): result {slices=[bundled_delight:main_en_us_2025051500_2], last batch=true, sync metadata=false}
10-17 21:21:51.516 I/SP      (12096): Syncing bundled_delight (2025072800) with slices: [main_en_us_2025051500_2], metadata: false
10-17 21:21:53.179 D/AidlBufferPool(20605): bufferpool2 0xb40000796ef02018 : 0(0 size) total buffers - 0(0 size) used buffers - 1/7 (recycle/alloc) - 6/190 (fetch/transfer)
10-17 21:21:54.162 D/AidlBufferPool( 1237): bufferpool2 0xb4000072c824fe18 : 0(0 size) total buffers - 0(0 size) used buffers - 91/93 (recycle/alloc) - 2/92 (fetch/transfer)
10-17 21:21:54.439 D/AidlBufferPool( 1237): bufferpool2 0xb4000072c8250758 : 0(0 size) total buffers - 0(0 size) used buffers - 0/0 (recycle/alloc) - 0/0 (fetch/transfer)
10-17 21:21:54.439 D/AidlBufferPool( 1237): bufferpool2 0xb4000072c824d918 : 4(16384 size) total buffers - 4(16384 size) used buffers - 595/631 (recycle/alloc) - 84/631 (fetch/transfer)
10-17 21:21:54.439 D/AidlBufferPool( 1237): bufferpool2 0xb4000072c8244c08 : 0(0 size) total buffers - 0(0 size) used buffers - 0/0 (recycle/alloc) - 0/0 (fetch/transfer)
10-17 21:21:54.439 D/AidlBufferPool( 1237): bufferpool2 0xb4000072c82553a8 : 3(12288 size) total buffers - 3(12288 size) used buffers - 47/54 (recycle/alloc) - 15/54 (fetch/transfer)
10-17 21:21:54.439 D/AidlBufferPool( 1237): bufferpool2 0xb4000072c8258688 : 0(0 size) total buffers - 0(0 size) used buffers - 0/0 (recycle/alloc) - 0/0 (fetch/transfer)
10-17 21:21:54.439 D/AidlBufferPool( 1237): bufferpool2 0xb4000072c82512e8 : 4(16384 size) total buffers - 4(16384 size) used buffers - 21/25 (recycle/alloc) - 6/25 (fetch/transfer)
10-17 21:21:54.440 D/AidlBufferPool(20605): Destruction - bufferpool2 0xb40000796ef02018 cached: 0/0M, 0/0% in use; allocs: 7, 14% recycled; transfers: 190, 97% unfetched
10-17 21:21:54.456 D/AidlBufferPool( 1201): bufferpool2 0xb400007130fbb8e8 : 0(0 size) total buffers - 0(0 size) used buffers - 0/1135 (recycle/alloc) - 1100/1321 (fetch/transfer)
10-17 21:21:54.457 D/AidlBufferPool( 1237): bufferpool2 0xb4000072c824a888 : 0(0 size) total buffers - 0(0 size) used buffers - 47/51 (recycle/alloc) - 4/51 (fetch/transfer)
10-17 21:21:54.457 D/AidlBufferPool( 1237): Destruction - bufferpool2 0xb4000072c824a888 cached: 0/0M, 0/0% in use; allocs: 51, 92% recycled; transfers: 51, 92% unfetched
10-17 21:21:54.457 D/AidlBufferPool( 1237): bufferpool2 0xb4000072c82563d8 : 0(0 size) total buffers - 0(0 size) used buffers - 47/51 (recycle/alloc) - 4/51 (fetch/transfer)
10-17 21:21:54.457 D/AidlBufferPool( 1237): Destruction - bufferpool2 0xb4000072c82563d8 cached: 0/0M, 0/0% in use; allocs: 51, 92% recycled; transfers: 51, 92% unfetched
10-17 21:21:54.457 D/AidlBufferPool( 1237): bufferpool2 0xb4000072c82449b8 : 0(0 size) total buffers - 0(0 size) used buffers - 0/4 (recycle/alloc) - 4/4 (fetch/transfer)
10-17 21:21:54.457 D/AidlBufferPool( 1237): Destruction - bufferpool2 0xb4000072c82449b8 cached: 0/0M, 0/0% in use; allocs: 4, 0% recycled; transfers: 4, 0% unfetched
10-17 21:21:58.012 D/AidlBufferPool( 1237): Destruction - bufferpool2 0xb4000072c8248828 cached: 0/0M, 0/0% in use; allocs: 0, 0% recycled; transfers: 0, 0% unfetched
10-17 21:22:03.168 D/AidlBufferPool( 1237): bufferpool2 0xb4000072c824d478 : 4(8192 size) total buffers - 0(0 size) used buffers - 0/4 (recycle/alloc) - 4/4 (fetch/transfer)
10-17 21:22:03.169 D/AidlBufferPool( 1237): bufferpool2 0xb4000072c824a888 : 0(0 size) total buffers - 0(0 size) used buffers - 47/51 (recycle/alloc) - 4/51 (fetch/transfer)
10-17 21:22:03.169 D/AidlBufferPool( 1237): bufferpool2 0xb4000072c82563d8 : 0(0 size) total buffers - 0(0 size) used buffers - 0/0 (recycle/alloc) - 0/0 (fetch/transfer)
10-17 21:22:03.460 D/AidlBufferPool( 1201): bufferpool2 0xb400007130fc02e8 : 0(0 size) total buffers - 0(0 size) used buffers - 48/56 (recycle/alloc) - 8/53 (fetch/transfer)
10-17 21:22:03.460 D/AidlBufferPool( 1201): bufferpool2 0xb400007130fd7298 : 5(40960 size) total buffers - 4(32768 size) used buffers - 2/7 (recycle/alloc) - 5/6 (fetch/transfer)
10-17 21:22:05.090 D/GoogleBatteryDataSource( 2155): fetchDwellDefendStatus: CONNECTED
10-17 21:22:05.090 D/GoogleBatteryDataSource( 2155): fetchTempDefendStatus: t_sum=0, time_sum=0 t_avg=0 lst_v=0 lst_t=0 lst_u=0, dt=1746570, t=0 e=1
10-17 21:22:08.015 D/AidlBufferPool( 1237): Destruction - bufferpool2 0xb4000072c82563d8 cached: 0/0M, 0/0% in use; allocs: 0, 0% recycled; transfers: 0, 0% unfetched
10-17 21:22:08.303 D/AidlBufferPool( 1237): bufferpool2 0xb4000072c8250758 : 0(0 size) total buffers - 0(0 size) used buffers - 0/0 (recycle/alloc) - 0/0 (fetch/transfer)
10-17 21:22:08.303 D/AidlBufferPool( 1237): bufferpool2 0xb4000072c824d918 : 4(16384 size) total buffers - 4(16384 size) used buffers - 595/631 (recycle/alloc) - 84/631 (fetch/transfer)
10-17 21:22:08.303 D/AidlBufferPool( 1237): bufferpool2 0xb4000072c8244c08 : 0(0 size) total buffers - 0(0 size) used buffers - 0/0 (recycle/alloc) - 0/0 (fetch/transfer)
10-17 21:22:08.303 D/AidlBufferPool( 1237): bufferpool2 0xb4000072c82553a8 : 3(12288 size) total buffers - 3(12288 size) used buffers - 47/54 (recycle/alloc) - 15/54 (fetch/transfer)
10-17 21:22:08.303 D/AidlBufferPool( 1237): bufferpool2 0xb4000072c8258688 : 0(0 size) total buffers - 0(0 size) used buffers - 0/0 (recycle/alloc) - 0/0 (fetch/transfer)
10-17 21:22:08.303 D/AidlBufferPool( 1237): bufferpool2 0xb4000072c82512e8 : 4(16384 size) total buffers - 4(16384 size) used buffers - 21/25 (recycle/alloc) - 6/25 (fetch/transfer)
10-17 21:22:08.304 D/AidlBufferPool( 1201): Destruction - bufferpool2 0xb400007130fc02e8 cached: 0/0M, 0/0% in use; allocs: 56, 86% recycled; transfers: 53, 85% unfetched
10-17 21:22:08.320 D/AidlBufferPool( 1201): bufferpool2 0xb400007130fbb8e8 : 0(0 size) total buffers - 0(0 size) used buffers - 0/1135 (recycle/alloc) - 1100/1321 (fetch/transfer)
10-17 21:22:08.321 D/AidlBufferPool( 1237): bufferpool2 0xb4000072c824a888 : 0(0 size) total buffers - 0(0 size) used buffers - 47/51 (recycle/alloc) - 4/51 (fetch/transfer)
10-17 21:22:08.321 D/AidlBufferPool( 1237): Destruction - bufferpool2 0xb4000072c824a888 cached: 0/0M, 0/0% in use; allocs: 51, 92% recycled; transfers: 51, 92% unfetched
10-17 21:22:13.018 D/AidlBufferPool( 1201): bufferpool2 0xb400007130fd7298 : 0(0 size) total buffers - 0(0 size) used buffers - 2/7 (recycle/alloc) - 5/6 (fetch/transfer)
10-17 21:22:13.021 D/AidlBufferPool( 1237): bufferpool2 0xb4000072c824d478 : 0(0 size) total buffers - 0(0 size) used buffers - 0/4 (recycle/alloc) - 4/4 (fetch/transfer)
10-17 21:22:14.019 D/AidlBufferPool( 1201): bufferpool2 0xb400007130fc02e8 : 6(49152 size) total buffers - 4(32768 size) used buffers - 2/8 (recycle/alloc) - 5/6 (fetch/transfer)
10-17 21:22:14.021 D/AidlBufferPool( 1237): bufferpool2 0xb4000072c824a888 : 4(8192 size) total buffers - 0(0 size) used buffers - 0/4 (recycle/alloc) - 4/4 (fetch/transfer)
10-17 21:22:14.021 D/AidlBufferPool( 1237): bufferpool2 0xb4000072c82563d8 : 0(0 size) total buffers - 0(0 size) used buffers - 0/0 (recycle/alloc) - 0/0 (fetch/transfer)
10-17 21:22:18.377 D/AidlBufferPool( 1237): Destruction - bufferpool2 0xb4000072c82563d8 cached: 0/0M, 0/0% in use; allocs: 0, 0% recycled; transfers: 0, 0% unfetched
10-17 21:22:23.382 D/AidlBufferPool( 1237): bufferpool2 0xb4000072c824a888 : 0(0 size) total buffers - 0(0 size) used buffers - 0/4 (recycle/alloc) - 4/4 (fetch/transfer)
10-17 21:22:23.383 D/AidlBufferPool( 1201): bufferpool2 0xb400007130fc02e8 : 0(0 size) total buffers - 0(0 size) used buffers - 2/8 (recycle/alloc) - 5/6 (fetch/transfer)
10-17 21:23:49.576 D/GoogleBatteryDataSource( 2155): fetchDwellDefendStatus: CONNECTED
10-17 21:23:49.576 D/GoogleBatteryDataSource( 2155): fetchTempDefendStatus: t_sum=0, time_sum=0 t_avg=0 lst_v=0 lst_t=0 lst_u=0, dt=1746570, t=0 e=1
10-17 21:24:40.826 D/GoogleBatteryDataSource( 2155): fetchDwellDefendStatus: CONNECTED
10-17 21:24:40.831 D/GoogleBatteryDataSource( 2155): fetchTempDefendStatus: t_sum=0, time_sum=0 t_avg=0 lst_v=0 lst_t=0 lst_u=0, dt=1746570, t=0 e=1
10-17 21:26:17.078 D/GoogleBatteryDataSource( 2155): fetchDwellDefendStatus: CONNECTED
10-17 21:26:17.079 D/GoogleBatteryDataSource( 2155): fetchTempDefendStatus: t_sum=0, time_sum=0 t_avg=0 lst_v=0 lst_t=0 lst_u=0, dt=1746570, t=0 e=1
10-17 21:27:28.559 I/GetModelStateManager(11806): (REDACTED) Received %s, fetching model state.
10-17 21:27:28.576 I/HiH_HiHealthNatApi(10612): 1600008300|R|I|taskCt=0 TaskInfo{cTm:2025-10-17 21:27:28:576,method:fetchUserData,param:com.huawei.health.manager.LogicalStepCounter$6@4baacce}
10-17 21:27:29.724 I/PhenotypeResourceReader(25454): unable to find any Phenotype resource metadata for com.google.android.apps.retaildemo.preload
10-17 21:27:30.017 I/PhenotypeResourceReader(25454): unable to find any Phenotype resource metadata for com.google.android.onetimeinitializer
10-17 21:27:30.056 I/PhenotypeResourceReader(25454): unable to find any Phenotype resource metadata for com.google.euiccpixel
10-17 21:27:31.237 I/PhenotypeResourceReader(25454): unable to find any Phenotype resource metadata for com.google.android.modulemetadata
10-17 21:27:31.563 I/PhenotypeResourceReader(25454): unable to find any Phenotype resource metadata for com.google.android.gsf
10-17 21:27:31.577 I/PhenotypeResourceReader(25454): unable to find any Phenotype resource metadata for com.google.android.tag
10-17 21:27:31.647 I/PhenotypeResourceReader(25454): unable to find any Phenotype resource metadata for com.google.android.apps.nexuslauncher
10-17 21:27:31.665 I/PhenotypeResourceReader(25454): unable to find any Phenotype resource metadata for com.google.android.feedback
10-17 21:27:31.805 I/PhenotypeResourceReader(25454): unable to find any Phenotype resource metadata for com.google.android.apps.internal.betterbug
10-17 21:27:31.911 I/PhenotypeResourceReader(25454): unable to find any Phenotype resource metadata for com.google.android.gms.supervision
10-17 21:27:31.914 I/PhenotypeResourceReader(25454): unable to find any Phenotype resource metadata for com.android.settings
10-17 21:27:31.918 I/PhenotypeResourceReader(25454): unable to find any Phenotype resource metadata for com.google.android.wfcactivation
10-17 21:27:32.182 I/PhenotypeResourceReader(25454): unable to find any Phenotype resource metadata for com.google.android.apps.wallpaper
10-17 21:27:32.285 I/PhenotypeResourceReader(25454): unable to find any Phenotype resource metadata for com.google.android.gms.location.history
10-17 21:27:32.287 I/PhenotypeResourceReader(25454): unable to find any Phenotype resource metadata for com.android.systemui
10-17 21:27:32.336 I/PhenotypeResourceReader(25454): unable to find any Phenotype resource metadata for com.google.android.retaildemo
10-17 21:27:32.542 I/PhenotypeResourceReader(25454): unable to find any Phenotype resource metadata for com.google.android.storagemanager
10-17 21:27:39.318 I/HeterodyneSyncer(25454): (REDACTED) Sync completed. fetchReason: %s, fetchPackageName: %s, syncErrorType: %s, individual sync errors: %s.
10-17 21:27:41.579 I/HiH_HiHealthNatApi(10612): 1600008300|R|I|taskCt=0 TaskInfo{cTm:2025-10-17 21:27:41:578,method:fetchUserData,param:com.huawei.health.manager.LogicalStepCounter$6@dca7560}
10-17 21:27:41.586 I/GetModelStateManager(11806): (REDACTED) Received %s, fetching model state.
10-17 21:27:52.031 D/AidlBufferPool( 1237): bufferpool2 0xb4000072c8250758 : 0(0 size) total buffers - 0(0 size) used buffers - 0/0 (recycle/alloc) - 0/0 (fetch/transfer)
10-17 21:27:52.031 D/AidlBufferPool( 1237): bufferpool2 0xb4000072c824d918 : 4(16384 size) total buffers - 4(16384 size) used buffers - 595/631 (recycle/alloc) - 84/631 (fetch/transfer)
10-17 21:27:52.031 D/AidlBufferPool( 1237): bufferpool2 0xb4000072c8244c08 : 0(0 size) total buffers - 0(0 size) used buffers - 0/0 (recycle/alloc) - 0/0 (fetch/transfer)
10-17 21:27:52.031 D/AidlBufferPool( 1237): bufferpool2 0xb4000072c82553a8 : 3(12288 size) total buffers - 3(12288 size) used buffers - 47/54 (recycle/alloc) - 15/54 (fetch/transfer)
10-17 21:27:52.031 D/AidlBufferPool( 1237): bufferpool2 0xb4000072c8258688 : 0(0 size) total buffers - 0(0 size) used buffers - 0/0 (recycle/alloc) - 0/0 (fetch/transfer)
10-17 21:27:52.031 D/AidlBufferPool( 1237): bufferpool2 0xb4000072c82512e8 : 4(16384 size) total buffers - 4(16384 size) used buffers - 21/25 (recycle/alloc) - 6/25 (fetch/transfer)
10-17 21:27:52.031 D/AidlBufferPool( 1201): bufferpool2 0xb400007130fd7298 : 0(0 size) total buffers - 0(0 size) used buffers - 2/7 (recycle/alloc) - 5/6 (fetch/transfer)
10-17 21:27:52.031 D/AidlBufferPool( 1201): Destruction - bufferpool2 0xb400007130fd7298 cached: 0/0M, 0/0% in use; allocs: 7, 29% recycled; transfers: 6, 17% unfetched
10-17 21:27:52.032 D/AidlBufferPool( 1201): bufferpool2 0xb400007130fc02e8 : 0(0 size) total buffers - 0(0 size) used buffers - 2/8 (recycle/alloc) - 5/6 (fetch/transfer)
10-17 21:27:52.032 D/AidlBufferPool( 1201): Destruction - bufferpool2 0xb400007130fc02e8 cached: 0/0M, 0/0% in use; allocs: 8, 25% recycled; transfers: 6, 17% unfetched
10-17 21:27:52.040 D/AidlBufferPool( 1201): bufferpool2 0xb400007130fbb8e8 : 0(0 size) total buffers - 0(0 size) used buffers - 0/1135 (recycle/alloc) - 1100/1321 (fetch/transfer)
10-17 21:27:52.041 D/AidlBufferPool( 1237): bufferpool2 0xb4000072c824d478 : 0(0 size) total buffers - 0(0 size) used buffers - 0/4 (recycle/alloc) - 4/4 (fetch/transfer)
10-17 21:27:52.041 D/AidlBufferPool( 1237): bufferpool2 0xb4000072c824a888 : 0(0 size) total buffers - 0(0 size) used buffers - 0/4 (recycle/alloc) - 4/4 (fetch/transfer)
10-17 21:27:52.041 D/AidlBufferPool( 1237): Destruction - bufferpool2 0xb4000072c824d478 cached: 0/0M, 0/0% in use; allocs: 4, 0% recycled; transfers: 4, 0% unfetched
10-17 21:27:52.041 D/AidlBufferPool( 1237): Destruction - bufferpool2 0xb4000072c824a888 cached: 0/0M, 0/0% in use; allocs: 4, 0% recycled; transfers: 4, 0% unfetched
10-17 21:27:56.363 D/AidlBufferPool( 1237): Destruction - bufferpool2 0xb4000072c8248388 cached: 0/0M, 0/0% in use; allocs: 0, 0% recycled; transfers: 0, 0% unfetched
10-17 21:28:02.035 D/AidlBufferPool( 1201): bufferpool2 0xb400007130fcdc48 : 0(0 size) total buffers - 0(0 size) used buffers - 2/7 (recycle/alloc) - 5/6 (fetch/transfer)
10-17 21:28:02.036 D/AidlBufferPool( 1201): bufferpool2 0xb400007130fdfd58 : 5(40960 size) total buffers - 4(32768 size) used buffers - 2/7 (recycle/alloc) - 5/6 (fetch/transfer)
10-17 21:28:02.037 D/AidlBufferPool( 1237): bufferpool2 0xb4000072c824d478 : 0(0 size) total buffers - 0(0 size) used buffers - 0/4 (recycle/alloc) - 4/4 (fetch/transfer)
10-17 21:28:02.037 D/AidlBufferPool( 1237): bufferpool2 0xb4000072c82563d8 : 3(6144 size) total buffers - 0(0 size) used buffers - 1/4 (recycle/alloc) - 3/4 (fetch/transfer)
10-17 21:28:02.037 D/AidlBufferPool( 1237): bufferpool2 0xb4000072c82509a8 : 0(0 size) total buffers - 0(0 size) used buffers - 0/0 (recycle/alloc) - 0/0 (fetch/transfer)
10-17 21:28:03.394 D/AidlBufferPool( 1237): bufferpool2 0xb4000072c8250758 : 0(0 size) total buffers - 0(0 size) used buffers - 0/0 (recycle/alloc) - 0/0 (fetch/transfer)
10-17 21:28:03.394 D/AidlBufferPool( 1237): bufferpool2 0xb4000072c824d918 : 4(16384 size) total buffers - 4(16384 size) used buffers - 595/631 (recycle/alloc) - 84/631 (fetch/transfer)
10-17 21:28:03.394 D/AidlBufferPool( 1237): bufferpool2 0xb4000072c8244c08 : 0(0 size) total buffers - 0(0 size) used buffers - 0/0 (recycle/alloc) - 0/0 (fetch/transfer)
